Archive member included to satisfy reference by file (symbol)

/usr/lib/arm-none-eabi/newlib//libc.a(lib_a-errno.o)
                              syscalls.o (__errno)
/usr/lib/arm-none-eabi/newlib//libc.a(lib_a-impure.o)
                              /usr/lib/arm-none-eabi/newlib//libc.a(lib_a-errno.o) (_impure_ptr)
/usr/lib/arm-none-eabi/newlib//libc.a(lib_a-puts.o)
                              raspGPIO1.o (puts)
/usr/lib/arm-none-eabi/newlib//libc.a(lib_a-strlen.o)
                              /usr/lib/arm-none-eabi/newlib//libc.a(lib_a-puts.o) (strlen)
/usr/lib/arm-none-eabi/newlib//libc.a(lib_a-findfp.o)
                              /usr/lib/arm-none-eabi/newlib//libc.a(lib_a-puts.o) (__sinit)
/usr/lib/arm-none-eabi/newlib//libc.a(lib_a-fvwrite.o)
                              /usr/lib/arm-none-eabi/newlib//libc.a(lib_a-puts.o) (__sfvwrite_r)
/usr/lib/arm-none-eabi/newlib//libc.a(lib_a-fwalk.o)
                              /usr/lib/arm-none-eabi/newlib//libc.a(lib_a-findfp.o) (_fwalk)
/usr/lib/arm-none-eabi/newlib//libc.a(lib_a-mallocr.o)
                              /usr/lib/arm-none-eabi/newlib//libc.a(lib_a-findfp.o) (_malloc_r)
/usr/lib/arm-none-eabi/newlib//libc.a(lib_a-memchr.o)
                              /usr/lib/arm-none-eabi/newlib//libc.a(lib_a-fvwrite.o) (memchr)
/usr/lib/arm-none-eabi/newlib//libc.a(lib_a-memcpy.o)
                              /usr/lib/arm-none-eabi/newlib//libc.a(lib_a-fvwrite.o) (memcpy)
/usr/lib/arm-none-eabi/newlib//libc.a(lib_a-memmove.o)
                              /usr/lib/arm-none-eabi/newlib//libc.a(lib_a-fvwrite.o) (memmove)
/usr/lib/arm-none-eabi/newlib//libc.a(lib_a-memset.o)
                              /usr/lib/arm-none-eabi/newlib//libc.a(lib_a-findfp.o) (memset)
/usr/lib/arm-none-eabi/newlib//libc.a(lib_a-mlock.o)
                              /usr/lib/arm-none-eabi/newlib//libc.a(lib_a-mallocr.o) (__malloc_lock)
/usr/lib/arm-none-eabi/newlib//libc.a(lib_a-reallocr.o)
                              /usr/lib/arm-none-eabi/newlib//libc.a(lib_a-fvwrite.o) (_realloc_r)
/usr/lib/arm-none-eabi/newlib//libc.a(lib_a-sbrkr.o)
                              /usr/lib/arm-none-eabi/newlib//libc.a(lib_a-mallocr.o) (_sbrk_r)
/usr/lib/arm-none-eabi/newlib//libc.a(lib_a-stdio.o)
                              /usr/lib/arm-none-eabi/newlib//libc.a(lib_a-findfp.o) (__sread)
/usr/lib/arm-none-eabi/newlib//libc.a(lib_a-writer.o)
                              /usr/lib/arm-none-eabi/newlib//libc.a(lib_a-stdio.o) (_write_r)
/usr/lib/arm-none-eabi/newlib//libc.a(lib_a-wsetup.o)
                              /usr/lib/arm-none-eabi/newlib//libc.a(lib_a-fvwrite.o) (__swsetup_r)
/usr/lib/arm-none-eabi/newlib//libc.a(lib_a-closer.o)
                              /usr/lib/arm-none-eabi/newlib//libc.a(lib_a-stdio.o) (_close_r)
/usr/lib/arm-none-eabi/newlib//libc.a(lib_a-fclose.o)
                              /usr/lib/arm-none-eabi/newlib//libc.a(lib_a-findfp.o) (_fclose_r)
/usr/lib/arm-none-eabi/newlib//libc.a(lib_a-fflush.o)
                              /usr/lib/arm-none-eabi/newlib//libc.a(lib_a-fclose.o) (__sflush_r)
/usr/lib/arm-none-eabi/newlib//libc.a(lib_a-freer.o)
                              /usr/lib/arm-none-eabi/newlib//libc.a(lib_a-fvwrite.o) (_free_r)
/usr/lib/arm-none-eabi/newlib//libc.a(lib_a-lseekr.o)
                              /usr/lib/arm-none-eabi/newlib//libc.a(lib_a-stdio.o) (_lseek_r)
/usr/lib/arm-none-eabi/newlib//libc.a(lib_a-makebuf.o)
                              /usr/lib/arm-none-eabi/newlib//libc.a(lib_a-wsetup.o) (__smakebuf_r)
/usr/lib/arm-none-eabi/newlib//libc.a(lib_a-readr.o)
                              /usr/lib/arm-none-eabi/newlib//libc.a(lib_a-stdio.o) (_read_r)
/usr/lib/arm-none-eabi/newlib//libc.a(lib_a-reent.o)
                              /usr/lib/arm-none-eabi/newlib//libc.a(lib_a-sbrkr.o) (errno)
/usr/lib/arm-none-eabi/newlib//libc.a(lib_a-fstatr.o)
                              /usr/lib/arm-none-eabi/newlib//libc.a(lib_a-makebuf.o) (_fstat_r)
/usr/lib/arm-none-eabi/newlib//libc.a(lib_a-isattyr.o)
                              /usr/lib/arm-none-eabi/newlib//libc.a(lib_a-makebuf.o) (_isatty_r)
/usr/lib/gcc/arm-none-eabi/4.8.2//libgcc.a(_divsi3.o)
                              /usr/lib/arm-none-eabi/newlib//libc.a(lib_a-fvwrite.o) (__aeabi_idiv)
/usr/lib/gcc/arm-none-eabi/4.8.2//libgcc.a(_dvmd_tls.o)
                              /usr/lib/gcc/arm-none-eabi/4.8.2//libgcc.a(_divsi3.o) (__aeabi_idiv0)

Allocating common symbols
Common symbol       size              file

prev_heap_end       0x4               syscalls.o
errno               0x4               /usr/lib/arm-none-eabi/newlib//libc.a(lib_a-reent.o)

Memory Configuration

Name             Origin             Length             Attributes
ram              0x0000000000008000 0x0000000000078000 xrw
*default*        0x0000000000000000 0xffffffffffffffff

Linker script and memory map

                0x0000000000008000                . = 0x8000

.text           0x0000000000008000     0x3890
 *(.text*)
 .text          0x0000000000008000       0xb0 startup01.o
                0x0000000000008000                _start
                0x0000000000008024                _hangup
                0x0000000000008040                enable_IRQ
                0x0000000000008050                disable_IRQ
                0x0000000000008064                getmode
                0x000000000000806c                _initial_vector_start
                0x00000000000080ac                _initial_vector_end
 .text          0x00000000000080b0       0xc0 startupadd.o
                0x00000000000080b0                interruptDisable
                0x00000000000080c0                interruptEnable
                0x00000000000080d0                readVectorBaseRegister
                0x00000000000080d8                writeVectorBaseRegister
                0x00000000000080e0                writeVectorBaseRegister00
                0x00000000000080f0                setHighVector
                0x0000000000008104                setLowVector
                0x0000000000008118                readSCTLR
                0x0000000000008120                disableInstructionCache
                0x0000000000008138                disableDataCache
                0x0000000000008150                disableMMU
                0x0000000000008164                undefInst
 .text          0x0000000000008170      0x15c mini_serialPi1.o
                0x0000000000008170                m_serialGetChar
                0x0000000000008194                m_serialPutChar
                0x00000000000081d4                m_serialPutStr
                0x0000000000008200                m_serialInit
                0x00000000000082c0                m_Serial_begin
                0x00000000000082c4                noOperation
 .text          0x00000000000082cc      0x164 syscalls.o
                0x00000000000082cc                initialise_monitor_handles
                0x00000000000082d0                _read
                0x00000000000082d8                _lseek
                0x00000000000082e0                _write
                0x0000000000008310                _open
                0x0000000000008320                _close
                0x0000000000008328                _exit
                0x000000000000832c                _kill
                0x0000000000008334                _getpid
                0x000000000000833c                _sbrk
                0x0000000000008370                _fstat
                0x0000000000008378                _stat
                0x0000000000008380                _link
                0x0000000000008388                _unlink
                0x0000000000008390                _raise
                0x0000000000008394                _gettimeofday
                0x00000000000083bc                _times
                0x00000000000083dc                _isatty
                0x00000000000083e4                _system
                0x0000000000008414                _rename
 .text          0x0000000000008430      0x16c led10.o
                0x0000000000008460                ledInit
                0x00000000000084b8                ledTogglePi2
                0x00000000000084e8                ledToggle
                0x0000000000008504                ledTogglePin
                0x0000000000008514                ledOn
                0x0000000000008558                ledOff
 .text          0x000000000000859c      0x1f4 atoix_itoa.o
                0x000000000000859c                atoi0
                0x00000000000085e0                itoa0
                0x0000000000008684                itoaxval0
                0x0000000000008718                putxval0
 .text          0x0000000000008790      0x1e4 main80_0.o
                0x0000000000008790                set_vector_table
                0x0000000000008808                timerIRQ_func
                0x0000000000008854                delay
                0x00000000000088c0                interruptServiceRoutine
                0x0000000000008914                initializeMemory
 .text.startup  0x0000000000008974      0x1a8 main80_0.o
                0x0000000000008974                main
 .text          0x0000000000008b1c      0x288 raspGPIO1.o
                0x0000000000008b1c                delay00
                0x0000000000008b88                gpio_configure
                0x0000000000008bf0                gpio_set
                0x0000000000008c50                gpio_clear
                0x0000000000008cb0                gpio_read
                0x0000000000008d14                ledTogglePi0
                0x0000000000008d38                gpio_configure_pull
 .text          0x0000000000008da4        0x0 /usr/lib/arm-none-eabi/newlib//libc.a(lib_a-errno.o)
 .text.__errno  0x0000000000008da4       0x10 /usr/lib/arm-none-eabi/newlib//libc.a(lib_a-errno.o)
                0x0000000000008da4                __errno
 .text          0x0000000000008db4        0x0 /usr/lib/arm-none-eabi/newlib//libc.a(lib_a-impure.o)
 .text          0x0000000000008db4        0x0 /usr/lib/arm-none-eabi/newlib//libc.a(lib_a-puts.o)
 .text._puts_r  0x0000000000008db4       0xac /usr/lib/arm-none-eabi/newlib//libc.a(lib_a-puts.o)
                0x0000000000008db4                _puts_r
 .text.puts     0x0000000000008e60       0x14 /usr/lib/arm-none-eabi/newlib//libc.a(lib_a-puts.o)
                0x0000000000008e60                puts
 .text          0x0000000000008e74        0x0 /usr/lib/arm-none-eabi/newlib//libc.a(lib_a-strlen.o)
 .text.strlen   0x0000000000008e74       0x60 /usr/lib/arm-none-eabi/newlib//libc.a(lib_a-strlen.o)
                0x0000000000008e74                strlen
 .text          0x0000000000008ed4        0x0 /usr/lib/arm-none-eabi/newlib//libc.a(lib_a-findfp.o)
 .text.__fp_lock
                0x0000000000008ed4        0x8 /usr/lib/arm-none-eabi/newlib//libc.a(lib_a-findfp.o)
 .text.__fp_unlock
                0x0000000000008edc        0x8 /usr/lib/arm-none-eabi/newlib//libc.a(lib_a-findfp.o)
 .text._cleanup_r
                0x0000000000008ee4       0x18 /usr/lib/arm-none-eabi/newlib//libc.a(lib_a-findfp.o)
                0x0000000000008ee4                _cleanup_r
 .text.__sinit.part.1
                0x0000000000008efc      0x160 /usr/lib/arm-none-eabi/newlib//libc.a(lib_a-findfp.o)
 .text.__sfmoreglue
                0x000000000000905c       0x50 /usr/lib/arm-none-eabi/newlib//libc.a(lib_a-findfp.o)
                0x000000000000905c                __sfmoreglue
 .text.__sfp    0x00000000000090ac       0xec /usr/lib/arm-none-eabi/newlib//libc.a(lib_a-findfp.o)
                0x00000000000090ac                __sfp
 .text._cleanup
                0x0000000000009198       0x24 /usr/lib/arm-none-eabi/newlib//libc.a(lib_a-findfp.o)
                0x0000000000009198                _cleanup
 .text.__sinit  0x00000000000091bc       0x10 /usr/lib/arm-none-eabi/newlib//libc.a(lib_a-findfp.o)
                0x00000000000091bc                __sinit
 .text.__sfp_lock_acquire
                0x00000000000091cc        0x4 /usr/lib/arm-none-eabi/newlib//libc.a(lib_a-findfp.o)
                0x00000000000091cc                __sfp_lock_acquire
 .text.__sfp_lock_release
                0x00000000000091d0        0x4 /usr/lib/arm-none-eabi/newlib//libc.a(lib_a-findfp.o)
                0x00000000000091d0                __sfp_lock_release
 .text.__sinit_lock_acquire
                0x00000000000091d4        0x4 /usr/lib/arm-none-eabi/newlib//libc.a(lib_a-findfp.o)
                0x00000000000091d4                __sinit_lock_acquire
 .text.__sinit_lock_release
                0x00000000000091d8        0x4 /usr/lib/arm-none-eabi/newlib//libc.a(lib_a-findfp.o)
                0x00000000000091d8                __sinit_lock_release
 .text.__fp_lock_all
                0x00000000000091dc       0x24 /usr/lib/arm-none-eabi/newlib//libc.a(lib_a-findfp.o)
                0x00000000000091dc                __fp_lock_all
 .text.__fp_unlock_all
                0x0000000000009200       0x24 /usr/lib/arm-none-eabi/newlib//libc.a(lib_a-findfp.o)
                0x0000000000009200                __fp_unlock_all
 .text          0x0000000000009224        0x0 /usr/lib/arm-none-eabi/newlib//libc.a(lib_a-fvwrite.o)
 .text.__sfvwrite_r
                0x0000000000009224      0x4ec /usr/lib/arm-none-eabi/newlib//libc.a(lib_a-fvwrite.o)
                0x0000000000009224                __sfvwrite_r
 .text          0x0000000000009710        0x0 /usr/lib/arm-none-eabi/newlib//libc.a(lib_a-fwalk.o)
 .text._fwalk   0x0000000000009710       0x84 /usr/lib/arm-none-eabi/newlib//libc.a(lib_a-fwalk.o)
                0x0000000000009710                _fwalk
 .text._fwalk_reent
                0x0000000000009794       0x8c /usr/lib/arm-none-eabi/newlib//libc.a(lib_a-fwalk.o)
                0x0000000000009794                _fwalk_reent
 .text          0x0000000000009820        0x0 /usr/lib/arm-none-eabi/newlib//libc.a(lib_a-mallocr.o)
 .text._malloc_r
                0x0000000000009820      0x750 /usr/lib/arm-none-eabi/newlib//libc.a(lib_a-mallocr.o)
                0x0000000000009820                _malloc_r
 .text          0x0000000000009f70        0x0 /usr/lib/arm-none-eabi/newlib//libc.a(lib_a-memchr.o)
 .text.memchr   0x0000000000009f70      0x118 /usr/lib/arm-none-eabi/newlib//libc.a(lib_a-memchr.o)
                0x0000000000009f70                memchr
 .text          0x000000000000a088        0x0 /usr/lib/arm-none-eabi/newlib//libc.a(lib_a-memcpy.o)
 .text.memcpy   0x000000000000a088       0xf0 /usr/lib/arm-none-eabi/newlib//libc.a(lib_a-memcpy.o)
                0x000000000000a088                memcpy
 .text          0x000000000000a178        0x0 /usr/lib/arm-none-eabi/newlib//libc.a(lib_a-memmove.o)
 .text.memmove  0x000000000000a178      0x12c /usr/lib/arm-none-eabi/newlib//libc.a(lib_a-memmove.o)
                0x000000000000a178                memmove
 .text          0x000000000000a2a4        0x0 /usr/lib/arm-none-eabi/newlib//libc.a(lib_a-memset.o)
 .text.memset   0x000000000000a2a4       0xf4 /usr/lib/arm-none-eabi/newlib//libc.a(lib_a-memset.o)
                0x000000000000a2a4                memset
 .text          0x000000000000a398        0x0 /usr/lib/arm-none-eabi/newlib//libc.a(lib_a-mlock.o)
 .text.__malloc_lock
                0x000000000000a398        0x4 /usr/lib/arm-none-eabi/newlib//libc.a(lib_a-mlock.o)
                0x000000000000a398                __malloc_lock
 .text.__malloc_unlock
                0x000000000000a39c        0x4 /usr/lib/arm-none-eabi/newlib//libc.a(lib_a-mlock.o)
                0x000000000000a39c                __malloc_unlock
 .text          0x000000000000a3a0        0x0 /usr/lib/arm-none-eabi/newlib//libc.a(lib_a-reallocr.o)
 .text._realloc_r
                0x000000000000a3a0      0x584 /usr/lib/arm-none-eabi/newlib//libc.a(lib_a-reallocr.o)
                0x000000000000a3a0                _realloc_r
 .text          0x000000000000a924        0x0 /usr/lib/arm-none-eabi/newlib//libc.a(lib_a-sbrkr.o)
 .text._sbrk_r  0x000000000000a924       0x44 /usr/lib/arm-none-eabi/newlib//libc.a(lib_a-sbrkr.o)
                0x000000000000a924                _sbrk_r
 .text          0x000000000000a968        0x0 /usr/lib/arm-none-eabi/newlib//libc.a(lib_a-stdio.o)
 .text.__sread  0x000000000000a968       0x34 /usr/lib/arm-none-eabi/newlib//libc.a(lib_a-stdio.o)
                0x000000000000a968                __sread
 .text.__seofread
                0x000000000000a99c        0x8 /usr/lib/arm-none-eabi/newlib//libc.a(lib_a-stdio.o)
                0x000000000000a99c                __seofread
 .text.__swrite
                0x000000000000a9a4       0x58 /usr/lib/arm-none-eabi/newlib//libc.a(lib_a-stdio.o)
                0x000000000000a9a4                __swrite
 .text.__sseek  0x000000000000a9fc       0x30 /usr/lib/arm-none-eabi/newlib//libc.a(lib_a-stdio.o)
                0x000000000000a9fc                __sseek
 .text.__sclose
                0x000000000000aa2c       0x14 /usr/lib/arm-none-eabi/newlib//libc.a(lib_a-stdio.o)
                0x000000000000aa2c                __sclose
 .text          0x000000000000aa40        0x0 /usr/lib/arm-none-eabi/newlib//libc.a(lib_a-writer.o)
 .text._write_r
                0x000000000000aa40       0x44 /usr/lib/arm-none-eabi/newlib//libc.a(lib_a-writer.o)
                0x000000000000aa40                _write_r
 .text          0x000000000000aa84        0x0 /usr/lib/arm-none-eabi/newlib//libc.a(lib_a-wsetup.o)
 .text.__swsetup_r
                0x000000000000aa84      0x15c /usr/lib/arm-none-eabi/newlib//libc.a(lib_a-wsetup.o)
                0x000000000000aa84                __swsetup_r
 .text          0x000000000000abe0        0x0 /usr/lib/arm-none-eabi/newlib//libc.a(lib_a-closer.o)
 .text._close_r
                0x000000000000abe0       0x3c /usr/lib/arm-none-eabi/newlib//libc.a(lib_a-closer.o)
                0x000000000000abe0                _close_r
 .text          0x000000000000ac1c        0x0 /usr/lib/arm-none-eabi/newlib//libc.a(lib_a-fclose.o)
 .text._fclose_r
                0x000000000000ac1c       0xfc /usr/lib/arm-none-eabi/newlib//libc.a(lib_a-fclose.o)
                0x000000000000ac1c                _fclose_r
 .text.fclose   0x000000000000ad18       0x14 /usr/lib/arm-none-eabi/newlib//libc.a(lib_a-fclose.o)
                0x000000000000ad18                fclose
 .text          0x000000000000ad2c        0x0 /usr/lib/arm-none-eabi/newlib//libc.a(lib_a-fflush.o)
 .text.__sflush_r
                0x000000000000ad2c      0x240 /usr/lib/arm-none-eabi/newlib//libc.a(lib_a-fflush.o)
                0x000000000000ad2c                __sflush_r
 .text._fflush_r
                0x000000000000af6c       0x54 /usr/lib/arm-none-eabi/newlib//libc.a(lib_a-fflush.o)
                0x000000000000af6c                _fflush_r
 .text.fflush   0x000000000000afc0       0x3c /usr/lib/arm-none-eabi/newlib//libc.a(lib_a-fflush.o)
                0x000000000000afc0                fflush
 .text          0x000000000000affc        0x0 /usr/lib/arm-none-eabi/newlib//libc.a(lib_a-freer.o)
 .text._malloc_trim_r
                0x000000000000affc      0x100 /usr/lib/arm-none-eabi/newlib//libc.a(lib_a-freer.o)
                0x000000000000affc                _malloc_trim_r
 .text._free_r  0x000000000000b0fc      0x2bc /usr/lib/arm-none-eabi/newlib//libc.a(lib_a-freer.o)
                0x000000000000b0fc                _free_r
 .text          0x000000000000b3b8        0x0 /usr/lib/arm-none-eabi/newlib//libc.a(lib_a-lseekr.o)
 .text._lseek_r
                0x000000000000b3b8       0x44 /usr/lib/arm-none-eabi/newlib//libc.a(lib_a-lseekr.o)
                0x000000000000b3b8                _lseek_r
 .text          0x000000000000b3fc        0x0 /usr/lib/arm-none-eabi/newlib//libc.a(lib_a-makebuf.o)
 .text.__smakebuf_r
                0x000000000000b3fc      0x168 /usr/lib/arm-none-eabi/newlib//libc.a(lib_a-makebuf.o)
                0x000000000000b3fc                __smakebuf_r
 .text          0x000000000000b564        0x0 /usr/lib/arm-none-eabi/newlib//libc.a(lib_a-readr.o)
 .text._read_r  0x000000000000b564       0x44 /usr/lib/arm-none-eabi/newlib//libc.a(lib_a-readr.o)
                0x000000000000b564                _read_r
 .text          0x000000000000b5a8        0x0 /usr/lib/arm-none-eabi/newlib//libc.a(lib_a-reent.o)
 .text.cleanup_glue
                0x000000000000b5a8       0x2c /usr/lib/arm-none-eabi/newlib//libc.a(lib_a-reent.o)
                0x000000000000b5a8                cleanup_glue
 .text._reclaim_reent
                0x000000000000b5d4       0xf4 /usr/lib/arm-none-eabi/newlib//libc.a(lib_a-reent.o)
                0x000000000000b5d4                _reclaim_reent
 .text          0x000000000000b6c8        0x0 /usr/lib/arm-none-eabi/newlib//libc.a(lib_a-fstatr.o)
 .text._fstat_r
                0x000000000000b6c8       0x40 /usr/lib/arm-none-eabi/newlib//libc.a(lib_a-fstatr.o)
                0x000000000000b6c8                _fstat_r
 .text          0x000000000000b708        0x0 /usr/lib/arm-none-eabi/newlib//libc.a(lib_a-isattyr.o)
 .text._isatty_r
                0x000000000000b708       0x3c /usr/lib/arm-none-eabi/newlib//libc.a(lib_a-isattyr.o)
                0x000000000000b708                _isatty_r
 .text          0x000000000000b744      0x148 /usr/lib/gcc/arm-none-eabi/4.8.2//libgcc.a(_divsi3.o)
                0x000000000000b744                __aeabi_idiv
                0x000000000000b744                __divsi3
                0x000000000000b86c                __aeabi_idivmod
 .text          0x000000000000b88c        0x4 /usr/lib/gcc/arm-none-eabi/4.8.2//libgcc.a(_dvmd_tls.o)
                0x000000000000b88c                __aeabi_ldiv0
                0x000000000000b88c                __aeabi_idiv0

.glue_7         0x000000000000b890        0x0
 .glue_7        0x000000000000b890        0x0 linker stubs

.glue_7t        0x000000000000b890        0x0
 .glue_7t       0x000000000000b890        0x0 linker stubs

.vfp11_veneer   0x000000000000b890        0x0
 .vfp11_veneer  0x000000000000b890        0x0 linker stubs

.v4_bx          0x000000000000b890        0x0
 .v4_bx         0x000000000000b890        0x0 linker stubs

.iplt           0x000000000000b890        0x0
 .iplt          0x000000000000b890        0x0 startup01.o

.rel.dyn        0x000000000000b890        0x0
 .rel.iplt      0x000000000000b890        0x0 startup01.o
                0x000000000000b890                . = ALIGN (0x4)
                0x000000000000b890                etext = .

.rodata         0x000000000000b890      0x844
 *(.data*)
 .data          0x000000000000b890        0x0 startup01.o
 .data          0x000000000000b890        0x0 startupadd.o
 .data          0x000000000000b890        0x0 mini_serialPi1.o
 .data          0x000000000000b890        0x4 syscalls.o
                0x000000000000b890                heap_end
 .data          0x000000000000b894        0x0 led10.o
 .data          0x000000000000b894        0x0 atoix_itoa.o
 .data          0x000000000000b894        0x0 main80_0.o
 .data          0x000000000000b894        0x0 raspGPIO1.o
 .data          0x000000000000b894        0x0 /usr/lib/arm-none-eabi/newlib//libc.a(lib_a-errno.o)
 .data          0x000000000000b894        0x0 /usr/lib/arm-none-eabi/newlib//libc.a(lib_a-impure.o)
 *fill*         0x000000000000b894        0x4 
 .data.impure_data
                0x000000000000b898      0x428 /usr/lib/arm-none-eabi/newlib//libc.a(lib_a-impure.o)
 .data._impure_ptr
                0x000000000000bcc0        0x4 /usr/lib/arm-none-eabi/newlib//libc.a(lib_a-impure.o)
                0x000000000000bcc0                _impure_ptr
 .data          0x000000000000bcc4        0x0 /usr/lib/arm-none-eabi/newlib//libc.a(lib_a-puts.o)
 .data          0x000000000000bcc4        0x0 /usr/lib/arm-none-eabi/newlib//libc.a(lib_a-strlen.o)
 .data          0x000000000000bcc4        0x0 /usr/lib/arm-none-eabi/newlib//libc.a(lib_a-findfp.o)
 .data          0x000000000000bcc4        0x0 /usr/lib/arm-none-eabi/newlib//libc.a(lib_a-fvwrite.o)
 .data          0x000000000000bcc4        0x0 /usr/lib/arm-none-eabi/newlib//libc.a(lib_a-fwalk.o)
 .data          0x000000000000bcc4        0x0 /usr/lib/arm-none-eabi/newlib//libc.a(lib_a-mallocr.o)
 .data.__malloc_av_
                0x000000000000bcc4      0x408 /usr/lib/arm-none-eabi/newlib//libc.a(lib_a-mallocr.o)
                0x000000000000bcc4                __malloc_av_
 .data.__malloc_trim_threshold
                0x000000000000c0cc        0x4 /usr/lib/arm-none-eabi/newlib//libc.a(lib_a-mallocr.o)
                0x000000000000c0cc                __malloc_trim_threshold
 .data.__malloc_sbrk_base
                0x000000000000c0d0        0x4 /usr/lib/arm-none-eabi/newlib//libc.a(lib_a-mallocr.o)
                0x000000000000c0d0                __malloc_sbrk_base
 .data          0x000000000000c0d4        0x0 /usr/lib/arm-none-eabi/newlib//libc.a(lib_a-memchr.o)
 .data          0x000000000000c0d4        0x0 /usr/lib/arm-none-eabi/newlib//libc.a(lib_a-memcpy.o)
 .data          0x000000000000c0d4        0x0 /usr/lib/arm-none-eabi/newlib//libc.a(lib_a-memmove.o)
 .data          0x000000000000c0d4        0x0 /usr/lib/arm-none-eabi/newlib//libc.a(lib_a-memset.o)
 .data          0x000000000000c0d4        0x0 /usr/lib/arm-none-eabi/newlib//libc.a(lib_a-mlock.o)
 .data          0x000000000000c0d4        0x0 /usr/lib/arm-none-eabi/newlib//libc.a(lib_a-reallocr.o)
 .data          0x000000000000c0d4        0x0 /usr/lib/arm-none-eabi/newlib//libc.a(lib_a-sbrkr.o)
 .data          0x000000000000c0d4        0x0 /usr/lib/arm-none-eabi/newlib//libc.a(lib_a-stdio.o)
 .data          0x000000000000c0d4        0x0 /usr/lib/arm-none-eabi/newlib//libc.a(lib_a-writer.o)
 .data          0x000000000000c0d4        0x0 /usr/lib/arm-none-eabi/newlib//libc.a(lib_a-wsetup.o)
 .data          0x000000000000c0d4        0x0 /usr/lib/arm-none-eabi/newlib//libc.a(lib_a-closer.o)
 .data          0x000000000000c0d4        0x0 /usr/lib/arm-none-eabi/newlib//libc.a(lib_a-fclose.o)
 .data          0x000000000000c0d4        0x0 /usr/lib/arm-none-eabi/newlib//libc.a(lib_a-fflush.o)
 .data          0x000000000000c0d4        0x0 /usr/lib/arm-none-eabi/newlib//libc.a(lib_a-freer.o)
 .data          0x000000000000c0d4        0x0 /usr/lib/arm-none-eabi/newlib//libc.a(lib_a-lseekr.o)
 .data          0x000000000000c0d4        0x0 /usr/lib/arm-none-eabi/newlib//libc.a(lib_a-makebuf.o)
 .data          0x000000000000c0d4        0x0 /usr/lib/arm-none-eabi/newlib//libc.a(lib_a-readr.o)
 .data          0x000000000000c0d4        0x0 /usr/lib/arm-none-eabi/newlib//libc.a(lib_a-reent.o)
 .data          0x000000000000c0d4        0x0 /usr/lib/arm-none-eabi/newlib//libc.a(lib_a-fstatr.o)
 .data          0x000000000000c0d4        0x0 /usr/lib/arm-none-eabi/newlib//libc.a(lib_a-isattyr.o)
 .data          0x000000000000c0d4        0x0 /usr/lib/gcc/arm-none-eabi/4.8.2//libgcc.a(_divsi3.o)
 .data          0x000000000000c0d4        0x0 /usr/lib/gcc/arm-none-eabi/4.8.2//libgcc.a(_dvmd_tls.o)

.rodata.str1.4  0x000000000000c0d4      0x20a
 .rodata.str1.4
                0x000000000000c0d4       0x11 atoix_itoa.o
 *fill*         0x000000000000c0e5        0x3 
 .rodata.str1.4
                0x000000000000c0e8      0x107 main80_0.o
                                        0x10b (size before relaxing)
 *fill*         0x000000000000c1ef        0x1 
 .rodata.str1.4
                0x000000000000c1f0       0xe9 raspGPIO1.o
 *fill*         0x000000000000c2d9        0x3 
 .rodata.str1.4
                0x000000000000c2dc        0x2 /usr/lib/arm-none-eabi/newlib//libc.a(lib_a-impure.o)
                                          0x4 (size before relaxing)
 .rodata.str1.4
                0x000000000000c2de        0x4 /usr/lib/arm-none-eabi/newlib//libc.a(lib_a-puts.o)

.rodata._global_impure_ptr
                0x000000000000c2e0        0x4
 .rodata._global_impure_ptr
                0x000000000000c2e0        0x4 /usr/lib/arm-none-eabi/newlib//libc.a(lib_a-impure.o)
                0x000000000000c2e0                _global_impure_ptr
                0x000000000000c2e4                . = ALIGN (0x4)
                0x000000000000c2e4                sdata = .
                0x000000000000c2e4                _DataStart = .

.data
 *(.data*)
                0x000000000000c2e4                _DataEnd = .

.igot.plt       0x000000000000c2e4        0x0
 .igot.plt      0x000000000000c2e4        0x0 startup01.o
                0x000000000000c2e4                . = ALIGN (0x4)
                0x000000000000c2e4                edata = .
                0x000000000000c2e4                sbss = .
                0x000000000000c2e4                _BssStart = .

.bss            0x000000000000c2e4       0x40
 *(.bss*)
 .bss           0x000000000000c2e4        0x0 startup01.o
 .bss           0x000000000000c2e4        0x0 startupadd.o
 .bss           0x000000000000c2e4        0x0 mini_serialPi1.o
 .bss           0x000000000000c2e4        0x0 syscalls.o
 .bss           0x000000000000c2e4        0x0 led10.o
 .bss           0x000000000000c2e4        0x0 atoix_itoa.o
 .bss           0x000000000000c2e4        0x4 main80_0.o
 .bss           0x000000000000c2e8        0x0 raspGPIO1.o
 .bss           0x000000000000c2e8        0x0 /usr/lib/arm-none-eabi/newlib//libc.a(lib_a-errno.o)
 .bss           0x000000000000c2e8        0x0 /usr/lib/arm-none-eabi/newlib//libc.a(lib_a-impure.o)
 .bss           0x000000000000c2e8        0x0 /usr/lib/arm-none-eabi/newlib//libc.a(lib_a-puts.o)
 .bss           0x000000000000c2e8        0x0 /usr/lib/arm-none-eabi/newlib//libc.a(lib_a-strlen.o)
 .bss           0x000000000000c2e8        0x0 /usr/lib/arm-none-eabi/newlib//libc.a(lib_a-findfp.o)
 .bss           0x000000000000c2e8        0x0 /usr/lib/arm-none-eabi/newlib//libc.a(lib_a-fvwrite.o)
 .bss           0x000000000000c2e8        0x0 /usr/lib/arm-none-eabi/newlib//libc.a(lib_a-fwalk.o)
 .bss           0x000000000000c2e8        0x0 /usr/lib/arm-none-eabi/newlib//libc.a(lib_a-mallocr.o)
 .bss.__malloc_max_total_mem
                0x000000000000c2e8        0x4 /usr/lib/arm-none-eabi/newlib//libc.a(lib_a-mallocr.o)
                0x000000000000c2e8                __malloc_max_total_mem
 .bss.__malloc_max_sbrked_mem
                0x000000000000c2ec        0x4 /usr/lib/arm-none-eabi/newlib//libc.a(lib_a-mallocr.o)
                0x000000000000c2ec                __malloc_max_sbrked_mem
 .bss.__malloc_top_pad
                0x000000000000c2f0        0x4 /usr/lib/arm-none-eabi/newlib//libc.a(lib_a-mallocr.o)
                0x000000000000c2f0                __malloc_top_pad
 .bss.__malloc_current_mallinfo
                0x000000000000c2f4       0x28 /usr/lib/arm-none-eabi/newlib//libc.a(lib_a-mallocr.o)
                0x000000000000c2f4                __malloc_current_mallinfo
 .bss           0x000000000000c31c        0x0 /usr/lib/arm-none-eabi/newlib//libc.a(lib_a-memchr.o)
 .bss           0x000000000000c31c        0x0 /usr/lib/arm-none-eabi/newlib//libc.a(lib_a-memcpy.o)
 .bss           0x000000000000c31c        0x0 /usr/lib/arm-none-eabi/newlib//libc.a(lib_a-memmove.o)
 .bss           0x000000000000c31c        0x0 /usr/lib/arm-none-eabi/newlib//libc.a(lib_a-memset.o)
 .bss           0x000000000000c31c        0x0 /usr/lib/arm-none-eabi/newlib//libc.a(lib_a-mlock.o)
 .bss           0x000000000000c31c        0x0 /usr/lib/arm-none-eabi/newlib//libc.a(lib_a-reallocr.o)
 .bss           0x000000000000c31c        0x0 /usr/lib/arm-none-eabi/newlib//libc.a(lib_a-sbrkr.o)
 .bss           0x000000000000c31c        0x0 /usr/lib/arm-none-eabi/newlib//libc.a(lib_a-stdio.o)
 .bss           0x000000000000c31c        0x0 /usr/lib/arm-none-eabi/newlib//libc.a(lib_a-writer.o)
 .bss           0x000000000000c31c        0x0 /usr/lib/arm-none-eabi/newlib//libc.a(lib_a-wsetup.o)
 .bss           0x000000000000c31c        0x0 /usr/lib/arm-none-eabi/newlib//libc.a(lib_a-closer.o)
 .bss           0x000000000000c31c        0x0 /usr/lib/arm-none-eabi/newlib//libc.a(lib_a-fclose.o)
 .bss           0x000000000000c31c        0x0 /usr/lib/arm-none-eabi/newlib//libc.a(lib_a-fflush.o)
 .bss           0x000000000000c31c        0x0 /usr/lib/arm-none-eabi/newlib//libc.a(lib_a-freer.o)
 .bss           0x000000000000c31c        0x0 /usr/lib/arm-none-eabi/newlib//libc.a(lib_a-lseekr.o)
 .bss           0x000000000000c31c        0x0 /usr/lib/arm-none-eabi/newlib//libc.a(lib_a-makebuf.o)
 .bss           0x000000000000c31c        0x0 /usr/lib/arm-none-eabi/newlib//libc.a(lib_a-readr.o)
 .bss           0x000000000000c31c        0x0 /usr/lib/arm-none-eabi/newlib//libc.a(lib_a-reent.o)
 .bss           0x000000000000c31c        0x0 /usr/lib/arm-none-eabi/newlib//libc.a(lib_a-fstatr.o)
 .bss           0x000000000000c31c        0x0 /usr/lib/arm-none-eabi/newlib//libc.a(lib_a-isattyr.o)
 .bss           0x000000000000c31c        0x0 /usr/lib/gcc/arm-none-eabi/4.8.2//libgcc.a(_divsi3.o)
 .bss           0x000000000000c31c        0x0 /usr/lib/gcc/arm-none-eabi/4.8.2//libgcc.a(_dvmd_tls.o)
 COMMON         0x000000000000c31c        0x4 syscalls.o
                0x000000000000c31c                prev_heap_end
 COMMON         0x000000000000c320        0x4 /usr/lib/arm-none-eabi/newlib//libc.a(lib_a-reent.o)
                0x000000000000c320                errno
                0x000000000000c324                _BssEnd = .
                0x000000000000c324                . = ALIGN (0x4)
                0x000000000000c324                __bss_end = .
                0x000000000000c324                ebss = .
                0x000000000000d000                . = ALIGN (0x1000)
                0x000000000000d000                __free_start = .
LOAD startup01.o
LOAD startupadd.o
LOAD mini_serialPi1.o
LOAD syscalls.o
LOAD led10.o
LOAD atoix_itoa.o
LOAD main80_0.o
LOAD raspGPIO1.o
LOAD /usr/lib/arm-none-eabi/newlib//libc.a
LOAD /usr/lib/gcc/arm-none-eabi/4.8.2//libgcc.a
LOAD /usr/lib/arm-none-eabi/newlib//libc.a
OUTPUT(Pi1_08_0_v100.elf elf32-littlearm)

.ARM.attributes
                0x0000000000000000       0x2b
 .ARM.attributes
                0x0000000000000000       0x16 startup01.o
 .ARM.attributes
                0x0000000000000016       0x16 startupadd.o
 .ARM.attributes
                0x000000000000002c       0x30 mini_serialPi1.o
 .ARM.attributes
                0x000000000000005c       0x30 syscalls.o
 .ARM.attributes
                0x000000000000008c       0x30 led10.o
 .ARM.attributes
                0x00000000000000bc       0x30 atoix_itoa.o
 .ARM.attributes
                0x00000000000000ec       0x30 main80_0.o
 .ARM.attributes
                0x000000000000011c       0x30 raspGPIO1.o
 .ARM.attributes
                0x000000000000014c       0x30 /usr/lib/arm-none-eabi/newlib//libc.a(lib_a-errno.o)
 .ARM.attributes
                0x000000000000017c       0x30 /usr/lib/arm-none-eabi/newlib//libc.a(lib_a-impure.o)
 .ARM.attributes
                0x00000000000001ac       0x30 /usr/lib/arm-none-eabi/newlib//libc.a(lib_a-puts.o)
 .ARM.attributes
                0x00000000000001dc       0x30 /usr/lib/arm-none-eabi/newlib//libc.a(lib_a-strlen.o)
 .ARM.attributes
                0x000000000000020c       0x30 /usr/lib/arm-none-eabi/newlib//libc.a(lib_a-findfp.o)
 .ARM.attributes
                0x000000000000023c       0x30 /usr/lib/arm-none-eabi/newlib//libc.a(lib_a-fvwrite.o)
 .ARM.attributes
                0x000000000000026c       0x30 /usr/lib/arm-none-eabi/newlib//libc.a(lib_a-fwalk.o)
 .ARM.attributes
                0x000000000000029c       0x30 /usr/lib/arm-none-eabi/newlib//libc.a(lib_a-mallocr.o)
 .ARM.attributes
                0x00000000000002cc       0x30 /usr/lib/arm-none-eabi/newlib//libc.a(lib_a-memchr.o)
 .ARM.attributes
                0x00000000000002fc       0x30 /usr/lib/arm-none-eabi/newlib//libc.a(lib_a-memcpy.o)
 .ARM.attributes
                0x000000000000032c       0x30 /usr/lib/arm-none-eabi/newlib//libc.a(lib_a-memmove.o)
 .ARM.attributes
                0x000000000000035c       0x30 /usr/lib/arm-none-eabi/newlib//libc.a(lib_a-memset.o)
 .ARM.attributes
                0x000000000000038c       0x30 /usr/lib/arm-none-eabi/newlib//libc.a(lib_a-mlock.o)
 .ARM.attributes
                0x00000000000003bc       0x30 /usr/lib/arm-none-eabi/newlib//libc.a(lib_a-reallocr.o)
 .ARM.attributes
                0x00000000000003ec       0x30 /usr/lib/arm-none-eabi/newlib//libc.a(lib_a-sbrkr.o)
 .ARM.attributes
                0x000000000000041c       0x30 /usr/lib/arm-none-eabi/newlib//libc.a(lib_a-stdio.o)
 .ARM.attributes
                0x000000000000044c       0x30 /usr/lib/arm-none-eabi/newlib//libc.a(lib_a-writer.o)
 .ARM.attributes
                0x000000000000047c       0x30 /usr/lib/arm-none-eabi/newlib//libc.a(lib_a-wsetup.o)
 .ARM.attributes
                0x00000000000004ac       0x30 /usr/lib/arm-none-eabi/newlib//libc.a(lib_a-closer.o)
 .ARM.attributes
                0x00000000000004dc       0x30 /usr/lib/arm-none-eabi/newlib//libc.a(lib_a-fclose.o)
 .ARM.attributes
                0x000000000000050c       0x30 /usr/lib/arm-none-eabi/newlib//libc.a(lib_a-fflush.o)
 .ARM.attributes
                0x000000000000053c       0x30 /usr/lib/arm-none-eabi/newlib//libc.a(lib_a-freer.o)
 .ARM.attributes
                0x000000000000056c       0x30 /usr/lib/arm-none-eabi/newlib//libc.a(lib_a-lseekr.o)
 .ARM.attributes
                0x000000000000059c       0x30 /usr/lib/arm-none-eabi/newlib//libc.a(lib_a-makebuf.o)
 .ARM.attributes
                0x00000000000005cc       0x30 /usr/lib/arm-none-eabi/newlib//libc.a(lib_a-readr.o)
 .ARM.attributes
                0x00000000000005fc       0x30 /usr/lib/arm-none-eabi/newlib//libc.a(lib_a-reent.o)
 .ARM.attributes
                0x000000000000062c       0x30 /usr/lib/arm-none-eabi/newlib//libc.a(lib_a-fstatr.o)
 .ARM.attributes
                0x000000000000065c       0x30 /usr/lib/arm-none-eabi/newlib//libc.a(lib_a-isattyr.o)
 .ARM.attributes
                0x000000000000068c       0x18 /usr/lib/gcc/arm-none-eabi/4.8.2//libgcc.a(_divsi3.o)
 .ARM.attributes
                0x00000000000006a4       0x18 /usr/lib/gcc/arm-none-eabi/4.8.2//libgcc.a(_dvmd_tls.o)

.comment        0x0000000000000000       0x70
 .comment       0x0000000000000000       0x38 mini_serialPi1.o
                                         0x39 (size before relaxing)
 .comment       0x0000000000000038       0x39 syscalls.o
 .comment       0x0000000000000038       0x39 led10.o
 .comment       0x0000000000000038       0x39 atoix_itoa.o
 .comment       0x0000000000000038       0x39 main80_0.o
 .comment       0x0000000000000038       0x39 raspGPIO1.o
 .comment       0x0000000000000038       0x38 /usr/lib/arm-none-eabi/newlib//libc.a(lib_a-errno.o)
                                         0x39 (size before relaxing)
 .comment       0x0000000000000070       0x39 /usr/lib/arm-none-eabi/newlib//libc.a(lib_a-impure.o)
 .comment       0x0000000000000070       0x39 /usr/lib/arm-none-eabi/newlib//libc.a(lib_a-puts.o)
 .comment       0x0000000000000070       0x39 /usr/lib/arm-none-eabi/newlib//libc.a(lib_a-strlen.o)
 .comment       0x0000000000000070       0x39 /usr/lib/arm-none-eabi/newlib//libc.a(lib_a-findfp.o)
 .comment       0x0000000000000070       0x39 /usr/lib/arm-none-eabi/newlib//libc.a(lib_a-fvwrite.o)
 .comment       0x0000000000000070       0x39 /usr/lib/arm-none-eabi/newlib//libc.a(lib_a-fwalk.o)
 .comment       0x0000000000000070       0x39 /usr/lib/arm-none-eabi/newlib//libc.a(lib_a-mallocr.o)
 .comment       0x0000000000000070       0x39 /usr/lib/arm-none-eabi/newlib//libc.a(lib_a-memchr.o)
 .comment       0x0000000000000070       0x39 /usr/lib/arm-none-eabi/newlib//libc.a(lib_a-memcpy.o)
 .comment       0x0000000000000070       0x39 /usr/lib/arm-none-eabi/newlib//libc.a(lib_a-memmove.o)
 .comment       0x0000000000000070       0x39 /usr/lib/arm-none-eabi/newlib//libc.a(lib_a-memset.o)
 .comment       0x0000000000000070       0x39 /usr/lib/arm-none-eabi/newlib//libc.a(lib_a-mlock.o)
 .comment       0x0000000000000070       0x39 /usr/lib/arm-none-eabi/newlib//libc.a(lib_a-reallocr.o)
 .comment       0x0000000000000070       0x39 /usr/lib/arm-none-eabi/newlib//libc.a(lib_a-sbrkr.o)
 .comment       0x0000000000000070       0x39 /usr/lib/arm-none-eabi/newlib//libc.a(lib_a-stdio.o)
 .comment       0x0000000000000070       0x39 /usr/lib/arm-none-eabi/newlib//libc.a(lib_a-writer.o)
 .comment       0x0000000000000070       0x39 /usr/lib/arm-none-eabi/newlib//libc.a(lib_a-wsetup.o)
 .comment       0x0000000000000070       0x39 /usr/lib/arm-none-eabi/newlib//libc.a(lib_a-closer.o)
 .comment       0x0000000000000070       0x39 /usr/lib/arm-none-eabi/newlib//libc.a(lib_a-fclose.o)
 .comment       0x0000000000000070       0x39 /usr/lib/arm-none-eabi/newlib//libc.a(lib_a-fflush.o)
 .comment       0x0000000000000070       0x39 /usr/lib/arm-none-eabi/newlib//libc.a(lib_a-freer.o)
 .comment       0x0000000000000070       0x39 /usr/lib/arm-none-eabi/newlib//libc.a(lib_a-lseekr.o)
 .comment       0x0000000000000070       0x39 /usr/lib/arm-none-eabi/newlib//libc.a(lib_a-makebuf.o)
 .comment       0x0000000000000070       0x39 /usr/lib/arm-none-eabi/newlib//libc.a(lib_a-readr.o)
 .comment       0x0000000000000070       0x39 /usr/lib/arm-none-eabi/newlib//libc.a(lib_a-reent.o)
 .comment       0x0000000000000070       0x39 /usr/lib/arm-none-eabi/newlib//libc.a(lib_a-fstatr.o)
 .comment       0x0000000000000070       0x39 /usr/lib/arm-none-eabi/newlib//libc.a(lib_a-isattyr.o)

.debug_line     0x0000000000000000     0x3530
 .debug_line    0x0000000000000000       0x5f startup01.o
 .debug_line    0x000000000000005f       0x69 startupadd.o
 .debug_line    0x00000000000000c8       0xa6 mini_serialPi1.o
 .debug_line    0x000000000000016e      0x12b syscalls.o
 .debug_line    0x0000000000000299       0x94 led10.o
 .debug_line    0x000000000000032d       0xd6 atoix_itoa.o
 .debug_line    0x0000000000000403      0x126 main80_0.o
 .debug_line    0x0000000000000529       0x9f raspGPIO1.o
 .debug_line    0x00000000000005c8      0x109 /usr/lib/arm-none-eabi/newlib//libc.a(lib_a-errno.o)
 .debug_line    0x00000000000006d1       0xee /usr/lib/arm-none-eabi/newlib//libc.a(lib_a-impure.o)
 .debug_line    0x00000000000007bf      0x1ab /usr/lib/arm-none-eabi/newlib//libc.a(lib_a-puts.o)
 .debug_line    0x000000000000096a       0xef /usr/lib/arm-none-eabi/newlib//libc.a(lib_a-strlen.o)
 .debug_line    0x0000000000000a59      0x320 /usr/lib/arm-none-eabi/newlib//libc.a(lib_a-findfp.o)
 .debug_line    0x0000000000000d79      0x2a8 /usr/lib/arm-none-eabi/newlib//libc.a(lib_a-fvwrite.o)
 .debug_line    0x0000000000001021      0x1a0 /usr/lib/arm-none-eabi/newlib//libc.a(lib_a-fwalk.o)
 .debug_line    0x00000000000011c1      0x34d /usr/lib/arm-none-eabi/newlib//libc.a(lib_a-mallocr.o)
 .debug_line    0x000000000000150e      0x11c /usr/lib/arm-none-eabi/newlib//libc.a(lib_a-memchr.o)
 .debug_line    0x000000000000162a      0x119 /usr/lib/arm-none-eabi/newlib//libc.a(lib_a-memcpy.o)
 .debug_line    0x0000000000001743      0x127 /usr/lib/arm-none-eabi/newlib//libc.a(lib_a-memmove.o)
 .debug_line    0x000000000000186a      0x11a /usr/lib/arm-none-eabi/newlib//libc.a(lib_a-memset.o)
 .debug_line    0x0000000000001984      0x10c /usr/lib/arm-none-eabi/newlib//libc.a(lib_a-mlock.o)
 .debug_line    0x0000000000001a90      0x258 /usr/lib/arm-none-eabi/newlib//libc.a(lib_a-reallocr.o)
 .debug_line    0x0000000000001ce8      0x166 /usr/lib/arm-none-eabi/newlib//libc.a(lib_a-sbrkr.o)
 .debug_line    0x0000000000001e4e      0x1cb /usr/lib/arm-none-eabi/newlib//libc.a(lib_a-stdio.o)
 .debug_line    0x0000000000002019      0x166 /usr/lib/arm-none-eabi/newlib//libc.a(lib_a-writer.o)
 .debug_line    0x000000000000217f      0x1d6 /usr/lib/arm-none-eabi/newlib//libc.a(lib_a-wsetup.o)
 .debug_line    0x0000000000002355      0x164 /usr/lib/arm-none-eabi/newlib//libc.a(lib_a-closer.o)
 .debug_line    0x00000000000024b9      0x1b6 /usr/lib/arm-none-eabi/newlib//libc.a(lib_a-fclose.o)
 .debug_line    0x000000000000266f      0x25e /usr/lib/arm-none-eabi/newlib//libc.a(lib_a-fflush.o)
 .debug_line    0x00000000000028cd      0x261 /usr/lib/arm-none-eabi/newlib//libc.a(lib_a-freer.o)
 .debug_line    0x0000000000002b2e      0x166 /usr/lib/arm-none-eabi/newlib//libc.a(lib_a-lseekr.o)
 .debug_line    0x0000000000002c94      0x1df /usr/lib/arm-none-eabi/newlib//libc.a(lib_a-makebuf.o)
 .debug_line    0x0000000000002e73      0x165 /usr/lib/arm-none-eabi/newlib//libc.a(lib_a-readr.o)
 .debug_line    0x0000000000002fd8      0x19b /usr/lib/arm-none-eabi/newlib//libc.a(lib_a-reent.o)
 .debug_line    0x0000000000003173      0x179 /usr/lib/arm-none-eabi/newlib//libc.a(lib_a-fstatr.o)
 .debug_line    0x00000000000032ec      0x165 /usr/lib/arm-none-eabi/newlib//libc.a(lib_a-isattyr.o)
 .debug_line    0x0000000000003451       0x84 /usr/lib/gcc/arm-none-eabi/4.8.2//libgcc.a(_divsi3.o)
 .debug_line    0x00000000000034d5       0x5b /usr/lib/gcc/arm-none-eabi/4.8.2//libgcc.a(_dvmd_tls.o)

.debug_info     0x0000000000000000    0x11247
 .debug_info    0x0000000000000000       0x63 startup01.o
 .debug_info    0x0000000000000063       0x64 startupadd.o
 .debug_info    0x00000000000000c7      0x593 mini_serialPi1.o
 .debug_info    0x000000000000065a      0x6c1 syscalls.o
 .debug_info    0x0000000000000d1b      0x42b led10.o
 .debug_info    0x0000000000001146      0x206 atoix_itoa.o
 .debug_info    0x000000000000134c      0x612 main80_0.o
 .debug_info    0x000000000000195e      0x526 raspGPIO1.o
 .debug_info    0x0000000000001e84      0x889 /usr/lib/arm-none-eabi/newlib//libc.a(lib_a-errno.o)
 .debug_info    0x000000000000270d      0x894 /usr/lib/arm-none-eabi/newlib//libc.a(lib_a-impure.o)
 .debug_info    0x0000000000002fa1      0xa52 /usr/lib/arm-none-eabi/newlib//libc.a(lib_a-puts.o)
 .debug_info    0x00000000000039f3       0xb5 /usr/lib/arm-none-eabi/newlib//libc.a(lib_a-strlen.o)
 .debug_info    0x0000000000003aa8      0xdc8 /usr/lib/arm-none-eabi/newlib//libc.a(lib_a-findfp.o)
 .debug_info    0x0000000000004870      0xc3f /usr/lib/arm-none-eabi/newlib//libc.a(lib_a-fvwrite.o)
 .debug_info    0x00000000000054af      0x99e /usr/lib/arm-none-eabi/newlib//libc.a(lib_a-fwalk.o)
 .debug_info    0x0000000000005e4d      0xd72 /usr/lib/arm-none-eabi/newlib//libc.a(lib_a-mallocr.o)
 .debug_info    0x0000000000006bbf      0x129 /usr/lib/arm-none-eabi/newlib//libc.a(lib_a-memchr.o)
 .debug_info    0x0000000000006ce8      0x131 /usr/lib/arm-none-eabi/newlib//libc.a(lib_a-memcpy.o)
 .debug_info    0x0000000000006e19      0x131 /usr/lib/arm-none-eabi/newlib//libc.a(lib_a-memmove.o)
 .debug_info    0x0000000000006f4a      0x117 /usr/lib/arm-none-eabi/newlib//libc.a(lib_a-memset.o)
 .debug_info    0x0000000000007061      0x8b4 /usr/lib/arm-none-eabi/newlib//libc.a(lib_a-mlock.o)
 .debug_info    0x0000000000007915      0xcce /usr/lib/arm-none-eabi/newlib//libc.a(lib_a-reallocr.o)
 .debug_info    0x00000000000085e3      0x8f4 /usr/lib/arm-none-eabi/newlib//libc.a(lib_a-sbrkr.o)
 .debug_info    0x0000000000008ed7      0xb89 /usr/lib/arm-none-eabi/newlib//libc.a(lib_a-stdio.o)
 .debug_info    0x0000000000009a60      0x929 /usr/lib/arm-none-eabi/newlib//libc.a(lib_a-writer.o)
 .debug_info    0x000000000000a389      0x93b /usr/lib/arm-none-eabi/newlib//libc.a(lib_a-wsetup.o)
 .debug_info    0x000000000000acc4      0x8e0 /usr/lib/arm-none-eabi/newlib//libc.a(lib_a-closer.o)
 .debug_info    0x000000000000b5a4      0xa28 /usr/lib/arm-none-eabi/newlib//libc.a(lib_a-fclose.o)
 .debug_info    0x000000000000bfcc      0xaba /usr/lib/arm-none-eabi/newlib//libc.a(lib_a-fflush.o)
 .debug_info    0x000000000000ca86      0xc1a /usr/lib/arm-none-eabi/newlib//libc.a(lib_a-freer.o)
 .debug_info    0x000000000000d6a0      0x90c /usr/lib/arm-none-eabi/newlib//libc.a(lib_a-lseekr.o)
 .debug_info    0x000000000000dfac      0xae6 /usr/lib/arm-none-eabi/newlib//libc.a(lib_a-makebuf.o)
 .debug_info    0x000000000000ea92      0x922 /usr/lib/arm-none-eabi/newlib//libc.a(lib_a-readr.o)
 .debug_info    0x000000000000f3b4      0x9f9 /usr/lib/arm-none-eabi/newlib//libc.a(lib_a-reent.o)
 .debug_info    0x000000000000fdad      0xa5e /usr/lib/arm-none-eabi/newlib//libc.a(lib_a-fstatr.o)
 .debug_info    0x000000000001080b      0x8e0 /usr/lib/arm-none-eabi/newlib//libc.a(lib_a-isattyr.o)
 .debug_info    0x00000000000110eb       0xae /usr/lib/gcc/arm-none-eabi/4.8.2//libgcc.a(_divsi3.o)
 .debug_info    0x0000000000011199       0xae /usr/lib/gcc/arm-none-eabi/4.8.2//libgcc.a(_dvmd_tls.o)

.debug_abbrev   0x0000000000000000     0x3de0
 .debug_abbrev  0x0000000000000000       0x14 startup01.o
 .debug_abbrev  0x0000000000000014       0x14 startupadd.o
 .debug_abbrev  0x0000000000000028      0x161 mini_serialPi1.o
 .debug_abbrev  0x0000000000000189      0x1bb syscalls.o
 .debug_abbrev  0x0000000000000344      0x160 led10.o
 .debug_abbrev  0x00000000000004a4      0x110 atoix_itoa.o
 .debug_abbrev  0x00000000000005b4      0x1a1 main80_0.o
 .debug_abbrev  0x0000000000000755      0x1a9 raspGPIO1.o
 .debug_abbrev  0x00000000000008fe      0x18f /usr/lib/arm-none-eabi/newlib//libc.a(lib_a-errno.o)
 .debug_abbrev  0x0000000000000a8d      0x180 /usr/lib/arm-none-eabi/newlib//libc.a(lib_a-impure.o)
 .debug_abbrev  0x0000000000000c0d      0x25e /usr/lib/arm-none-eabi/newlib//libc.a(lib_a-puts.o)
 .debug_abbrev  0x0000000000000e6b       0x70 /usr/lib/arm-none-eabi/newlib//libc.a(lib_a-strlen.o)
 .debug_abbrev  0x0000000000000edb      0x36a /usr/lib/arm-none-eabi/newlib//libc.a(lib_a-findfp.o)
 .debug_abbrev  0x0000000000001245      0x247 /usr/lib/arm-none-eabi/newlib//libc.a(lib_a-fvwrite.o)
 .debug_abbrev  0x000000000000148c      0x1c2 /usr/lib/arm-none-eabi/newlib//libc.a(lib_a-fwalk.o)
 .debug_abbrev  0x000000000000164e      0x2b4 /usr/lib/arm-none-eabi/newlib//libc.a(lib_a-mallocr.o)
 .debug_abbrev  0x0000000000001902       0xba /usr/lib/arm-none-eabi/newlib//libc.a(lib_a-memchr.o)
 .debug_abbrev  0x00000000000019bc       0xab /usr/lib/arm-none-eabi/newlib//libc.a(lib_a-memcpy.o)
 .debug_abbrev  0x0000000000001a67       0xab /usr/lib/arm-none-eabi/newlib//libc.a(lib_a-memmove.o)
 .debug_abbrev  0x0000000000001b12       0x9f /usr/lib/arm-none-eabi/newlib//libc.a(lib_a-memset.o)
 .debug_abbrev  0x0000000000001bb1      0x19a /usr/lib/arm-none-eabi/newlib//libc.a(lib_a-mlock.o)
 .debug_abbrev  0x0000000000001d4b      0x25b /usr/lib/arm-none-eabi/newlib//libc.a(lib_a-reallocr.o)
 .debug_abbrev  0x0000000000001fa6      0x1fd /usr/lib/arm-none-eabi/newlib//libc.a(lib_a-sbrkr.o)
 .debug_abbrev  0x00000000000021a3      0x22b /usr/lib/arm-none-eabi/newlib//libc.a(lib_a-stdio.o)
 .debug_abbrev  0x00000000000023ce      0x1f4 /usr/lib/arm-none-eabi/newlib//libc.a(lib_a-writer.o)
 .debug_abbrev  0x00000000000025c2      0x20b /usr/lib/arm-none-eabi/newlib//libc.a(lib_a-wsetup.o)
 .debug_abbrev  0x00000000000027cd      0x1ef /usr/lib/arm-none-eabi/newlib//libc.a(lib_a-closer.o)
 .debug_abbrev  0x00000000000029bc      0x2aa /usr/lib/arm-none-eabi/newlib//libc.a(lib_a-fclose.o)
 .debug_abbrev  0x0000000000002c66      0x2ab /usr/lib/arm-none-eabi/newlib//libc.a(lib_a-fflush.o)
 .debug_abbrev  0x0000000000002f11      0x26b /usr/lib/arm-none-eabi/newlib//libc.a(lib_a-freer.o)
 .debug_abbrev  0x000000000000317c      0x1fe /usr/lib/arm-none-eabi/newlib//libc.a(lib_a-lseekr.o)
 .debug_abbrev  0x000000000000337a      0x206 /usr/lib/arm-none-eabi/newlib//libc.a(lib_a-makebuf.o)
 .debug_abbrev  0x0000000000003580      0x1ef /usr/lib/arm-none-eabi/newlib//libc.a(lib_a-readr.o)
 .debug_abbrev  0x000000000000376f      0x25c /usr/lib/arm-none-eabi/newlib//libc.a(lib_a-reent.o)
 .debug_abbrev  0x00000000000039cb      0x1fe /usr/lib/arm-none-eabi/newlib//libc.a(lib_a-fstatr.o)
 .debug_abbrev  0x0000000000003bc9      0x1ef /usr/lib/arm-none-eabi/newlib//libc.a(lib_a-isattyr.o)
 .debug_abbrev  0x0000000000003db8       0x14 /usr/lib/gcc/arm-none-eabi/4.8.2//libgcc.a(_divsi3.o)
 .debug_abbrev  0x0000000000003dcc       0x14 /usr/lib/gcc/arm-none-eabi/4.8.2//libgcc.a(_dvmd_tls.o)

.debug_aranges  0x0000000000000000      0x588
 .debug_aranges
                0x0000000000000000       0x20 startup01.o
 .debug_aranges
                0x0000000000000020       0x20 startupadd.o
 .debug_aranges
                0x0000000000000040       0x20 mini_serialPi1.o
 .debug_aranges
                0x0000000000000060       0x20 syscalls.o
 .debug_aranges
                0x0000000000000080       0x20 led10.o
 .debug_aranges
                0x00000000000000a0       0x20 atoix_itoa.o
 .debug_aranges
                0x00000000000000c0       0x28 main80_0.o
 .debug_aranges
                0x00000000000000e8       0x20 raspGPIO1.o
 .debug_aranges
                0x0000000000000108       0x20 /usr/lib/arm-none-eabi/newlib//libc.a(lib_a-errno.o)
 .debug_aranges
                0x0000000000000128       0x18 /usr/lib/arm-none-eabi/newlib//libc.a(lib_a-impure.o)
 .debug_aranges
                0x0000000000000140       0x28 /usr/lib/arm-none-eabi/newlib//libc.a(lib_a-puts.o)
 .debug_aranges
                0x0000000000000168       0x20 /usr/lib/arm-none-eabi/newlib//libc.a(lib_a-strlen.o)
 .debug_aranges
                0x0000000000000188       0x88 /usr/lib/arm-none-eabi/newlib//libc.a(lib_a-findfp.o)
 .debug_aranges
                0x0000000000000210       0x20 /usr/lib/arm-none-eabi/newlib//libc.a(lib_a-fvwrite.o)
 .debug_aranges
                0x0000000000000230       0x28 /usr/lib/arm-none-eabi/newlib//libc.a(lib_a-fwalk.o)
 .debug_aranges
                0x0000000000000258       0x20 /usr/lib/arm-none-eabi/newlib//libc.a(lib_a-mallocr.o)
 .debug_aranges
                0x0000000000000278       0x20 /usr/lib/arm-none-eabi/newlib//libc.a(lib_a-memchr.o)
 .debug_aranges
                0x0000000000000298       0x20 /usr/lib/arm-none-eabi/newlib//libc.a(lib_a-memcpy.o)
 .debug_aranges
                0x00000000000002b8       0x20 /usr/lib/arm-none-eabi/newlib//libc.a(lib_a-memmove.o)
 .debug_aranges
                0x00000000000002d8       0x20 /usr/lib/arm-none-eabi/newlib//libc.a(lib_a-memset.o)
 .debug_aranges
                0x00000000000002f8       0x28 /usr/lib/arm-none-eabi/newlib//libc.a(lib_a-mlock.o)
 .debug_aranges
                0x0000000000000320       0x20 /usr/lib/arm-none-eabi/newlib//libc.a(lib_a-reallocr.o)
 .debug_aranges
                0x0000000000000340       0x20 /usr/lib/arm-none-eabi/newlib//libc.a(lib_a-sbrkr.o)
 .debug_aranges
                0x0000000000000360       0x40 /usr/lib/arm-none-eabi/newlib//libc.a(lib_a-stdio.o)
 .debug_aranges
                0x00000000000003a0       0x20 /usr/lib/arm-none-eabi/newlib//libc.a(lib_a-writer.o)
 .debug_aranges
                0x00000000000003c0       0x20 /usr/lib/arm-none-eabi/newlib//libc.a(lib_a-wsetup.o)
 .debug_aranges
                0x00000000000003e0       0x20 /usr/lib/arm-none-eabi/newlib//libc.a(lib_a-closer.o)
 .debug_aranges
                0x0000000000000400       0x28 /usr/lib/arm-none-eabi/newlib//libc.a(lib_a-fclose.o)
 .debug_aranges
                0x0000000000000428       0x30 /usr/lib/arm-none-eabi/newlib//libc.a(lib_a-fflush.o)
 .debug_aranges
                0x0000000000000458       0x28 /usr/lib/arm-none-eabi/newlib//libc.a(lib_a-freer.o)
 .debug_aranges
                0x0000000000000480       0x20 /usr/lib/arm-none-eabi/newlib//libc.a(lib_a-lseekr.o)
 .debug_aranges
                0x00000000000004a0       0x20 /usr/lib/arm-none-eabi/newlib//libc.a(lib_a-makebuf.o)
 .debug_aranges
                0x00000000000004c0       0x20 /usr/lib/arm-none-eabi/newlib//libc.a(lib_a-readr.o)
 .debug_aranges
                0x00000000000004e0       0x28 /usr/lib/arm-none-eabi/newlib//libc.a(lib_a-reent.o)
 .debug_aranges
                0x0000000000000508       0x20 /usr/lib/arm-none-eabi/newlib//libc.a(lib_a-fstatr.o)
 .debug_aranges
                0x0000000000000528       0x20 /usr/lib/arm-none-eabi/newlib//libc.a(lib_a-isattyr.o)
 .debug_aranges
                0x0000000000000548       0x20 /usr/lib/gcc/arm-none-eabi/4.8.2//libgcc.a(_divsi3.o)
 .debug_aranges
                0x0000000000000568       0x20 /usr/lib/gcc/arm-none-eabi/4.8.2//libgcc.a(_dvmd_tls.o)

.debug_loc      0x0000000000000000     0x4b92
 .debug_loc     0x0000000000000000      0x121 mini_serialPi1.o
 .debug_loc     0x0000000000000121      0x2bb syscalls.o
 .debug_loc     0x00000000000003dc      0x10b led10.o
 .debug_loc     0x00000000000004e7      0x2e8 atoix_itoa.o
 .debug_loc     0x00000000000007cf       0xdb main80_0.o
 .debug_loc     0x00000000000008aa      0x1ba raspGPIO1.o
 .debug_loc     0x0000000000000a64      0x129 /usr/lib/arm-none-eabi/newlib//libc.a(lib_a-puts.o)
 .debug_loc     0x0000000000000b8d       0x21 /usr/lib/arm-none-eabi/newlib//libc.a(lib_a-strlen.o)
 .debug_loc     0x0000000000000bae      0x234 /usr/lib/arm-none-eabi/newlib//libc.a(lib_a-findfp.o)
 .debug_loc     0x0000000000000de2      0x640 /usr/lib/arm-none-eabi/newlib//libc.a(lib_a-fvwrite.o)
 .debug_loc     0x0000000000001422      0x27f /usr/lib/arm-none-eabi/newlib//libc.a(lib_a-fwalk.o)
 .debug_loc     0x00000000000016a1      0xaaa /usr/lib/arm-none-eabi/newlib//libc.a(lib_a-mallocr.o)
 .debug_loc     0x000000000000214b      0x175 /usr/lib/arm-none-eabi/newlib//libc.a(lib_a-memchr.o)
 .debug_loc     0x00000000000022c0      0x217 /usr/lib/arm-none-eabi/newlib//libc.a(lib_a-memcpy.o)
 .debug_loc     0x00000000000024d7      0x2c1 /usr/lib/arm-none-eabi/newlib//libc.a(lib_a-memmove.o)
 .debug_loc     0x0000000000002798      0x198 /usr/lib/arm-none-eabi/newlib//libc.a(lib_a-memset.o)
 .debug_loc     0x0000000000002930      0xf20 /usr/lib/arm-none-eabi/newlib//libc.a(lib_a-reallocr.o)
 .debug_loc     0x0000000000003850       0x66 /usr/lib/arm-none-eabi/newlib//libc.a(lib_a-sbrkr.o)
 .debug_loc     0x00000000000038b6      0x2b5 /usr/lib/arm-none-eabi/newlib//libc.a(lib_a-stdio.o)
 .debug_loc     0x0000000000003b6b       0xa5 /usr/lib/arm-none-eabi/newlib//libc.a(lib_a-writer.o)
 .debug_loc     0x0000000000003c10       0xd4 /usr/lib/arm-none-eabi/newlib//libc.a(lib_a-wsetup.o)
 .debug_loc     0x0000000000003ce4       0x4d /usr/lib/arm-none-eabi/newlib//libc.a(lib_a-closer.o)
 .debug_loc     0x0000000000003d31      0x1ed /usr/lib/arm-none-eabi/newlib//libc.a(lib_a-fclose.o)
 .debug_loc     0x0000000000003f1e      0x31b /usr/lib/arm-none-eabi/newlib//libc.a(lib_a-fflush.o)
 .debug_loc     0x0000000000004239      0x4c4 /usr/lib/arm-none-eabi/newlib//libc.a(lib_a-freer.o)
 .debug_loc     0x00000000000046fd       0xa5 /usr/lib/arm-none-eabi/newlib//libc.a(lib_a-lseekr.o)
 .debug_loc     0x00000000000047a2      0x170 /usr/lib/arm-none-eabi/newlib//libc.a(lib_a-makebuf.o)
 .debug_loc     0x0000000000004912       0xa5 /usr/lib/arm-none-eabi/newlib//libc.a(lib_a-readr.o)
 .debug_loc     0x00000000000049b7      0x115 /usr/lib/arm-none-eabi/newlib//libc.a(lib_a-reent.o)
 .debug_loc     0x0000000000004acc       0x79 /usr/lib/arm-none-eabi/newlib//libc.a(lib_a-fstatr.o)
 .debug_loc     0x0000000000004b45       0x4d /usr/lib/arm-none-eabi/newlib//libc.a(lib_a-isattyr.o)

.debug_str      0x0000000000000000     0x18cc
 .debug_str     0x0000000000000000      0x3d0 mini_serialPi1.o
                                        0x3e2 (size before relaxing)
 .debug_str     0x00000000000003d0      0x291 syscalls.o
                                        0x396 (size before relaxing)
 .debug_str     0x0000000000000661       0x79 led10.o
                                         0xf1 (size before relaxing)
 .debug_str     0x00000000000006da       0x46 atoix_itoa.o
                                         0xe6 (size before relaxing)
 .debug_str     0x0000000000000720      0x14b main80_0.o
                                        0x26d (size before relaxing)
 .debug_str     0x000000000000086b       0x54 raspGPIO1.o
                                        0x255 (size before relaxing)
 .debug_str     0x00000000000008bf      0x439 /usr/lib/arm-none-eabi/newlib//libc.a(lib_a-errno.o)
                                        0x53b (size before relaxing)
 .debug_str     0x0000000000000cf8       0xa5 /usr/lib/arm-none-eabi/newlib//libc.a(lib_a-impure.o)
                                        0x553 (size before relaxing)
 .debug_str     0x0000000000000d9d       0xf4 /usr/lib/arm-none-eabi/newlib//libc.a(lib_a-puts.o)
                                        0x5ba (size before relaxing)
 .debug_str     0x0000000000000e91       0x95 /usr/lib/arm-none-eabi/newlib//libc.a(lib_a-strlen.o)
                                        0x18f (size before relaxing)
 .debug_str     0x0000000000000f26      0x12b /usr/lib/arm-none-eabi/newlib//libc.a(lib_a-findfp.o)
                                        0x67a (size before relaxing)
 .debug_str     0x0000000000001051       0x88 /usr/lib/arm-none-eabi/newlib//libc.a(lib_a-fvwrite.o)
                                        0x5e5 (size before relaxing)
 .debug_str     0x00000000000010d9       0x38 /usr/lib/arm-none-eabi/newlib//libc.a(lib_a-fwalk.o)
                                        0x558 (size before relaxing)
 .debug_str     0x0000000000001111      0x281 /usr/lib/arm-none-eabi/newlib//libc.a(lib_a-mallocr.o)
                                        0x762 (size before relaxing)
 .debug_str     0x0000000000001392       0x9d /usr/lib/arm-none-eabi/newlib//libc.a(lib_a-memchr.o)
                                        0x19c (size before relaxing)
 .debug_str     0x000000000000142f       0x52 /usr/lib/arm-none-eabi/newlib//libc.a(lib_a-memcpy.o)
                                        0x1a9 (size before relaxing)
 .debug_str     0x0000000000001481       0x35 /usr/lib/arm-none-eabi/newlib//libc.a(lib_a-memmove.o)
                                        0x1b5 (size before relaxing)
 .debug_str     0x00000000000014b6       0x3f /usr/lib/arm-none-eabi/newlib//libc.a(lib_a-memset.o)
                                        0x196 (size before relaxing)
 .debug_str     0x00000000000014f5       0x3f /usr/lib/arm-none-eabi/newlib//libc.a(lib_a-mlock.o)
                                        0x55c (size before relaxing)
 .debug_str     0x0000000000001534       0x4e /usr/lib/arm-none-eabi/newlib//libc.a(lib_a-reallocr.o)
                                        0x634 (size before relaxing)
 .debug_str     0x0000000000001582       0x29 /usr/lib/arm-none-eabi/newlib//libc.a(lib_a-sbrkr.o)
                                        0x54a (size before relaxing)
 .debug_str     0x00000000000015ab       0x89 /usr/lib/arm-none-eabi/newlib//libc.a(lib_a-stdio.o)
                                        0x5ae (size before relaxing)
 .debug_str     0x0000000000001634       0x2a /usr/lib/arm-none-eabi/newlib//libc.a(lib_a-writer.o)
                                        0x547 (size before relaxing)
 .debug_str     0x000000000000165e       0x37 /usr/lib/arm-none-eabi/newlib//libc.a(lib_a-wsetup.o)
                                        0x572 (size before relaxing)
 .debug_str     0x0000000000001695       0x2a /usr/lib/arm-none-eabi/newlib//libc.a(lib_a-closer.o)
                                        0x537 (size before relaxing)
 .debug_str     0x00000000000016bf       0x4b /usr/lib/arm-none-eabi/newlib//libc.a(lib_a-fclose.o)
                                        0x5a0 (size before relaxing)
 .debug_str     0x000000000000170a       0x42 /usr/lib/arm-none-eabi/newlib//libc.a(lib_a-fflush.o)
                                        0x5b3 (size before relaxing)
 .debug_str     0x000000000000174c       0x34 /usr/lib/arm-none-eabi/newlib//libc.a(lib_a-freer.o)
                                        0x6ac (size before relaxing)
 .debug_str     0x0000000000001780       0x2a /usr/lib/arm-none-eabi/newlib//libc.a(lib_a-lseekr.o)
                                        0x545 (size before relaxing)
 .debug_str     0x00000000000017aa       0x49 /usr/lib/arm-none-eabi/newlib//libc.a(lib_a-makebuf.o)
                                        0x655 (size before relaxing)
 .debug_str     0x00000000000017f3       0x29 /usr/lib/arm-none-eabi/newlib//libc.a(lib_a-readr.o)
                                        0x545 (size before relaxing)
 .debug_str     0x000000000000181c       0x55 /usr/lib/arm-none-eabi/newlib//libc.a(lib_a-reent.o)
                                        0x572 (size before relaxing)
 .debug_str     0x0000000000001871       0x30 /usr/lib/arm-none-eabi/newlib//libc.a(lib_a-fstatr.o)
                                        0x62a (size before relaxing)
 .debug_str     0x00000000000018a1       0x2b /usr/lib/arm-none-eabi/newlib//libc.a(lib_a-isattyr.o)
                                        0x541 (size before relaxing)

.debug_frame    0x0000000000000000      0xef0
 .debug_frame   0x0000000000000000       0x9c mini_serialPi1.o
 .debug_frame   0x000000000000009c      0x190 syscalls.o
 .debug_frame   0x000000000000022c       0xe0 led10.o
 .debug_frame   0x000000000000030c       0x90 atoix_itoa.o
 .debug_frame   0x000000000000039c       0xc0 main80_0.o
 .debug_frame   0x000000000000045c       0xe8 raspGPIO1.o
 .debug_frame   0x0000000000000544       0x20 /usr/lib/arm-none-eabi/newlib//libc.a(lib_a-errno.o)
 .debug_frame   0x0000000000000564       0x4c /usr/lib/arm-none-eabi/newlib//libc.a(lib_a-puts.o)
 .debug_frame   0x00000000000005b0       0x20 /usr/lib/arm-none-eabi/newlib//libc.a(lib_a-strlen.o)
 .debug_frame   0x00000000000005d0      0x174 /usr/lib/arm-none-eabi/newlib//libc.a(lib_a-findfp.o)
 .debug_frame   0x0000000000000744       0x80 /usr/lib/arm-none-eabi/newlib//libc.a(lib_a-fvwrite.o)
 .debug_frame   0x00000000000007c4       0x80 /usr/lib/arm-none-eabi/newlib//libc.a(lib_a-fwalk.o)
 .debug_frame   0x0000000000000844       0x84 /usr/lib/arm-none-eabi/newlib//libc.a(lib_a-mallocr.o)
 .debug_frame   0x00000000000008c8       0x3c /usr/lib/arm-none-eabi/newlib//libc.a(lib_a-memchr.o)
 .debug_frame   0x0000000000000904       0x38 /usr/lib/arm-none-eabi/newlib//libc.a(lib_a-memcpy.o)
 .debug_frame   0x000000000000093c       0x40 /usr/lib/arm-none-eabi/newlib//libc.a(lib_a-memmove.o)
 .debug_frame   0x000000000000097c       0x30 /usr/lib/arm-none-eabi/newlib//libc.a(lib_a-memset.o)
 .debug_frame   0x00000000000009ac       0x30 /usr/lib/arm-none-eabi/newlib//libc.a(lib_a-mlock.o)
 .debug_frame   0x00000000000009dc       0x70 /usr/lib/arm-none-eabi/newlib//libc.a(lib_a-reallocr.o)
 .debug_frame   0x0000000000000a4c       0x3c /usr/lib/arm-none-eabi/newlib//libc.a(lib_a-sbrkr.o)
 .debug_frame   0x0000000000000a88       0x9c /usr/lib/arm-none-eabi/newlib//libc.a(lib_a-stdio.o)
 .debug_frame   0x0000000000000b24       0x34 /usr/lib/arm-none-eabi/newlib//libc.a(lib_a-writer.o)
 .debug_frame   0x0000000000000b58       0x40 /usr/lib/arm-none-eabi/newlib//libc.a(lib_a-wsetup.o)
 .debug_frame   0x0000000000000b98       0x34 /usr/lib/arm-none-eabi/newlib//libc.a(lib_a-closer.o)
 .debug_frame   0x0000000000000bcc       0x58 /usr/lib/arm-none-eabi/newlib//libc.a(lib_a-fclose.o)
 .debug_frame   0x0000000000000c24       0xa8 /usr/lib/arm-none-eabi/newlib//libc.a(lib_a-fflush.o)
 .debug_frame   0x0000000000000ccc       0x78 /usr/lib/arm-none-eabi/newlib//libc.a(lib_a-freer.o)
 .debug_frame   0x0000000000000d44       0x34 /usr/lib/arm-none-eabi/newlib//libc.a(lib_a-lseekr.o)
 .debug_frame   0x0000000000000d78       0x58 /usr/lib/arm-none-eabi/newlib//libc.a(lib_a-makebuf.o)
 .debug_frame   0x0000000000000dd0       0x34 /usr/lib/arm-none-eabi/newlib//libc.a(lib_a-readr.o)
 .debug_frame   0x0000000000000e04       0x64 /usr/lib/arm-none-eabi/newlib//libc.a(lib_a-reent.o)
 .debug_frame   0x0000000000000e68       0x34 /usr/lib/arm-none-eabi/newlib//libc.a(lib_a-fstatr.o)
 .debug_frame   0x0000000000000e9c       0x34 /usr/lib/arm-none-eabi/newlib//libc.a(lib_a-isattyr.o)
 .debug_frame   0x0000000000000ed0       0x20 /usr/lib/gcc/arm-none-eabi/4.8.2//libgcc.a(_divsi3.o)

.debug_ranges   0x0000000000000000      0x4e8
 .debug_ranges  0x0000000000000000       0x18 led10.o
 .debug_ranges  0x0000000000000018       0x18 main80_0.o
 .debug_ranges  0x0000000000000030       0x10 /usr/lib/arm-none-eabi/newlib//libc.a(lib_a-errno.o)
 .debug_ranges  0x0000000000000040       0x40 /usr/lib/arm-none-eabi/newlib//libc.a(lib_a-puts.o)
 .debug_ranges  0x0000000000000080       0x10 /usr/lib/arm-none-eabi/newlib//libc.a(lib_a-strlen.o)
 .debug_ranges  0x0000000000000090       0xe0 /usr/lib/arm-none-eabi/newlib//libc.a(lib_a-findfp.o)
 .debug_ranges  0x0000000000000170       0x38 /usr/lib/arm-none-eabi/newlib//libc.a(lib_a-fvwrite.o)
 .debug_ranges  0x00000000000001a8       0x18 /usr/lib/arm-none-eabi/newlib//libc.a(lib_a-fwalk.o)
 .debug_ranges  0x00000000000001c0       0x30 /usr/lib/arm-none-eabi/newlib//libc.a(lib_a-mallocr.o)
 .debug_ranges  0x00000000000001f0       0x10 /usr/lib/arm-none-eabi/newlib//libc.a(lib_a-memchr.o)
 .debug_ranges  0x0000000000000200       0x10 /usr/lib/arm-none-eabi/newlib//libc.a(lib_a-memcpy.o)
 .debug_ranges  0x0000000000000210       0x10 /usr/lib/arm-none-eabi/newlib//libc.a(lib_a-memmove.o)
 .debug_ranges  0x0000000000000220       0x10 /usr/lib/arm-none-eabi/newlib//libc.a(lib_a-memset.o)
 .debug_ranges  0x0000000000000230       0x18 /usr/lib/arm-none-eabi/newlib//libc.a(lib_a-mlock.o)
 .debug_ranges  0x0000000000000248       0xe8 /usr/lib/arm-none-eabi/newlib//libc.a(lib_a-reallocr.o)
 .debug_ranges  0x0000000000000330       0x10 /usr/lib/arm-none-eabi/newlib//libc.a(lib_a-sbrkr.o)
 .debug_ranges  0x0000000000000340       0x30 /usr/lib/arm-none-eabi/newlib//libc.a(lib_a-stdio.o)
 .debug_ranges  0x0000000000000370       0x10 /usr/lib/arm-none-eabi/newlib//libc.a(lib_a-writer.o)
 .debug_ranges  0x0000000000000380       0x30 /usr/lib/arm-none-eabi/newlib//libc.a(lib_a-wsetup.o)
 .debug_ranges  0x00000000000003b0       0x10 /usr/lib/arm-none-eabi/newlib//libc.a(lib_a-closer.o)
 .debug_ranges  0x00000000000003c0       0x50 /usr/lib/arm-none-eabi/newlib//libc.a(lib_a-fclose.o)
 .debug_ranges  0x0000000000000410       0x58 /usr/lib/arm-none-eabi/newlib//libc.a(lib_a-fflush.o)
 .debug_ranges  0x0000000000000468       0x18 /usr/lib/arm-none-eabi/newlib//libc.a(lib_a-freer.o)
 .debug_ranges  0x0000000000000480       0x10 /usr/lib/arm-none-eabi/newlib//libc.a(lib_a-lseekr.o)
 .debug_ranges  0x0000000000000490       0x10 /usr/lib/arm-none-eabi/newlib//libc.a(lib_a-makebuf.o)
 .debug_ranges  0x00000000000004a0       0x10 /usr/lib/arm-none-eabi/newlib//libc.a(lib_a-readr.o)
 .debug_ranges  0x00000000000004b0       0x18 /usr/lib/arm-none-eabi/newlib//libc.a(lib_a-reent.o)
 .debug_ranges  0x00000000000004c8       0x10 /usr/lib/arm-none-eabi/newlib//libc.a(lib_a-fstatr.o)
 .debug_ranges  0x00000000000004d8       0x10 /usr/lib/arm-none-eabi/newlib//libc.a(lib_a-isattyr.o)
