Archive member included to satisfy reference by file (symbol)

/usr/lib/arm-none-eabi/newlib//libc.a(lib_a-errno.o)
                              syscalls.o (__errno)
/usr/lib/arm-none-eabi/newlib//libc.a(lib_a-impure.o)
                              /usr/lib/arm-none-eabi/newlib//libc.a(lib_a-errno.o) (_impure_ptr)
/usr/lib/arm-none-eabi/newlib//libc.a(lib_a-memcpy.o)
                              ../cmn00/AQM0802p.o (memcpy)
/usr/lib/arm-none-eabi/newlib//libc.a(lib_a-puts.o)
                              raspGPIO1.o (puts)
/usr/lib/arm-none-eabi/newlib//libc.a(lib_a-strlen.o)
                              /usr/lib/arm-none-eabi/newlib//libc.a(lib_a-puts.o) (strlen)
/usr/lib/arm-none-eabi/newlib//libc.a(lib_a-findfp.o)
                              /usr/lib/arm-none-eabi/newlib//libc.a(lib_a-puts.o) (__sinit)
/usr/lib/arm-none-eabi/newlib//libc.a(lib_a-fvwrite.o)
                              /usr/lib/arm-none-eabi/newlib//libc.a(lib_a-puts.o) (__sfvwrite_r)
/usr/lib/arm-none-eabi/newlib//libc.a(lib_a-fwalk.o)
                              /usr/lib/arm-none-eabi/newlib//libc.a(lib_a-findfp.o) (_fwalk)
/usr/lib/arm-none-eabi/newlib//libc.a(lib_a-mallocr.o)
                              /usr/lib/arm-none-eabi/newlib//libc.a(lib_a-findfp.o) (_malloc_r)
/usr/lib/arm-none-eabi/newlib//libc.a(lib_a-memchr.o)
                              /usr/lib/arm-none-eabi/newlib//libc.a(lib_a-fvwrite.o) (memchr)
/usr/lib/arm-none-eabi/newlib//libc.a(lib_a-memmove.o)
                              /usr/lib/arm-none-eabi/newlib//libc.a(lib_a-fvwrite.o) (memmove)
/usr/lib/arm-none-eabi/newlib//libc.a(lib_a-memset.o)
                              /usr/lib/arm-none-eabi/newlib//libc.a(lib_a-findfp.o) (memset)
/usr/lib/arm-none-eabi/newlib//libc.a(lib_a-mlock.o)
                              /usr/lib/arm-none-eabi/newlib//libc.a(lib_a-mallocr.o) (__malloc_lock)
/usr/lib/arm-none-eabi/newlib//libc.a(lib_a-reallocr.o)
                              /usr/lib/arm-none-eabi/newlib//libc.a(lib_a-fvwrite.o) (_realloc_r)
/usr/lib/arm-none-eabi/newlib//libc.a(lib_a-sbrkr.o)
                              /usr/lib/arm-none-eabi/newlib//libc.a(lib_a-mallocr.o) (_sbrk_r)
/usr/lib/arm-none-eabi/newlib//libc.a(lib_a-stdio.o)
                              /usr/lib/arm-none-eabi/newlib//libc.a(lib_a-findfp.o) (__sread)
/usr/lib/arm-none-eabi/newlib//libc.a(lib_a-writer.o)
                              /usr/lib/arm-none-eabi/newlib//libc.a(lib_a-stdio.o) (_write_r)
/usr/lib/arm-none-eabi/newlib//libc.a(lib_a-wsetup.o)
                              /usr/lib/arm-none-eabi/newlib//libc.a(lib_a-fvwrite.o) (__swsetup_r)
/usr/lib/arm-none-eabi/newlib//libc.a(lib_a-closer.o)
                              /usr/lib/arm-none-eabi/newlib//libc.a(lib_a-stdio.o) (_close_r)
/usr/lib/arm-none-eabi/newlib//libc.a(lib_a-fclose.o)
                              /usr/lib/arm-none-eabi/newlib//libc.a(lib_a-findfp.o) (_fclose_r)
/usr/lib/arm-none-eabi/newlib//libc.a(lib_a-fflush.o)
                              /usr/lib/arm-none-eabi/newlib//libc.a(lib_a-fclose.o) (__sflush_r)
/usr/lib/arm-none-eabi/newlib//libc.a(lib_a-freer.o)
                              /usr/lib/arm-none-eabi/newlib//libc.a(lib_a-fvwrite.o) (_free_r)
/usr/lib/arm-none-eabi/newlib//libc.a(lib_a-lseekr.o)
                              /usr/lib/arm-none-eabi/newlib//libc.a(lib_a-stdio.o) (_lseek_r)
/usr/lib/arm-none-eabi/newlib//libc.a(lib_a-makebuf.o)
                              /usr/lib/arm-none-eabi/newlib//libc.a(lib_a-wsetup.o) (__smakebuf_r)
/usr/lib/arm-none-eabi/newlib//libc.a(lib_a-readr.o)
                              /usr/lib/arm-none-eabi/newlib//libc.a(lib_a-stdio.o) (_read_r)
/usr/lib/arm-none-eabi/newlib//libc.a(lib_a-reent.o)
                              /usr/lib/arm-none-eabi/newlib//libc.a(lib_a-sbrkr.o) (errno)
/usr/lib/arm-none-eabi/newlib//libc.a(lib_a-fstatr.o)
                              /usr/lib/arm-none-eabi/newlib//libc.a(lib_a-makebuf.o) (_fstat_r)
/usr/lib/arm-none-eabi/newlib//libc.a(lib_a-isattyr.o)
                              /usr/lib/arm-none-eabi/newlib//libc.a(lib_a-makebuf.o) (_isatty_r)
/usr/lib/gcc/arm-none-eabi/4.8.2//libgcc.a(_divsi3.o)
                              /usr/lib/arm-none-eabi/newlib//libc.a(lib_a-fvwrite.o) (__aeabi_idiv)
/usr/lib/gcc/arm-none-eabi/4.8.2//libgcc.a(_dvmd_tls.o)
                              /usr/lib/gcc/arm-none-eabi/4.8.2//libgcc.a(_divsi3.o) (__aeabi_idiv0)
/usr/lib/gcc/arm-none-eabi/4.8.2//libgcc.a(_arm_addsubdf3.o)
                              ../cmn00/ADT7310.o (__aeabi_ui2d)
/usr/lib/gcc/arm-none-eabi/4.8.2//libgcc.a(_arm_muldivdf3.o)
                              ../cmn00/ADT7310.o (__aeabi_dmul)
/usr/lib/gcc/arm-none-eabi/4.8.2//libgcc.a(_arm_truncdfsf2.o)
                              ../cmn00/ADT7310.o (__aeabi_d2f)

Allocating common symbols
Common symbol       size              file

prev_heap_end       0x4               syscalls.o
rxBufferLength      0x4               i2c1.o
errno               0x4               /usr/lib/arm-none-eabi/newlib//libc.a(lib_a-reent.o)
txBufferLength      0x4               i2c1.o
rxBufferIndex       0x4               i2c1.o
rxBuffer            0x40              i2c1.o
txBuffer            0x40              i2c1.o
txBufferIndex       0x4               i2c1.o

Memory Configuration

Name             Origin             Length             Attributes
ram              0x0000000000008000 0x0000000000078000 xrw
*default*        0x0000000000000000 0xffffffffffffffff

Linker script and memory map

                0x0000000000008000                . = 0x8000

.text           0x0000000000008000     0x54c4
 *(.text*)
 .text          0x0000000000008000       0xb0 startup01.o
                0x0000000000008000                _start
                0x0000000000008024                _hangup
                0x0000000000008040                enable_IRQ
                0x0000000000008050                disable_IRQ
                0x0000000000008064                getmode
                0x000000000000806c                _initial_vector_start
                0x00000000000080ac                _initial_vector_end
 .text          0x00000000000080b0       0xc0 startupadd.o
                0x00000000000080b0                interruptDisable
                0x00000000000080c0                interruptEnable
                0x00000000000080d0                readVectorBaseRegister
                0x00000000000080d8                writeVectorBaseRegister
                0x00000000000080e0                writeVectorBaseRegister00
                0x00000000000080f0                setHighVector
                0x0000000000008104                setLowVector
                0x0000000000008118                readSCTLR
                0x0000000000008120                disableInstructionCache
                0x0000000000008138                disableDataCache
                0x0000000000008150                disableMMU
                0x0000000000008164                undefInst
 .text          0x0000000000008170      0x3b0 serial.o
                0x0000000000008170                delay150
                0x00000000000081d8                Serial_begin
                0x0000000000008334                Serial_end
                0x0000000000008348                Serial_available
                0x0000000000008364                Serial_write
                0x00000000000083b4                serialGetChar
                0x00000000000083d8                serialPutChar
                0x00000000000083fc                serialPutStr
                0x0000000000008434                uart0_puts
                0x00000000000084c0                uart0_gets
 .text          0x0000000000008520      0x354 gpio.o
                0x0000000000008520                init_gpio
                0x0000000000008588                setPullUpDown
                0x0000000000008618                pinMode
                0x000000000000879c                digitalWrite
                0x0000000000008820                digitalRead
 .text          0x0000000000008874      0x164 syscalls.o
                0x0000000000008874                initialise_monitor_handles
                0x0000000000008878                _read
                0x0000000000008880                _lseek
                0x0000000000008888                _write
                0x00000000000088b8                _open
                0x00000000000088c8                _close
                0x00000000000088d0                _exit
                0x00000000000088d4                _kill
                0x00000000000088dc                _getpid
                0x00000000000088e4                _sbrk
                0x0000000000008918                _fstat
                0x0000000000008920                _stat
                0x0000000000008928                _link
                0x0000000000008930                _unlink
                0x0000000000008938                _raise
                0x000000000000893c                _gettimeofday
                0x0000000000008964                _times
                0x0000000000008984                _isatty
                0x000000000000898c                _system
                0x00000000000089bc                _rename
 .text          0x00000000000089d8      0x16c led10.o
                0x0000000000008a08                ledInit
                0x0000000000008a60                ledTogglePi2
                0x0000000000008a90                ledToggle
                0x0000000000008aac                ledTogglePin
                0x0000000000008abc                ledOn
                0x0000000000008b00                ledOff
 .text          0x0000000000008b44      0x15c mini_serialPi1.o
                0x0000000000008b44                m_serialGetChar
                0x0000000000008b68                m_serialPutChar
                0x0000000000008ba8                m_serialPutStr
                0x0000000000008bd4                m_serialInit
                0x0000000000008c94                m_Serial_begin
                0x0000000000008c98                noOperation
 .text          0x0000000000008ca0       0x30 buzzer.o
                0x0000000000008ca0                buzzerInit
                0x0000000000008cb8                buzzerToggle
 .text          0x0000000000008cd0       0xc8 buttonPi1.o
                0x0000000000008cd0                buttonRead
                0x0000000000008d10                buttonDebounce
                0x0000000000008d44                buttonInit
 .text          0x0000000000008d98      0x530 i2c1.o
                0x0000000000008e24                Wire1_setSpeed
                0x0000000000008e34                Wire1_begin
                0x0000000000008ea4                Wire1_requestFrom
                0x0000000000009080                Wire1_beginTransmission
                0x00000000000090bc                Wire1_endTransmission
                0x00000000000091f0                Wire1_writeByte
                0x0000000000009228                Wire1_writeString
                0x0000000000009258                Wire1_writeData
                0x0000000000009268                Wire1_available
                0x0000000000009288                Wire1_read
 .text          0x00000000000092c8      0x2d4 spi0.o
                0x00000000000092c8                SPI0_begin
                0x00000000000093b0                SPI0_end
                0x00000000000093c4                SPI0_setBitOrder
                0x00000000000093d4                SPI0_setClockDivider
                0x00000000000093f0                SPI0_setDataMode
                0x000000000000945c                changeBitOrder
                0x000000000000948c                SPI0_transfer
 .text          0x000000000000959c      0x288 raspGPIO1.o
                0x000000000000959c                delay00
                0x0000000000009608                gpio_configure
                0x0000000000009670                gpio_set
                0x00000000000096d0                gpio_clear
                0x0000000000009730                gpio_read
                0x0000000000009794                ledTogglePi0
                0x00000000000097b8                gpio_configure_pull
 .text          0x0000000000009824       0xdc ../cmn00/timer.o
                0x0000000000009824                init_syst
                0x000000000000983c                get_systime
                0x000000000000987c                delay_ms
 .text          0x0000000000009900       0xdc ../cmn00/ADT7310.o
                0x0000000000009900                adt7310_initialize
                0x0000000000009944                adt7310_getTemperature
 .text          0x00000000000099dc      0x35c ../cmn00/AQM0802p.o
                0x00000000000099dc                aqm0802_init
                0x0000000000009aa0                aqm0802_cleardisplay
                0x0000000000009ae8                aqm0802_print_line
                0x0000000000009b88                LCDputs
                0x0000000000009c08                LCDputchar
                0x0000000000009c54                LCDgotoxy
                0x0000000000009cc8                LCDgotoxyint
 .text          0x0000000000009d38      0x100 main000.o
                0x0000000000009d38                serialPutStrXXX
                0x0000000000009d64                delay_ms00
                0x0000000000009dd0                delay
                0x0000000000009dd4                initializeMemory
                0x0000000000009e34                interruptServiceRoutine
 .text.startup  0x0000000000009e38       0x54 main000.o
                0x0000000000009e38                main
 .text          0x0000000000009e8c      0x1f4 ../cmn00/atoix_itoa.o
                0x0000000000009e8c                atoi0
                0x0000000000009ed0                itoa0
                0x0000000000009f74                itoaxval0
                0x000000000000a008                putxval0
 .text          0x000000000000a080        0x0 /usr/lib/arm-none-eabi/newlib//libc.a(lib_a-errno.o)
 .text.__errno  0x000000000000a080       0x10 /usr/lib/arm-none-eabi/newlib//libc.a(lib_a-errno.o)
                0x000000000000a080                __errno
 .text          0x000000000000a090        0x0 /usr/lib/arm-none-eabi/newlib//libc.a(lib_a-impure.o)
 .text          0x000000000000a090        0x0 /usr/lib/arm-none-eabi/newlib//libc.a(lib_a-memcpy.o)
 .text.memcpy   0x000000000000a090       0xf0 /usr/lib/arm-none-eabi/newlib//libc.a(lib_a-memcpy.o)
                0x000000000000a090                memcpy
 .text          0x000000000000a180        0x0 /usr/lib/arm-none-eabi/newlib//libc.a(lib_a-puts.o)
 .text._puts_r  0x000000000000a180       0xac /usr/lib/arm-none-eabi/newlib//libc.a(lib_a-puts.o)
                0x000000000000a180                _puts_r
 .text.puts     0x000000000000a22c       0x14 /usr/lib/arm-none-eabi/newlib//libc.a(lib_a-puts.o)
                0x000000000000a22c                puts
 .text          0x000000000000a240        0x0 /usr/lib/arm-none-eabi/newlib//libc.a(lib_a-strlen.o)
 .text.strlen   0x000000000000a240       0x60 /usr/lib/arm-none-eabi/newlib//libc.a(lib_a-strlen.o)
                0x000000000000a240                strlen
 .text          0x000000000000a2a0        0x0 /usr/lib/arm-none-eabi/newlib//libc.a(lib_a-findfp.o)
 .text.__fp_lock
                0x000000000000a2a0        0x8 /usr/lib/arm-none-eabi/newlib//libc.a(lib_a-findfp.o)
 .text.__fp_unlock
                0x000000000000a2a8        0x8 /usr/lib/arm-none-eabi/newlib//libc.a(lib_a-findfp.o)
 .text._cleanup_r
                0x000000000000a2b0       0x18 /usr/lib/arm-none-eabi/newlib//libc.a(lib_a-findfp.o)
                0x000000000000a2b0                _cleanup_r
 .text.__sinit.part.1
                0x000000000000a2c8      0x160 /usr/lib/arm-none-eabi/newlib//libc.a(lib_a-findfp.o)
 .text.__sfmoreglue
                0x000000000000a428       0x50 /usr/lib/arm-none-eabi/newlib//libc.a(lib_a-findfp.o)
                0x000000000000a428                __sfmoreglue
 .text.__sfp    0x000000000000a478       0xec /usr/lib/arm-none-eabi/newlib//libc.a(lib_a-findfp.o)
                0x000000000000a478                __sfp
 .text._cleanup
                0x000000000000a564       0x24 /usr/lib/arm-none-eabi/newlib//libc.a(lib_a-findfp.o)
                0x000000000000a564                _cleanup
 .text.__sinit  0x000000000000a588       0x10 /usr/lib/arm-none-eabi/newlib//libc.a(lib_a-findfp.o)
                0x000000000000a588                __sinit
 .text.__sfp_lock_acquire
                0x000000000000a598        0x4 /usr/lib/arm-none-eabi/newlib//libc.a(lib_a-findfp.o)
                0x000000000000a598                __sfp_lock_acquire
 .text.__sfp_lock_release
                0x000000000000a59c        0x4 /usr/lib/arm-none-eabi/newlib//libc.a(lib_a-findfp.o)
                0x000000000000a59c                __sfp_lock_release
 .text.__sinit_lock_acquire
                0x000000000000a5a0        0x4 /usr/lib/arm-none-eabi/newlib//libc.a(lib_a-findfp.o)
                0x000000000000a5a0                __sinit_lock_acquire
 .text.__sinit_lock_release
                0x000000000000a5a4        0x4 /usr/lib/arm-none-eabi/newlib//libc.a(lib_a-findfp.o)
                0x000000000000a5a4                __sinit_lock_release
 .text.__fp_lock_all
                0x000000000000a5a8       0x24 /usr/lib/arm-none-eabi/newlib//libc.a(lib_a-findfp.o)
                0x000000000000a5a8                __fp_lock_all
 .text.__fp_unlock_all
                0x000000000000a5cc       0x24 /usr/lib/arm-none-eabi/newlib//libc.a(lib_a-findfp.o)
                0x000000000000a5cc                __fp_unlock_all
 .text          0x000000000000a5f0        0x0 /usr/lib/arm-none-eabi/newlib//libc.a(lib_a-fvwrite.o)
 .text.__sfvwrite_r
                0x000000000000a5f0      0x4ec /usr/lib/arm-none-eabi/newlib//libc.a(lib_a-fvwrite.o)
                0x000000000000a5f0                __sfvwrite_r
 .text          0x000000000000aadc        0x0 /usr/lib/arm-none-eabi/newlib//libc.a(lib_a-fwalk.o)
 .text._fwalk   0x000000000000aadc       0x84 /usr/lib/arm-none-eabi/newlib//libc.a(lib_a-fwalk.o)
                0x000000000000aadc                _fwalk
 .text._fwalk_reent
                0x000000000000ab60       0x8c /usr/lib/arm-none-eabi/newlib//libc.a(lib_a-fwalk.o)
                0x000000000000ab60                _fwalk_reent
 .text          0x000000000000abec        0x0 /usr/lib/arm-none-eabi/newlib//libc.a(lib_a-mallocr.o)
 .text._malloc_r
                0x000000000000abec      0x750 /usr/lib/arm-none-eabi/newlib//libc.a(lib_a-mallocr.o)
                0x000000000000abec                _malloc_r
 .text          0x000000000000b33c        0x0 /usr/lib/arm-none-eabi/newlib//libc.a(lib_a-memchr.o)
 .text.memchr   0x000000000000b33c      0x118 /usr/lib/arm-none-eabi/newlib//libc.a(lib_a-memchr.o)
                0x000000000000b33c                memchr
 .text          0x000000000000b454        0x0 /usr/lib/arm-none-eabi/newlib//libc.a(lib_a-memmove.o)
 .text.memmove  0x000000000000b454      0x12c /usr/lib/arm-none-eabi/newlib//libc.a(lib_a-memmove.o)
                0x000000000000b454                memmove
 .text          0x000000000000b580        0x0 /usr/lib/arm-none-eabi/newlib//libc.a(lib_a-memset.o)
 .text.memset   0x000000000000b580       0xf4 /usr/lib/arm-none-eabi/newlib//libc.a(lib_a-memset.o)
                0x000000000000b580                memset
 .text          0x000000000000b674        0x0 /usr/lib/arm-none-eabi/newlib//libc.a(lib_a-mlock.o)
 .text.__malloc_lock
                0x000000000000b674        0x4 /usr/lib/arm-none-eabi/newlib//libc.a(lib_a-mlock.o)
                0x000000000000b674                __malloc_lock
 .text.__malloc_unlock
                0x000000000000b678        0x4 /usr/lib/arm-none-eabi/newlib//libc.a(lib_a-mlock.o)
                0x000000000000b678                __malloc_unlock
 .text          0x000000000000b67c        0x0 /usr/lib/arm-none-eabi/newlib//libc.a(lib_a-reallocr.o)
 .text._realloc_r
                0x000000000000b67c      0x584 /usr/lib/arm-none-eabi/newlib//libc.a(lib_a-reallocr.o)
                0x000000000000b67c                _realloc_r
 .text          0x000000000000bc00        0x0 /usr/lib/arm-none-eabi/newlib//libc.a(lib_a-sbrkr.o)
 .text._sbrk_r  0x000000000000bc00       0x44 /usr/lib/arm-none-eabi/newlib//libc.a(lib_a-sbrkr.o)
                0x000000000000bc00                _sbrk_r
 .text          0x000000000000bc44        0x0 /usr/lib/arm-none-eabi/newlib//libc.a(lib_a-stdio.o)
 .text.__sread  0x000000000000bc44       0x34 /usr/lib/arm-none-eabi/newlib//libc.a(lib_a-stdio.o)
                0x000000000000bc44                __sread
 .text.__seofread
                0x000000000000bc78        0x8 /usr/lib/arm-none-eabi/newlib//libc.a(lib_a-stdio.o)
                0x000000000000bc78                __seofread
 .text.__swrite
                0x000000000000bc80       0x58 /usr/lib/arm-none-eabi/newlib//libc.a(lib_a-stdio.o)
                0x000000000000bc80                __swrite
 .text.__sseek  0x000000000000bcd8       0x30 /usr/lib/arm-none-eabi/newlib//libc.a(lib_a-stdio.o)
                0x000000000000bcd8                __sseek
 .text.__sclose
                0x000000000000bd08       0x14 /usr/lib/arm-none-eabi/newlib//libc.a(lib_a-stdio.o)
                0x000000000000bd08                __sclose
 .text          0x000000000000bd1c        0x0 /usr/lib/arm-none-eabi/newlib//libc.a(lib_a-writer.o)
 .text._write_r
                0x000000000000bd1c       0x44 /usr/lib/arm-none-eabi/newlib//libc.a(lib_a-writer.o)
                0x000000000000bd1c                _write_r
 .text          0x000000000000bd60        0x0 /usr/lib/arm-none-eabi/newlib//libc.a(lib_a-wsetup.o)
 .text.__swsetup_r
                0x000000000000bd60      0x15c /usr/lib/arm-none-eabi/newlib//libc.a(lib_a-wsetup.o)
                0x000000000000bd60                __swsetup_r
 .text          0x000000000000bebc        0x0 /usr/lib/arm-none-eabi/newlib//libc.a(lib_a-closer.o)
 .text._close_r
                0x000000000000bebc       0x3c /usr/lib/arm-none-eabi/newlib//libc.a(lib_a-closer.o)
                0x000000000000bebc                _close_r
 .text          0x000000000000bef8        0x0 /usr/lib/arm-none-eabi/newlib//libc.a(lib_a-fclose.o)
 .text._fclose_r
                0x000000000000bef8       0xfc /usr/lib/arm-none-eabi/newlib//libc.a(lib_a-fclose.o)
                0x000000000000bef8                _fclose_r
 .text.fclose   0x000000000000bff4       0x14 /usr/lib/arm-none-eabi/newlib//libc.a(lib_a-fclose.o)
                0x000000000000bff4                fclose
 .text          0x000000000000c008        0x0 /usr/lib/arm-none-eabi/newlib//libc.a(lib_a-fflush.o)
 .text.__sflush_r
                0x000000000000c008      0x240 /usr/lib/arm-none-eabi/newlib//libc.a(lib_a-fflush.o)
                0x000000000000c008                __sflush_r
 .text._fflush_r
                0x000000000000c248       0x54 /usr/lib/arm-none-eabi/newlib//libc.a(lib_a-fflush.o)
                0x000000000000c248                _fflush_r
 .text.fflush   0x000000000000c29c       0x3c /usr/lib/arm-none-eabi/newlib//libc.a(lib_a-fflush.o)
                0x000000000000c29c                fflush
 .text          0x000000000000c2d8        0x0 /usr/lib/arm-none-eabi/newlib//libc.a(lib_a-freer.o)
 .text._malloc_trim_r
                0x000000000000c2d8      0x100 /usr/lib/arm-none-eabi/newlib//libc.a(lib_a-freer.o)
                0x000000000000c2d8                _malloc_trim_r
 .text._free_r  0x000000000000c3d8      0x2bc /usr/lib/arm-none-eabi/newlib//libc.a(lib_a-freer.o)
                0x000000000000c3d8                _free_r
 .text          0x000000000000c694        0x0 /usr/lib/arm-none-eabi/newlib//libc.a(lib_a-lseekr.o)
 .text._lseek_r
                0x000000000000c694       0x44 /usr/lib/arm-none-eabi/newlib//libc.a(lib_a-lseekr.o)
                0x000000000000c694                _lseek_r
 .text          0x000000000000c6d8        0x0 /usr/lib/arm-none-eabi/newlib//libc.a(lib_a-makebuf.o)
 .text.__smakebuf_r
                0x000000000000c6d8      0x168 /usr/lib/arm-none-eabi/newlib//libc.a(lib_a-makebuf.o)
                0x000000000000c6d8                __smakebuf_r
 .text          0x000000000000c840        0x0 /usr/lib/arm-none-eabi/newlib//libc.a(lib_a-readr.o)
 .text._read_r  0x000000000000c840       0x44 /usr/lib/arm-none-eabi/newlib//libc.a(lib_a-readr.o)
                0x000000000000c840                _read_r
 .text          0x000000000000c884        0x0 /usr/lib/arm-none-eabi/newlib//libc.a(lib_a-reent.o)
 .text.cleanup_glue
                0x000000000000c884       0x2c /usr/lib/arm-none-eabi/newlib//libc.a(lib_a-reent.o)
                0x000000000000c884                cleanup_glue
 .text._reclaim_reent
                0x000000000000c8b0       0xf4 /usr/lib/arm-none-eabi/newlib//libc.a(lib_a-reent.o)
                0x000000000000c8b0                _reclaim_reent
 .text          0x000000000000c9a4        0x0 /usr/lib/arm-none-eabi/newlib//libc.a(lib_a-fstatr.o)
 .text._fstat_r
                0x000000000000c9a4       0x40 /usr/lib/arm-none-eabi/newlib//libc.a(lib_a-fstatr.o)
                0x000000000000c9a4                _fstat_r
 .text          0x000000000000c9e4        0x0 /usr/lib/arm-none-eabi/newlib//libc.a(lib_a-isattyr.o)
 .text._isatty_r
                0x000000000000c9e4       0x3c /usr/lib/arm-none-eabi/newlib//libc.a(lib_a-isattyr.o)
                0x000000000000c9e4                _isatty_r
 .text          0x000000000000ca20      0x148 /usr/lib/gcc/arm-none-eabi/4.8.2//libgcc.a(_divsi3.o)
                0x000000000000ca20                __aeabi_idiv
                0x000000000000ca20                __divsi3
                0x000000000000cb48                __aeabi_idivmod
 .text          0x000000000000cb68        0x4 /usr/lib/gcc/arm-none-eabi/4.8.2//libgcc.a(_dvmd_tls.o)
                0x000000000000cb68                __aeabi_ldiv0
                0x000000000000cb68                __aeabi_idiv0
 .text          0x000000000000cb6c      0x41c /usr/lib/gcc/arm-none-eabi/4.8.2//libgcc.a(_arm_addsubdf3.o)
                0x000000000000cb6c                __aeabi_drsub
                0x000000000000cb74                __aeabi_dsub
                0x000000000000cb74                __subdf3
                0x000000000000cb78                __adddf3
                0x000000000000cb78                __aeabi_dadd
                0x000000000000ce88                __aeabi_ui2d
                0x000000000000ce88                __floatunsidf
                0x000000000000ceac                __floatsidf
                0x000000000000ceac                __aeabi_i2d
                0x000000000000ced4                __extendsfdf2
                0x000000000000ced4                __aeabi_f2d
                0x000000000000cf14                __aeabi_ul2d
                0x000000000000cf14                __floatundidf
                0x000000000000cf28                __floatdidf
                0x000000000000cf28                __aeabi_l2d
 .text          0x000000000000cf88      0x49c /usr/lib/gcc/arm-none-eabi/4.8.2//libgcc.a(_arm_muldivdf3.o)
                0x000000000000cf88                __aeabi_dmul
                0x000000000000cf88                __muldf3
                0x000000000000d218                __aeabi_ddiv
                0x000000000000d218                __divdf3
 .text          0x000000000000d424       0xa0 /usr/lib/gcc/arm-none-eabi/4.8.2//libgcc.a(_arm_truncdfsf2.o)
                0x000000000000d424                __aeabi_d2f
                0x000000000000d424                __truncdfsf2

.glue_7         0x000000000000d4c4        0x0
 .glue_7        0x000000000000d4c4        0x0 linker stubs

.glue_7t        0x000000000000d4c4        0x0
 .glue_7t       0x000000000000d4c4        0x0 linker stubs

.vfp11_veneer   0x000000000000d4c4        0x0
 .vfp11_veneer  0x000000000000d4c4        0x0 linker stubs

.v4_bx          0x000000000000d4c4        0x0
 .v4_bx         0x000000000000d4c4        0x0 linker stubs

.iplt           0x000000000000d4c4        0x0
 .iplt          0x000000000000d4c4        0x0 startup01.o

.rel.dyn        0x000000000000d4c4        0x0
 .rel.iplt      0x000000000000d4c4        0x0 startup01.o
                0x000000000000d4c4                . = ALIGN (0x4)
                0x000000000000d4c4                etext = .

.rodata         0x000000000000d4c8      0x8f2
 *(.data*)
 .data          0x000000000000d4c8        0x0 startup01.o
 .data          0x000000000000d4c8        0x0 startupadd.o
 .data          0x000000000000d4c8       0x10 serial.o
                0x000000000000d4c8                read_to
                0x000000000000d4d0                write_to
 .data          0x000000000000d4d8        0x0 gpio.o
 .data          0x000000000000d4d8        0x4 syscalls.o
                0x000000000000d4d8                heap_end
 .data          0x000000000000d4dc        0x0 led10.o
 .data          0x000000000000d4dc        0x0 mini_serialPi1.o
 .data          0x000000000000d4dc        0x0 buzzer.o
 .data          0x000000000000d4dc        0x0 buttonPi1.o
 .data          0x000000000000d4dc        0x2 i2c1.o
                0x000000000000d4dc                divider
 *fill*         0x000000000000d4de        0x2 
 .data          0x000000000000d4e0        0x4 spi0.o
                0x000000000000d4e0                SS_PORT
 .data          0x000000000000d4e4        0x0 raspGPIO1.o
 .data          0x000000000000d4e4        0x0 ../cmn00/timer.o
 .data          0x000000000000d4e4        0x0 ../cmn00/ADT7310.o
 .data          0x000000000000d4e4        0x0 ../cmn00/AQM0802p.o
 .data          0x000000000000d4e4        0x0 main000.o
 .data          0x000000000000d4e4        0x0 ../cmn00/atoix_itoa.o
 .data          0x000000000000d4e4        0x0 /usr/lib/arm-none-eabi/newlib//libc.a(lib_a-errno.o)
 .data          0x000000000000d4e4        0x0 /usr/lib/arm-none-eabi/newlib//libc.a(lib_a-impure.o)
 *fill*         0x000000000000d4e4        0x4 
 .data.impure_data
                0x000000000000d4e8      0x428 /usr/lib/arm-none-eabi/newlib//libc.a(lib_a-impure.o)
 .data._impure_ptr
                0x000000000000d910        0x4 /usr/lib/arm-none-eabi/newlib//libc.a(lib_a-impure.o)
                0x000000000000d910                _impure_ptr
 .data          0x000000000000d914        0x0 /usr/lib/arm-none-eabi/newlib//libc.a(lib_a-memcpy.o)
 .data          0x000000000000d914        0x0 /usr/lib/arm-none-eabi/newlib//libc.a(lib_a-puts.o)
 .data          0x000000000000d914        0x0 /usr/lib/arm-none-eabi/newlib//libc.a(lib_a-strlen.o)
 .data          0x000000000000d914        0x0 /usr/lib/arm-none-eabi/newlib//libc.a(lib_a-findfp.o)
 .data          0x000000000000d914        0x0 /usr/lib/arm-none-eabi/newlib//libc.a(lib_a-fvwrite.o)
 .data          0x000000000000d914        0x0 /usr/lib/arm-none-eabi/newlib//libc.a(lib_a-fwalk.o)
 .data          0x000000000000d914        0x0 /usr/lib/arm-none-eabi/newlib//libc.a(lib_a-mallocr.o)
 .data.__malloc_av_
                0x000000000000d914      0x408 /usr/lib/arm-none-eabi/newlib//libc.a(lib_a-mallocr.o)
                0x000000000000d914                __malloc_av_
 .data.__malloc_trim_threshold
                0x000000000000dd1c        0x4 /usr/lib/arm-none-eabi/newlib//libc.a(lib_a-mallocr.o)
                0x000000000000dd1c                __malloc_trim_threshold
 .data.__malloc_sbrk_base
                0x000000000000dd20        0x4 /usr/lib/arm-none-eabi/newlib//libc.a(lib_a-mallocr.o)
                0x000000000000dd20                __malloc_sbrk_base
 .data          0x000000000000dd24        0x0 /usr/lib/arm-none-eabi/newlib//libc.a(lib_a-memchr.o)
 .data          0x000000000000dd24        0x0 /usr/lib/arm-none-eabi/newlib//libc.a(lib_a-memmove.o)
 .data          0x000000000000dd24        0x0 /usr/lib/arm-none-eabi/newlib//libc.a(lib_a-memset.o)
 .data          0x000000000000dd24        0x0 /usr/lib/arm-none-eabi/newlib//libc.a(lib_a-mlock.o)
 .data          0x000000000000dd24        0x0 /usr/lib/arm-none-eabi/newlib//libc.a(lib_a-reallocr.o)
 .data          0x000000000000dd24        0x0 /usr/lib/arm-none-eabi/newlib//libc.a(lib_a-sbrkr.o)
 .data          0x000000000000dd24        0x0 /usr/lib/arm-none-eabi/newlib//libc.a(lib_a-stdio.o)
 .data          0x000000000000dd24        0x0 /usr/lib/arm-none-eabi/newlib//libc.a(lib_a-writer.o)
 .data          0x000000000000dd24        0x0 /usr/lib/arm-none-eabi/newlib//libc.a(lib_a-wsetup.o)
 .data          0x000000000000dd24        0x0 /usr/lib/arm-none-eabi/newlib//libc.a(lib_a-closer.o)
 .data          0x000000000000dd24        0x0 /usr/lib/arm-none-eabi/newlib//libc.a(lib_a-fclose.o)
 .data          0x000000000000dd24        0x0 /usr/lib/arm-none-eabi/newlib//libc.a(lib_a-fflush.o)
 .data          0x000000000000dd24        0x0 /usr/lib/arm-none-eabi/newlib//libc.a(lib_a-freer.o)
 .data          0x000000000000dd24        0x0 /usr/lib/arm-none-eabi/newlib//libc.a(lib_a-lseekr.o)
 .data          0x000000000000dd24        0x0 /usr/lib/arm-none-eabi/newlib//libc.a(lib_a-makebuf.o)
 .data          0x000000000000dd24        0x0 /usr/lib/arm-none-eabi/newlib//libc.a(lib_a-readr.o)
 .data          0x000000000000dd24        0x0 /usr/lib/arm-none-eabi/newlib//libc.a(lib_a-reent.o)
 .data          0x000000000000dd24        0x0 /usr/lib/arm-none-eabi/newlib//libc.a(lib_a-fstatr.o)
 .data          0x000000000000dd24        0x0 /usr/lib/arm-none-eabi/newlib//libc.a(lib_a-isattyr.o)
 .data          0x000000000000dd24        0x0 /usr/lib/gcc/arm-none-eabi/4.8.2//libgcc.a(_divsi3.o)
 .data          0x000000000000dd24        0x0 /usr/lib/gcc/arm-none-eabi/4.8.2//libgcc.a(_dvmd_tls.o)
 .data          0x000000000000dd24        0x0 /usr/lib/gcc/arm-none-eabi/4.8.2//libgcc.a(_arm_addsubdf3.o)
 .data          0x000000000000dd24        0x0 /usr/lib/gcc/arm-none-eabi/4.8.2//libgcc.a(_arm_muldivdf3.o)
 .data          0x000000000000dd24        0x0 /usr/lib/gcc/arm-none-eabi/4.8.2//libgcc.a(_arm_truncdfsf2.o)
 .rodata        0x000000000000dd24       0x84 serial.o
 .rodata        0x000000000000dda8       0x12 ../cmn00/AQM0802p.o

.rodata.str1.4  0x000000000000ddbc      0x194
 .rodata.str1.4
                0x000000000000ddbc       0x49 buzzer.o
 *fill*         0x000000000000de05        0x3 
 .rodata.str1.4
                0x000000000000de08       0xe9 raspGPIO1.o
 *fill*         0x000000000000def1        0x3 
 .rodata.str1.4
                0x000000000000def4       0x3f main000.o
 *fill*         0x000000000000df33        0x1 
 .rodata.str1.4
                0x000000000000df34       0x11 ../cmn00/atoix_itoa.o
 *fill*         0x000000000000df45        0x3 
 .rodata.str1.4
                0x000000000000df48        0x2 /usr/lib/arm-none-eabi/newlib//libc.a(lib_a-impure.o)
                                          0x4 (size before relaxing)
 *fill*         0x000000000000df4a        0x2 
 .rodata.str1.4
                0x000000000000df4c        0x4 /usr/lib/arm-none-eabi/newlib//libc.a(lib_a-puts.o)

.rodata._global_impure_ptr
                0x000000000000df50        0x4
 .rodata._global_impure_ptr
                0x000000000000df50        0x4 /usr/lib/arm-none-eabi/newlib//libc.a(lib_a-impure.o)
                0x000000000000df50                _global_impure_ptr
                0x000000000000df54                . = ALIGN (0x4)
                0x000000000000df54                sdata = .
                0x000000000000df54                _DataStart = .

.data
 *(.data*)
                0x000000000000df54                _DataEnd = .

.igot.plt       0x000000000000df54        0x0
 .igot.plt      0x000000000000df54        0x0 startup01.o
                0x000000000000df54                . = ALIGN (0x4)
                0x000000000000df54                edata = .
                0x000000000000df54                sbss = .
                0x000000000000df54                _BssStart = .

.bss            0x000000000000df54       0xe0
 *(.bss*)
 .bss           0x000000000000df54        0x0 startup01.o
 .bss           0x000000000000df54        0x0 startupadd.o
 .bss           0x000000000000df54        0x0 serial.o
 .bss           0x000000000000df54        0x0 gpio.o
 .bss           0x000000000000df54        0x0 syscalls.o
 .bss           0x000000000000df54        0x0 led10.o
 .bss           0x000000000000df54        0x0 mini_serialPi1.o
 .bss           0x000000000000df54        0x0 buzzer.o
 .bss           0x000000000000df54        0x4 buttonPi1.o
 .bss           0x000000000000df58        0x4 i2c1.o
                0x000000000000df58                readmode
 .bss           0x000000000000df5c        0x8 spi0.o
                0x000000000000df5c                SPI0_BEGIN
                0x000000000000df60                BIT_ORDER
 .bss           0x000000000000df64        0x0 raspGPIO1.o
 .bss           0x000000000000df64        0x0 ../cmn00/timer.o
 .bss           0x000000000000df64        0x4 ../cmn00/ADT7310.o
 .bss           0x000000000000df68        0x0 ../cmn00/AQM0802p.o
 .bss           0x000000000000df68        0x0 main000.o
 .bss           0x000000000000df68        0x0 ../cmn00/atoix_itoa.o
 .bss           0x000000000000df68        0x0 /usr/lib/arm-none-eabi/newlib//libc.a(lib_a-errno.o)
 .bss           0x000000000000df68        0x0 /usr/lib/arm-none-eabi/newlib//libc.a(lib_a-impure.o)
 .bss           0x000000000000df68        0x0 /usr/lib/arm-none-eabi/newlib//libc.a(lib_a-memcpy.o)
 .bss           0x000000000000df68        0x0 /usr/lib/arm-none-eabi/newlib//libc.a(lib_a-puts.o)
 .bss           0x000000000000df68        0x0 /usr/lib/arm-none-eabi/newlib//libc.a(lib_a-strlen.o)
 .bss           0x000000000000df68        0x0 /usr/lib/arm-none-eabi/newlib//libc.a(lib_a-findfp.o)
 .bss           0x000000000000df68        0x0 /usr/lib/arm-none-eabi/newlib//libc.a(lib_a-fvwrite.o)
 .bss           0x000000000000df68        0x0 /usr/lib/arm-none-eabi/newlib//libc.a(lib_a-fwalk.o)
 .bss           0x000000000000df68        0x0 /usr/lib/arm-none-eabi/newlib//libc.a(lib_a-mallocr.o)
 .bss.__malloc_max_total_mem
                0x000000000000df68        0x4 /usr/lib/arm-none-eabi/newlib//libc.a(lib_a-mallocr.o)
                0x000000000000df68                __malloc_max_total_mem
 .bss.__malloc_max_sbrked_mem
                0x000000000000df6c        0x4 /usr/lib/arm-none-eabi/newlib//libc.a(lib_a-mallocr.o)
                0x000000000000df6c                __malloc_max_sbrked_mem
 .bss.__malloc_top_pad
                0x000000000000df70        0x4 /usr/lib/arm-none-eabi/newlib//libc.a(lib_a-mallocr.o)
                0x000000000000df70                __malloc_top_pad
 .bss.__malloc_current_mallinfo
                0x000000000000df74       0x28 /usr/lib/arm-none-eabi/newlib//libc.a(lib_a-mallocr.o)
                0x000000000000df74                __malloc_current_mallinfo
 .bss           0x000000000000df9c        0x0 /usr/lib/arm-none-eabi/newlib//libc.a(lib_a-memchr.o)
 .bss           0x000000000000df9c        0x0 /usr/lib/arm-none-eabi/newlib//libc.a(lib_a-memmove.o)
 .bss           0x000000000000df9c        0x0 /usr/lib/arm-none-eabi/newlib//libc.a(lib_a-memset.o)
 .bss           0x000000000000df9c        0x0 /usr/lib/arm-none-eabi/newlib//libc.a(lib_a-mlock.o)
 .bss           0x000000000000df9c        0x0 /usr/lib/arm-none-eabi/newlib//libc.a(lib_a-reallocr.o)
 .bss           0x000000000000df9c        0x0 /usr/lib/arm-none-eabi/newlib//libc.a(lib_a-sbrkr.o)
 .bss           0x000000000000df9c        0x0 /usr/lib/arm-none-eabi/newlib//libc.a(lib_a-stdio.o)
 .bss           0x000000000000df9c        0x0 /usr/lib/arm-none-eabi/newlib//libc.a(lib_a-writer.o)
 .bss           0x000000000000df9c        0x0 /usr/lib/arm-none-eabi/newlib//libc.a(lib_a-wsetup.o)
 .bss           0x000000000000df9c        0x0 /usr/lib/arm-none-eabi/newlib//libc.a(lib_a-closer.o)
 .bss           0x000000000000df9c        0x0 /usr/lib/arm-none-eabi/newlib//libc.a(lib_a-fclose.o)
 .bss           0x000000000000df9c        0x0 /usr/lib/arm-none-eabi/newlib//libc.a(lib_a-fflush.o)
 .bss           0x000000000000df9c        0x0 /usr/lib/arm-none-eabi/newlib//libc.a(lib_a-freer.o)
 .bss           0x000000000000df9c        0x0 /usr/lib/arm-none-eabi/newlib//libc.a(lib_a-lseekr.o)
 .bss           0x000000000000df9c        0x0 /usr/lib/arm-none-eabi/newlib//libc.a(lib_a-makebuf.o)
 .bss           0x000000000000df9c        0x0 /usr/lib/arm-none-eabi/newlib//libc.a(lib_a-readr.o)
 .bss           0x000000000000df9c        0x0 /usr/lib/arm-none-eabi/newlib//libc.a(lib_a-reent.o)
 .bss           0x000000000000df9c        0x0 /usr/lib/arm-none-eabi/newlib//libc.a(lib_a-fstatr.o)
 .bss           0x000000000000df9c        0x0 /usr/lib/arm-none-eabi/newlib//libc.a(lib_a-isattyr.o)
 .bss           0x000000000000df9c        0x0 /usr/lib/gcc/arm-none-eabi/4.8.2//libgcc.a(_divsi3.o)
 .bss           0x000000000000df9c        0x0 /usr/lib/gcc/arm-none-eabi/4.8.2//libgcc.a(_dvmd_tls.o)
 .bss           0x000000000000df9c        0x0 /usr/lib/gcc/arm-none-eabi/4.8.2//libgcc.a(_arm_addsubdf3.o)
 .bss           0x000000000000df9c        0x0 /usr/lib/gcc/arm-none-eabi/4.8.2//libgcc.a(_arm_muldivdf3.o)
 .bss           0x000000000000df9c        0x0 /usr/lib/gcc/arm-none-eabi/4.8.2//libgcc.a(_arm_truncdfsf2.o)
 COMMON         0x000000000000df9c        0x4 syscalls.o
                0x000000000000df9c                prev_heap_end
 COMMON         0x000000000000dfa0       0x90 i2c1.o
                0x000000000000dfa0                rxBufferLength
                0x000000000000dfa4                txBufferLength
                0x000000000000dfa8                rxBufferIndex
                0x000000000000dfac                rxBuffer
                0x000000000000dfec                txBuffer
                0x000000000000e02c                txBufferIndex
 COMMON         0x000000000000e030        0x4 /usr/lib/arm-none-eabi/newlib//libc.a(lib_a-reent.o)
                0x000000000000e030                errno
                0x000000000000e034                _BssEnd = .
                0x000000000000e034                . = ALIGN (0x4)
                0x000000000000e034                __bss_end = .
                0x000000000000e034                ebss = .
                0x000000000000f000                . = ALIGN (0x1000)
                0x000000000000f000                __free_start = .
LOAD startup01.o
LOAD startupadd.o
LOAD serial.o
LOAD gpio.o
LOAD syscalls.o
LOAD led10.o
LOAD mini_serialPi1.o
LOAD buzzer.o
LOAD buttonPi1.o
LOAD i2c1.o
LOAD spi0.o
LOAD raspGPIO1.o
LOAD ../cmn00/timer.o
LOAD ../cmn00/ADT7310.o
LOAD ../cmn00/AQM0802p.o
LOAD main000.o
LOAD ../cmn00/atoix_itoa.o
LOAD /usr/lib/arm-none-eabi/newlib//libc.a
LOAD /usr/lib/gcc/arm-none-eabi/4.8.2//libgcc.a
LOAD /usr/lib/arm-none-eabi/newlib//libc.a
OUTPUT(Rpi00_0Pai1_v001.out elf32-littlearm)

.ARM.attributes
                0x0000000000000000       0x2b
 .ARM.attributes
                0x0000000000000000       0x16 startup01.o
 .ARM.attributes
                0x0000000000000016       0x16 startupadd.o
 .ARM.attributes
                0x000000000000002c       0x30 serial.o
 .ARM.attributes
                0x000000000000005c       0x30 gpio.o
 .ARM.attributes
                0x000000000000008c       0x30 syscalls.o
 .ARM.attributes
                0x00000000000000bc       0x30 led10.o
 .ARM.attributes
                0x00000000000000ec       0x30 mini_serialPi1.o
 .ARM.attributes
                0x000000000000011c       0x30 buzzer.o
 .ARM.attributes
                0x000000000000014c       0x30 buttonPi1.o
 .ARM.attributes
                0x000000000000017c       0x30 i2c1.o
 .ARM.attributes
                0x00000000000001ac       0x30 spi0.o
 .ARM.attributes
                0x00000000000001dc       0x30 raspGPIO1.o
 .ARM.attributes
                0x000000000000020c       0x30 ../cmn00/timer.o
 .ARM.attributes
                0x000000000000023c       0x30 ../cmn00/ADT7310.o
 .ARM.attributes
                0x000000000000026c       0x30 ../cmn00/AQM0802p.o
 .ARM.attributes
                0x000000000000029c       0x30 main000.o
 .ARM.attributes
                0x00000000000002cc       0x30 ../cmn00/atoix_itoa.o
 .ARM.attributes
                0x00000000000002fc       0x30 /usr/lib/arm-none-eabi/newlib//libc.a(lib_a-errno.o)
 .ARM.attributes
                0x000000000000032c       0x30 /usr/lib/arm-none-eabi/newlib//libc.a(lib_a-impure.o)
 .ARM.attributes
                0x000000000000035c       0x30 /usr/lib/arm-none-eabi/newlib//libc.a(lib_a-memcpy.o)
 .ARM.attributes
                0x000000000000038c       0x30 /usr/lib/arm-none-eabi/newlib//libc.a(lib_a-puts.o)
 .ARM.attributes
                0x00000000000003bc       0x30 /usr/lib/arm-none-eabi/newlib//libc.a(lib_a-strlen.o)
 .ARM.attributes
                0x00000000000003ec       0x30 /usr/lib/arm-none-eabi/newlib//libc.a(lib_a-findfp.o)
 .ARM.attributes
                0x000000000000041c       0x30 /usr/lib/arm-none-eabi/newlib//libc.a(lib_a-fvwrite.o)
 .ARM.attributes
                0x000000000000044c       0x30 /usr/lib/arm-none-eabi/newlib//libc.a(lib_a-fwalk.o)
 .ARM.attributes
                0x000000000000047c       0x30 /usr/lib/arm-none-eabi/newlib//libc.a(lib_a-mallocr.o)
 .ARM.attributes
                0x00000000000004ac       0x30 /usr/lib/arm-none-eabi/newlib//libc.a(lib_a-memchr.o)
 .ARM.attributes
                0x00000000000004dc       0x30 /usr/lib/arm-none-eabi/newlib//libc.a(lib_a-memmove.o)
 .ARM.attributes
                0x000000000000050c       0x30 /usr/lib/arm-none-eabi/newlib//libc.a(lib_a-memset.o)
 .ARM.attributes
                0x000000000000053c       0x30 /usr/lib/arm-none-eabi/newlib//libc.a(lib_a-mlock.o)
 .ARM.attributes
                0x000000000000056c       0x30 /usr/lib/arm-none-eabi/newlib//libc.a(lib_a-reallocr.o)
 .ARM.attributes
                0x000000000000059c       0x30 /usr/lib/arm-none-eabi/newlib//libc.a(lib_a-sbrkr.o)
 .ARM.attributes
                0x00000000000005cc       0x30 /usr/lib/arm-none-eabi/newlib//libc.a(lib_a-stdio.o)
 .ARM.attributes
                0x00000000000005fc       0x30 /usr/lib/arm-none-eabi/newlib//libc.a(lib_a-writer.o)
 .ARM.attributes
                0x000000000000062c       0x30 /usr/lib/arm-none-eabi/newlib//libc.a(lib_a-wsetup.o)
 .ARM.attributes
                0x000000000000065c       0x30 /usr/lib/arm-none-eabi/newlib//libc.a(lib_a-closer.o)
 .ARM.attributes
                0x000000000000068c       0x30 /usr/lib/arm-none-eabi/newlib//libc.a(lib_a-fclose.o)
 .ARM.attributes
                0x00000000000006bc       0x30 /usr/lib/arm-none-eabi/newlib//libc.a(lib_a-fflush.o)
 .ARM.attributes
                0x00000000000006ec       0x30 /usr/lib/arm-none-eabi/newlib//libc.a(lib_a-freer.o)
 .ARM.attributes
                0x000000000000071c       0x30 /usr/lib/arm-none-eabi/newlib//libc.a(lib_a-lseekr.o)
 .ARM.attributes
                0x000000000000074c       0x30 /usr/lib/arm-none-eabi/newlib//libc.a(lib_a-makebuf.o)
 .ARM.attributes
                0x000000000000077c       0x30 /usr/lib/arm-none-eabi/newlib//libc.a(lib_a-readr.o)
 .ARM.attributes
                0x00000000000007ac       0x30 /usr/lib/arm-none-eabi/newlib//libc.a(lib_a-reent.o)
 .ARM.attributes
                0x00000000000007dc       0x30 /usr/lib/arm-none-eabi/newlib//libc.a(lib_a-fstatr.o)
 .ARM.attributes
                0x000000000000080c       0x30 /usr/lib/arm-none-eabi/newlib//libc.a(lib_a-isattyr.o)
 .ARM.attributes
                0x000000000000083c       0x18 /usr/lib/gcc/arm-none-eabi/4.8.2//libgcc.a(_divsi3.o)
 .ARM.attributes
                0x0000000000000854       0x18 /usr/lib/gcc/arm-none-eabi/4.8.2//libgcc.a(_dvmd_tls.o)
 .ARM.attributes
                0x000000000000086c       0x18 /usr/lib/gcc/arm-none-eabi/4.8.2//libgcc.a(_arm_addsubdf3.o)
 .ARM.attributes
                0x0000000000000884       0x18 /usr/lib/gcc/arm-none-eabi/4.8.2//libgcc.a(_arm_muldivdf3.o)
 .ARM.attributes
                0x000000000000089c       0x18 /usr/lib/gcc/arm-none-eabi/4.8.2//libgcc.a(_arm_truncdfsf2.o)

.comment        0x0000000000000000       0x70
 .comment       0x0000000000000000       0x38 serial.o
                                         0x39 (size before relaxing)
 .comment       0x0000000000000038       0x39 gpio.o
 .comment       0x0000000000000038       0x39 syscalls.o
 .comment       0x0000000000000038       0x39 led10.o
 .comment       0x0000000000000038       0x39 mini_serialPi1.o
 .comment       0x0000000000000038       0x39 buzzer.o
 .comment       0x0000000000000038       0x39 buttonPi1.o
 .comment       0x0000000000000038       0x39 i2c1.o
 .comment       0x0000000000000038       0x39 spi0.o
 .comment       0x0000000000000038       0x39 raspGPIO1.o
 .comment       0x0000000000000038       0x39 ../cmn00/timer.o
 .comment       0x0000000000000038       0x39 ../cmn00/ADT7310.o
 .comment       0x0000000000000038       0x39 ../cmn00/AQM0802p.o
 .comment       0x0000000000000038       0x39 main000.o
 .comment       0x0000000000000038       0x39 ../cmn00/atoix_itoa.o
 .comment       0x0000000000000038       0x38 /usr/lib/arm-none-eabi/newlib//libc.a(lib_a-errno.o)
                                         0x39 (size before relaxing)
 .comment       0x0000000000000070       0x39 /usr/lib/arm-none-eabi/newlib//libc.a(lib_a-impure.o)
 .comment       0x0000000000000070       0x39 /usr/lib/arm-none-eabi/newlib//libc.a(lib_a-memcpy.o)
 .comment       0x0000000000000070       0x39 /usr/lib/arm-none-eabi/newlib//libc.a(lib_a-puts.o)
 .comment       0x0000000000000070       0x39 /usr/lib/arm-none-eabi/newlib//libc.a(lib_a-strlen.o)
 .comment       0x0000000000000070       0x39 /usr/lib/arm-none-eabi/newlib//libc.a(lib_a-findfp.o)
 .comment       0x0000000000000070       0x39 /usr/lib/arm-none-eabi/newlib//libc.a(lib_a-fvwrite.o)
 .comment       0x0000000000000070       0x39 /usr/lib/arm-none-eabi/newlib//libc.a(lib_a-fwalk.o)
 .comment       0x0000000000000070       0x39 /usr/lib/arm-none-eabi/newlib//libc.a(lib_a-mallocr.o)
 .comment       0x0000000000000070       0x39 /usr/lib/arm-none-eabi/newlib//libc.a(lib_a-memchr.o)
 .comment       0x0000000000000070       0x39 /usr/lib/arm-none-eabi/newlib//libc.a(lib_a-memmove.o)
 .comment       0x0000000000000070       0x39 /usr/lib/arm-none-eabi/newlib//libc.a(lib_a-memset.o)
 .comment       0x0000000000000070       0x39 /usr/lib/arm-none-eabi/newlib//libc.a(lib_a-mlock.o)
 .comment       0x0000000000000070       0x39 /usr/lib/arm-none-eabi/newlib//libc.a(lib_a-reallocr.o)
 .comment       0x0000000000000070       0x39 /usr/lib/arm-none-eabi/newlib//libc.a(lib_a-sbrkr.o)
 .comment       0x0000000000000070       0x39 /usr/lib/arm-none-eabi/newlib//libc.a(lib_a-stdio.o)
 .comment       0x0000000000000070       0x39 /usr/lib/arm-none-eabi/newlib//libc.a(lib_a-writer.o)
 .comment       0x0000000000000070       0x39 /usr/lib/arm-none-eabi/newlib//libc.a(lib_a-wsetup.o)
 .comment       0x0000000000000070       0x39 /usr/lib/arm-none-eabi/newlib//libc.a(lib_a-closer.o)
 .comment       0x0000000000000070       0x39 /usr/lib/arm-none-eabi/newlib//libc.a(lib_a-fclose.o)
 .comment       0x0000000000000070       0x39 /usr/lib/arm-none-eabi/newlib//libc.a(lib_a-fflush.o)
 .comment       0x0000000000000070       0x39 /usr/lib/arm-none-eabi/newlib//libc.a(lib_a-freer.o)
 .comment       0x0000000000000070       0x39 /usr/lib/arm-none-eabi/newlib//libc.a(lib_a-lseekr.o)
 .comment       0x0000000000000070       0x39 /usr/lib/arm-none-eabi/newlib//libc.a(lib_a-makebuf.o)
 .comment       0x0000000000000070       0x39 /usr/lib/arm-none-eabi/newlib//libc.a(lib_a-readr.o)
 .comment       0x0000000000000070       0x39 /usr/lib/arm-none-eabi/newlib//libc.a(lib_a-reent.o)
 .comment       0x0000000000000070       0x39 /usr/lib/arm-none-eabi/newlib//libc.a(lib_a-fstatr.o)
 .comment       0x0000000000000070       0x39 /usr/lib/arm-none-eabi/newlib//libc.a(lib_a-isattyr.o)

.debug_line     0x0000000000000000     0x40c8
 .debug_line    0x0000000000000000       0x5f startup01.o
 .debug_line    0x000000000000005f       0x69 startupadd.o
 .debug_line    0x00000000000000c8      0x11d serial.o
 .debug_line    0x00000000000001e5      0x101 gpio.o
 .debug_line    0x00000000000002e6      0x134 syscalls.o
 .debug_line    0x000000000000041a       0x99 led10.o
 .debug_line    0x00000000000004b3       0xaf mini_serialPi1.o
 .debug_line    0x0000000000000562       0x3f buzzer.o
 .debug_line    0x00000000000005a1       0x5d buttonPi1.o
 .debug_line    0x00000000000005fe      0x1a5 i2c1.o
 .debug_line    0x00000000000007a3      0x16c spi0.o
 .debug_line    0x000000000000090f       0x9f raspGPIO1.o
 .debug_line    0x00000000000009ae       0xbe ../cmn00/timer.o
 .debug_line    0x0000000000000a6c       0xdb ../cmn00/ADT7310.o
 .debug_line    0x0000000000000b47      0x130 ../cmn00/AQM0802p.o
 .debug_line    0x0000000000000c77       0x9d main000.o
 .debug_line    0x0000000000000d14       0xf1 ../cmn00/atoix_itoa.o
 .debug_line    0x0000000000000e05      0x109 /usr/lib/arm-none-eabi/newlib//libc.a(lib_a-errno.o)
 .debug_line    0x0000000000000f0e       0xee /usr/lib/arm-none-eabi/newlib//libc.a(lib_a-impure.o)
 .debug_line    0x0000000000000ffc      0x119 /usr/lib/arm-none-eabi/newlib//libc.a(lib_a-memcpy.o)
 .debug_line    0x0000000000001115      0x1ab /usr/lib/arm-none-eabi/newlib//libc.a(lib_a-puts.o)
 .debug_line    0x00000000000012c0       0xef /usr/lib/arm-none-eabi/newlib//libc.a(lib_a-strlen.o)
 .debug_line    0x00000000000013af      0x320 /usr/lib/arm-none-eabi/newlib//libc.a(lib_a-findfp.o)
 .debug_line    0x00000000000016cf      0x2a8 /usr/lib/arm-none-eabi/newlib//libc.a(lib_a-fvwrite.o)
 .debug_line    0x0000000000001977      0x1a0 /usr/lib/arm-none-eabi/newlib//libc.a(lib_a-fwalk.o)
 .debug_line    0x0000000000001b17      0x34d /usr/lib/arm-none-eabi/newlib//libc.a(lib_a-mallocr.o)
 .debug_line    0x0000000000001e64      0x11c /usr/lib/arm-none-eabi/newlib//libc.a(lib_a-memchr.o)
 .debug_line    0x0000000000001f80      0x127 /usr/lib/arm-none-eabi/newlib//libc.a(lib_a-memmove.o)
 .debug_line    0x00000000000020a7      0x11a /usr/lib/arm-none-eabi/newlib//libc.a(lib_a-memset.o)
 .debug_line    0x00000000000021c1      0x10c /usr/lib/arm-none-eabi/newlib//libc.a(lib_a-mlock.o)
 .debug_line    0x00000000000022cd      0x258 /usr/lib/arm-none-eabi/newlib//libc.a(lib_a-reallocr.o)
 .debug_line    0x0000000000002525      0x166 /usr/lib/arm-none-eabi/newlib//libc.a(lib_a-sbrkr.o)
 .debug_line    0x000000000000268b      0x1cb /usr/lib/arm-none-eabi/newlib//libc.a(lib_a-stdio.o)
 .debug_line    0x0000000000002856      0x166 /usr/lib/arm-none-eabi/newlib//libc.a(lib_a-writer.o)
 .debug_line    0x00000000000029bc      0x1d6 /usr/lib/arm-none-eabi/newlib//libc.a(lib_a-wsetup.o)
 .debug_line    0x0000000000002b92      0x164 /usr/lib/arm-none-eabi/newlib//libc.a(lib_a-closer.o)
 .debug_line    0x0000000000002cf6      0x1b6 /usr/lib/arm-none-eabi/newlib//libc.a(lib_a-fclose.o)
 .debug_line    0x0000000000002eac      0x25e /usr/lib/arm-none-eabi/newlib//libc.a(lib_a-fflush.o)
 .debug_line    0x000000000000310a      0x261 /usr/lib/arm-none-eabi/newlib//libc.a(lib_a-freer.o)
 .debug_line    0x000000000000336b      0x166 /usr/lib/arm-none-eabi/newlib//libc.a(lib_a-lseekr.o)
 .debug_line    0x00000000000034d1      0x1df /usr/lib/arm-none-eabi/newlib//libc.a(lib_a-makebuf.o)
 .debug_line    0x00000000000036b0      0x165 /usr/lib/arm-none-eabi/newlib//libc.a(lib_a-readr.o)
 .debug_line    0x0000000000003815      0x19b /usr/lib/arm-none-eabi/newlib//libc.a(lib_a-reent.o)
 .debug_line    0x00000000000039b0      0x179 /usr/lib/arm-none-eabi/newlib//libc.a(lib_a-fstatr.o)
 .debug_line    0x0000000000003b29      0x165 /usr/lib/arm-none-eabi/newlib//libc.a(lib_a-isattyr.o)
 .debug_line    0x0000000000003c8e       0x84 /usr/lib/gcc/arm-none-eabi/4.8.2//libgcc.a(_divsi3.o)
 .debug_line    0x0000000000003d12       0x5b /usr/lib/gcc/arm-none-eabi/4.8.2//libgcc.a(_dvmd_tls.o)
 .debug_line    0x0000000000003d6d      0x15e /usr/lib/gcc/arm-none-eabi/4.8.2//libgcc.a(_arm_addsubdf3.o)
 .debug_line    0x0000000000003ecb      0x17a /usr/lib/gcc/arm-none-eabi/4.8.2//libgcc.a(_arm_muldivdf3.o)
 .debug_line    0x0000000000004045       0x83 /usr/lib/gcc/arm-none-eabi/4.8.2//libgcc.a(_arm_truncdfsf2.o)

.debug_info     0x0000000000000000    0x12ca3
 .debug_info    0x0000000000000000       0x5f startup01.o
 .debug_info    0x000000000000005f       0x60 startupadd.o
 .debug_info    0x00000000000000bf      0x44d serial.o
 .debug_info    0x000000000000050c      0x192 gpio.o
 .debug_info    0x000000000000069e      0x6c1 syscalls.o
 .debug_info    0x0000000000000d5f      0x42b led10.o
 .debug_info    0x000000000000118a      0x593 mini_serialPi1.o
 .debug_info    0x000000000000171d       0x9b buzzer.o
 .debug_info    0x00000000000017b8      0x22f buttonPi1.o
 .debug_info    0x00000000000019e7      0x4d5 i2c1.o
 .debug_info    0x0000000000001ebc      0x3a9 spi0.o
 .debug_info    0x0000000000002265      0x526 raspGPIO1.o
 .debug_info    0x000000000000278b      0x14b ../cmn00/timer.o
 .debug_info    0x00000000000028d6      0x1fc ../cmn00/ADT7310.o
 .debug_info    0x0000000000002ad2      0x5e6 ../cmn00/AQM0802p.o
 .debug_info    0x00000000000030b8      0x415 main000.o
 .debug_info    0x00000000000034cd      0x206 ../cmn00/atoix_itoa.o
 .debug_info    0x00000000000036d3      0x889 /usr/lib/arm-none-eabi/newlib//libc.a(lib_a-errno.o)
 .debug_info    0x0000000000003f5c      0x894 /usr/lib/arm-none-eabi/newlib//libc.a(lib_a-impure.o)
 .debug_info    0x00000000000047f0      0x131 /usr/lib/arm-none-eabi/newlib//libc.a(lib_a-memcpy.o)
 .debug_info    0x0000000000004921      0xa52 /usr/lib/arm-none-eabi/newlib//libc.a(lib_a-puts.o)
 .debug_info    0x0000000000005373       0xb5 /usr/lib/arm-none-eabi/newlib//libc.a(lib_a-strlen.o)
 .debug_info    0x0000000000005428      0xdc8 /usr/lib/arm-none-eabi/newlib//libc.a(lib_a-findfp.o)
 .debug_info    0x00000000000061f0      0xc3f /usr/lib/arm-none-eabi/newlib//libc.a(lib_a-fvwrite.o)
 .debug_info    0x0000000000006e2f      0x99e /usr/lib/arm-none-eabi/newlib//libc.a(lib_a-fwalk.o)
 .debug_info    0x00000000000077cd      0xd72 /usr/lib/arm-none-eabi/newlib//libc.a(lib_a-mallocr.o)
 .debug_info    0x000000000000853f      0x129 /usr/lib/arm-none-eabi/newlib//libc.a(lib_a-memchr.o)
 .debug_info    0x0000000000008668      0x131 /usr/lib/arm-none-eabi/newlib//libc.a(lib_a-memmove.o)
 .debug_info    0x0000000000008799      0x117 /usr/lib/arm-none-eabi/newlib//libc.a(lib_a-memset.o)
 .debug_info    0x00000000000088b0      0x8b4 /usr/lib/arm-none-eabi/newlib//libc.a(lib_a-mlock.o)
 .debug_info    0x0000000000009164      0xcce /usr/lib/arm-none-eabi/newlib//libc.a(lib_a-reallocr.o)
 .debug_info    0x0000000000009e32      0x8f4 /usr/lib/arm-none-eabi/newlib//libc.a(lib_a-sbrkr.o)
 .debug_info    0x000000000000a726      0xb89 /usr/lib/arm-none-eabi/newlib//libc.a(lib_a-stdio.o)
 .debug_info    0x000000000000b2af      0x929 /usr/lib/arm-none-eabi/newlib//libc.a(lib_a-writer.o)
 .debug_info    0x000000000000bbd8      0x93b /usr/lib/arm-none-eabi/newlib//libc.a(lib_a-wsetup.o)
 .debug_info    0x000000000000c513      0x8e0 /usr/lib/arm-none-eabi/newlib//libc.a(lib_a-closer.o)
 .debug_info    0x000000000000cdf3      0xa28 /usr/lib/arm-none-eabi/newlib//libc.a(lib_a-fclose.o)
 .debug_info    0x000000000000d81b      0xaba /usr/lib/arm-none-eabi/newlib//libc.a(lib_a-fflush.o)
 .debug_info    0x000000000000e2d5      0xc1a /usr/lib/arm-none-eabi/newlib//libc.a(lib_a-freer.o)
 .debug_info    0x000000000000eeef      0x90c /usr/lib/arm-none-eabi/newlib//libc.a(lib_a-lseekr.o)
 .debug_info    0x000000000000f7fb      0xae6 /usr/lib/arm-none-eabi/newlib//libc.a(lib_a-makebuf.o)
 .debug_info    0x00000000000102e1      0x922 /usr/lib/arm-none-eabi/newlib//libc.a(lib_a-readr.o)
 .debug_info    0x0000000000010c03      0x9f9 /usr/lib/arm-none-eabi/newlib//libc.a(lib_a-reent.o)
 .debug_info    0x00000000000115fc      0xa5e /usr/lib/arm-none-eabi/newlib//libc.a(lib_a-fstatr.o)
 .debug_info    0x000000000001205a      0x8e0 /usr/lib/arm-none-eabi/newlib//libc.a(lib_a-isattyr.o)
 .debug_info    0x000000000001293a       0xae /usr/lib/gcc/arm-none-eabi/4.8.2//libgcc.a(_divsi3.o)
 .debug_info    0x00000000000129e8       0xae /usr/lib/gcc/arm-none-eabi/4.8.2//libgcc.a(_dvmd_tls.o)
 .debug_info    0x0000000000012a96       0xaf /usr/lib/gcc/arm-none-eabi/4.8.2//libgcc.a(_arm_addsubdf3.o)
 .debug_info    0x0000000000012b45       0xaf /usr/lib/gcc/arm-none-eabi/4.8.2//libgcc.a(_arm_muldivdf3.o)
 .debug_info    0x0000000000012bf4       0xaf /usr/lib/gcc/arm-none-eabi/4.8.2//libgcc.a(_arm_truncdfsf2.o)

.debug_abbrev   0x0000000000000000     0x49d6
 .debug_abbrev  0x0000000000000000       0x14 startup01.o
 .debug_abbrev  0x0000000000000014       0x14 startupadd.o
 .debug_abbrev  0x0000000000000028      0x23c serial.o
 .debug_abbrev  0x0000000000000264       0xe0 gpio.o
 .debug_abbrev  0x0000000000000344      0x1bb syscalls.o
 .debug_abbrev  0x00000000000004ff      0x160 led10.o
 .debug_abbrev  0x000000000000065f      0x161 mini_serialPi1.o
 .debug_abbrev  0x00000000000007c0       0x7a buzzer.o
 .debug_abbrev  0x000000000000083a      0x104 buttonPi1.o
 .debug_abbrev  0x000000000000093e      0x224 i2c1.o
 .debug_abbrev  0x0000000000000b62      0x1e2 spi0.o
 .debug_abbrev  0x0000000000000d44      0x1a9 raspGPIO1.o
 .debug_abbrev  0x0000000000000eed      0x10b ../cmn00/timer.o
 .debug_abbrev  0x0000000000000ff8       0xf8 ../cmn00/ADT7310.o
 .debug_abbrev  0x00000000000010f0      0x12b ../cmn00/AQM0802p.o
 .debug_abbrev  0x000000000000121b      0x18d main000.o
 .debug_abbrev  0x00000000000013a8      0x110 ../cmn00/atoix_itoa.o
 .debug_abbrev  0x00000000000014b8      0x18f /usr/lib/arm-none-eabi/newlib//libc.a(lib_a-errno.o)
 .debug_abbrev  0x0000000000001647      0x180 /usr/lib/arm-none-eabi/newlib//libc.a(lib_a-impure.o)
 .debug_abbrev  0x00000000000017c7       0xab /usr/lib/arm-none-eabi/newlib//libc.a(lib_a-memcpy.o)
 .debug_abbrev  0x0000000000001872      0x25e /usr/lib/arm-none-eabi/newlib//libc.a(lib_a-puts.o)
 .debug_abbrev  0x0000000000001ad0       0x70 /usr/lib/arm-none-eabi/newlib//libc.a(lib_a-strlen.o)
 .debug_abbrev  0x0000000000001b40      0x36a /usr/lib/arm-none-eabi/newlib//libc.a(lib_a-findfp.o)
 .debug_abbrev  0x0000000000001eaa      0x247 /usr/lib/arm-none-eabi/newlib//libc.a(lib_a-fvwrite.o)
 .debug_abbrev  0x00000000000020f1      0x1c2 /usr/lib/arm-none-eabi/newlib//libc.a(lib_a-fwalk.o)
 .debug_abbrev  0x00000000000022b3      0x2b4 /usr/lib/arm-none-eabi/newlib//libc.a(lib_a-mallocr.o)
 .debug_abbrev  0x0000000000002567       0xba /usr/lib/arm-none-eabi/newlib//libc.a(lib_a-memchr.o)
 .debug_abbrev  0x0000000000002621       0xab /usr/lib/arm-none-eabi/newlib//libc.a(lib_a-memmove.o)
 .debug_abbrev  0x00000000000026cc       0x9f /usr/lib/arm-none-eabi/newlib//libc.a(lib_a-memset.o)
 .debug_abbrev  0x000000000000276b      0x19a /usr/lib/arm-none-eabi/newlib//libc.a(lib_a-mlock.o)
 .debug_abbrev  0x0000000000002905      0x25b /usr/lib/arm-none-eabi/newlib//libc.a(lib_a-reallocr.o)
 .debug_abbrev  0x0000000000002b60      0x1fd /usr/lib/arm-none-eabi/newlib//libc.a(lib_a-sbrkr.o)
 .debug_abbrev  0x0000000000002d5d      0x22b /usr/lib/arm-none-eabi/newlib//libc.a(lib_a-stdio.o)
 .debug_abbrev  0x0000000000002f88      0x1f4 /usr/lib/arm-none-eabi/newlib//libc.a(lib_a-writer.o)
 .debug_abbrev  0x000000000000317c      0x20b /usr/lib/arm-none-eabi/newlib//libc.a(lib_a-wsetup.o)
 .debug_abbrev  0x0000000000003387      0x1ef /usr/lib/arm-none-eabi/newlib//libc.a(lib_a-closer.o)
 .debug_abbrev  0x0000000000003576      0x2aa /usr/lib/arm-none-eabi/newlib//libc.a(lib_a-fclose.o)
 .debug_abbrev  0x0000000000003820      0x2ab /usr/lib/arm-none-eabi/newlib//libc.a(lib_a-fflush.o)
 .debug_abbrev  0x0000000000003acb      0x26b /usr/lib/arm-none-eabi/newlib//libc.a(lib_a-freer.o)
 .debug_abbrev  0x0000000000003d36      0x1fe /usr/lib/arm-none-eabi/newlib//libc.a(lib_a-lseekr.o)
 .debug_abbrev  0x0000000000003f34      0x206 /usr/lib/arm-none-eabi/newlib//libc.a(lib_a-makebuf.o)
 .debug_abbrev  0x000000000000413a      0x1ef /usr/lib/arm-none-eabi/newlib//libc.a(lib_a-readr.o)
 .debug_abbrev  0x0000000000004329      0x25c /usr/lib/arm-none-eabi/newlib//libc.a(lib_a-reent.o)
 .debug_abbrev  0x0000000000004585      0x1fe /usr/lib/arm-none-eabi/newlib//libc.a(lib_a-fstatr.o)
 .debug_abbrev  0x0000000000004783      0x1ef /usr/lib/arm-none-eabi/newlib//libc.a(lib_a-isattyr.o)
 .debug_abbrev  0x0000000000004972       0x14 /usr/lib/gcc/arm-none-eabi/4.8.2//libgcc.a(_divsi3.o)
 .debug_abbrev  0x0000000000004986       0x14 /usr/lib/gcc/arm-none-eabi/4.8.2//libgcc.a(_dvmd_tls.o)
 .debug_abbrev  0x000000000000499a       0x14 /usr/lib/gcc/arm-none-eabi/4.8.2//libgcc.a(_arm_addsubdf3.o)
 .debug_abbrev  0x00000000000049ae       0x14 /usr/lib/gcc/arm-none-eabi/4.8.2//libgcc.a(_arm_muldivdf3.o)
 .debug_abbrev  0x00000000000049c2       0x14 /usr/lib/gcc/arm-none-eabi/4.8.2//libgcc.a(_arm_truncdfsf2.o)

.debug_aranges  0x0000000000000000      0x708
 .debug_aranges
                0x0000000000000000       0x20 startup01.o
 .debug_aranges
                0x0000000000000020       0x20 startupadd.o
 .debug_aranges
                0x0000000000000040       0x20 serial.o
 .debug_aranges
                0x0000000000000060       0x20 gpio.o
 .debug_aranges
                0x0000000000000080       0x20 syscalls.o
 .debug_aranges
                0x00000000000000a0       0x20 led10.o
 .debug_aranges
                0x00000000000000c0       0x20 mini_serialPi1.o
 .debug_aranges
                0x00000000000000e0       0x20 buzzer.o
 .debug_aranges
                0x0000000000000100       0x20 buttonPi1.o
 .debug_aranges
                0x0000000000000120       0x20 i2c1.o
 .debug_aranges
                0x0000000000000140       0x20 spi0.o
 .debug_aranges
                0x0000000000000160       0x20 raspGPIO1.o
 .debug_aranges
                0x0000000000000180       0x20 ../cmn00/timer.o
 .debug_aranges
                0x00000000000001a0       0x20 ../cmn00/ADT7310.o
 .debug_aranges
                0x00000000000001c0       0x20 ../cmn00/AQM0802p.o
 .debug_aranges
                0x00000000000001e0       0x28 main000.o
 .debug_aranges
                0x0000000000000208       0x20 ../cmn00/atoix_itoa.o
 .debug_aranges
                0x0000000000000228       0x20 /usr/lib/arm-none-eabi/newlib//libc.a(lib_a-errno.o)
 .debug_aranges
                0x0000000000000248       0x18 /usr/lib/arm-none-eabi/newlib//libc.a(lib_a-impure.o)
 .debug_aranges
                0x0000000000000260       0x20 /usr/lib/arm-none-eabi/newlib//libc.a(lib_a-memcpy.o)
 .debug_aranges
                0x0000000000000280       0x28 /usr/lib/arm-none-eabi/newlib//libc.a(lib_a-puts.o)
 .debug_aranges
                0x00000000000002a8       0x20 /usr/lib/arm-none-eabi/newlib//libc.a(lib_a-strlen.o)
 .debug_aranges
                0x00000000000002c8       0x88 /usr/lib/arm-none-eabi/newlib//libc.a(lib_a-findfp.o)
 .debug_aranges
                0x0000000000000350       0x20 /usr/lib/arm-none-eabi/newlib//libc.a(lib_a-fvwrite.o)
 .debug_aranges
                0x0000000000000370       0x28 /usr/lib/arm-none-eabi/newlib//libc.a(lib_a-fwalk.o)
 .debug_aranges
                0x0000000000000398       0x20 /usr/lib/arm-none-eabi/newlib//libc.a(lib_a-mallocr.o)
 .debug_aranges
                0x00000000000003b8       0x20 /usr/lib/arm-none-eabi/newlib//libc.a(lib_a-memchr.o)
 .debug_aranges
                0x00000000000003d8       0x20 /usr/lib/arm-none-eabi/newlib//libc.a(lib_a-memmove.o)
 .debug_aranges
                0x00000000000003f8       0x20 /usr/lib/arm-none-eabi/newlib//libc.a(lib_a-memset.o)
 .debug_aranges
                0x0000000000000418       0x28 /usr/lib/arm-none-eabi/newlib//libc.a(lib_a-mlock.o)
 .debug_aranges
                0x0000000000000440       0x20 /usr/lib/arm-none-eabi/newlib//libc.a(lib_a-reallocr.o)
 .debug_aranges
                0x0000000000000460       0x20 /usr/lib/arm-none-eabi/newlib//libc.a(lib_a-sbrkr.o)
 .debug_aranges
                0x0000000000000480       0x40 /usr/lib/arm-none-eabi/newlib//libc.a(lib_a-stdio.o)
 .debug_aranges
                0x00000000000004c0       0x20 /usr/lib/arm-none-eabi/newlib//libc.a(lib_a-writer.o)
 .debug_aranges
                0x00000000000004e0       0x20 /usr/lib/arm-none-eabi/newlib//libc.a(lib_a-wsetup.o)
 .debug_aranges
                0x0000000000000500       0x20 /usr/lib/arm-none-eabi/newlib//libc.a(lib_a-closer.o)
 .debug_aranges
                0x0000000000000520       0x28 /usr/lib/arm-none-eabi/newlib//libc.a(lib_a-fclose.o)
 .debug_aranges
                0x0000000000000548       0x30 /usr/lib/arm-none-eabi/newlib//libc.a(lib_a-fflush.o)
 .debug_aranges
                0x0000000000000578       0x28 /usr/lib/arm-none-eabi/newlib//libc.a(lib_a-freer.o)
 .debug_aranges
                0x00000000000005a0       0x20 /usr/lib/arm-none-eabi/newlib//libc.a(lib_a-lseekr.o)
 .debug_aranges
                0x00000000000005c0       0x20 /usr/lib/arm-none-eabi/newlib//libc.a(lib_a-makebuf.o)
 .debug_aranges
                0x00000000000005e0       0x20 /usr/lib/arm-none-eabi/newlib//libc.a(lib_a-readr.o)
 .debug_aranges
                0x0000000000000600       0x28 /usr/lib/arm-none-eabi/newlib//libc.a(lib_a-reent.o)
 .debug_aranges
                0x0000000000000628       0x20 /usr/lib/arm-none-eabi/newlib//libc.a(lib_a-fstatr.o)
 .debug_aranges
                0x0000000000000648       0x20 /usr/lib/arm-none-eabi/newlib//libc.a(lib_a-isattyr.o)
 .debug_aranges
                0x0000000000000668       0x20 /usr/lib/gcc/arm-none-eabi/4.8.2//libgcc.a(_divsi3.o)
 .debug_aranges
                0x0000000000000688       0x20 /usr/lib/gcc/arm-none-eabi/4.8.2//libgcc.a(_dvmd_tls.o)
 .debug_aranges
                0x00000000000006a8       0x20 /usr/lib/gcc/arm-none-eabi/4.8.2//libgcc.a(_arm_addsubdf3.o)
 .debug_aranges
                0x00000000000006c8       0x20 /usr/lib/gcc/arm-none-eabi/4.8.2//libgcc.a(_arm_muldivdf3.o)
 .debug_aranges
                0x00000000000006e8       0x20 /usr/lib/gcc/arm-none-eabi/4.8.2//libgcc.a(_arm_truncdfsf2.o)

.debug_loc      0x0000000000000000     0x59cd
 .debug_loc     0x0000000000000000      0x297 serial.o
 .debug_loc     0x0000000000000297      0x3ce gpio.o
 .debug_loc     0x0000000000000665      0x2bb syscalls.o
 .debug_loc     0x0000000000000920      0x10b led10.o
 .debug_loc     0x0000000000000a2b      0x121 mini_serialPi1.o
 .debug_loc     0x0000000000000b4c       0x66 buttonPi1.o
 .debug_loc     0x0000000000000bb2      0x2ec i2c1.o
 .debug_loc     0x0000000000000e9e      0x1ab spi0.o
 .debug_loc     0x0000000000001049      0x1ba raspGPIO1.o
 .debug_loc     0x0000000000001203       0xae ../cmn00/timer.o
 .debug_loc     0x00000000000012b1       0x7c ../cmn00/ADT7310.o
 .debug_loc     0x000000000000132d      0x1cc ../cmn00/AQM0802p.o
 .debug_loc     0x00000000000014f9       0xbe main000.o
 .debug_loc     0x00000000000015b7      0x2e8 ../cmn00/atoix_itoa.o
 .debug_loc     0x000000000000189f      0x217 /usr/lib/arm-none-eabi/newlib//libc.a(lib_a-memcpy.o)
 .debug_loc     0x0000000000001ab6      0x129 /usr/lib/arm-none-eabi/newlib//libc.a(lib_a-puts.o)
 .debug_loc     0x0000000000001bdf       0x21 /usr/lib/arm-none-eabi/newlib//libc.a(lib_a-strlen.o)
 .debug_loc     0x0000000000001c00      0x234 /usr/lib/arm-none-eabi/newlib//libc.a(lib_a-findfp.o)
 .debug_loc     0x0000000000001e34      0x640 /usr/lib/arm-none-eabi/newlib//libc.a(lib_a-fvwrite.o)
 .debug_loc     0x0000000000002474      0x27f /usr/lib/arm-none-eabi/newlib//libc.a(lib_a-fwalk.o)
 .debug_loc     0x00000000000026f3      0xaaa /usr/lib/arm-none-eabi/newlib//libc.a(lib_a-mallocr.o)
 .debug_loc     0x000000000000319d      0x175 /usr/lib/arm-none-eabi/newlib//libc.a(lib_a-memchr.o)
 .debug_loc     0x0000000000003312      0x2c1 /usr/lib/arm-none-eabi/newlib//libc.a(lib_a-memmove.o)
 .debug_loc     0x00000000000035d3      0x198 /usr/lib/arm-none-eabi/newlib//libc.a(lib_a-memset.o)
 .debug_loc     0x000000000000376b      0xf20 /usr/lib/arm-none-eabi/newlib//libc.a(lib_a-reallocr.o)
 .debug_loc     0x000000000000468b       0x66 /usr/lib/arm-none-eabi/newlib//libc.a(lib_a-sbrkr.o)
 .debug_loc     0x00000000000046f1      0x2b5 /usr/lib/arm-none-eabi/newlib//libc.a(lib_a-stdio.o)
 .debug_loc     0x00000000000049a6       0xa5 /usr/lib/arm-none-eabi/newlib//libc.a(lib_a-writer.o)
 .debug_loc     0x0000000000004a4b       0xd4 /usr/lib/arm-none-eabi/newlib//libc.a(lib_a-wsetup.o)
 .debug_loc     0x0000000000004b1f       0x4d /usr/lib/arm-none-eabi/newlib//libc.a(lib_a-closer.o)
 .debug_loc     0x0000000000004b6c      0x1ed /usr/lib/arm-none-eabi/newlib//libc.a(lib_a-fclose.o)
 .debug_loc     0x0000000000004d59      0x31b /usr/lib/arm-none-eabi/newlib//libc.a(lib_a-fflush.o)
 .debug_loc     0x0000000000005074      0x4c4 /usr/lib/arm-none-eabi/newlib//libc.a(lib_a-freer.o)
 .debug_loc     0x0000000000005538       0xa5 /usr/lib/arm-none-eabi/newlib//libc.a(lib_a-lseekr.o)
 .debug_loc     0x00000000000055dd      0x170 /usr/lib/arm-none-eabi/newlib//libc.a(lib_a-makebuf.o)
 .debug_loc     0x000000000000574d       0xa5 /usr/lib/arm-none-eabi/newlib//libc.a(lib_a-readr.o)
 .debug_loc     0x00000000000057f2      0x115 /usr/lib/arm-none-eabi/newlib//libc.a(lib_a-reent.o)
 .debug_loc     0x0000000000005907       0x79 /usr/lib/arm-none-eabi/newlib//libc.a(lib_a-fstatr.o)
 .debug_loc     0x0000000000005980       0x4d /usr/lib/arm-none-eabi/newlib//libc.a(lib_a-isattyr.o)

.debug_ranges   0x0000000000000000      0x590
 .debug_ranges  0x0000000000000000       0x58 serial.o
 .debug_ranges  0x0000000000000058       0x18 led10.o
 .debug_ranges  0x0000000000000070       0x30 spi0.o
 .debug_ranges  0x00000000000000a0       0x20 ../cmn00/timer.o
 .debug_ranges  0x00000000000000c0       0x18 main000.o
 .debug_ranges  0x00000000000000d8       0x10 /usr/lib/arm-none-eabi/newlib//libc.a(lib_a-errno.o)
 .debug_ranges  0x00000000000000e8       0x10 /usr/lib/arm-none-eabi/newlib//libc.a(lib_a-memcpy.o)
 .debug_ranges  0x00000000000000f8       0x40 /usr/lib/arm-none-eabi/newlib//libc.a(lib_a-puts.o)
 .debug_ranges  0x0000000000000138       0x10 /usr/lib/arm-none-eabi/newlib//libc.a(lib_a-strlen.o)
 .debug_ranges  0x0000000000000148       0xe0 /usr/lib/arm-none-eabi/newlib//libc.a(lib_a-findfp.o)
 .debug_ranges  0x0000000000000228       0x38 /usr/lib/arm-none-eabi/newlib//libc.a(lib_a-fvwrite.o)
 .debug_ranges  0x0000000000000260       0x18 /usr/lib/arm-none-eabi/newlib//libc.a(lib_a-fwalk.o)
 .debug_ranges  0x0000000000000278       0x30 /usr/lib/arm-none-eabi/newlib//libc.a(lib_a-mallocr.o)
 .debug_ranges  0x00000000000002a8       0x10 /usr/lib/arm-none-eabi/newlib//libc.a(lib_a-memchr.o)
 .debug_ranges  0x00000000000002b8       0x10 /usr/lib/arm-none-eabi/newlib//libc.a(lib_a-memmove.o)
 .debug_ranges  0x00000000000002c8       0x10 /usr/lib/arm-none-eabi/newlib//libc.a(lib_a-memset.o)
 .debug_ranges  0x00000000000002d8       0x18 /usr/lib/arm-none-eabi/newlib//libc.a(lib_a-mlock.o)
 .debug_ranges  0x00000000000002f0       0xe8 /usr/lib/arm-none-eabi/newlib//libc.a(lib_a-reallocr.o)
 .debug_ranges  0x00000000000003d8       0x10 /usr/lib/arm-none-eabi/newlib//libc.a(lib_a-sbrkr.o)
 .debug_ranges  0x00000000000003e8       0x30 /usr/lib/arm-none-eabi/newlib//libc.a(lib_a-stdio.o)
 .debug_ranges  0x0000000000000418       0x10 /usr/lib/arm-none-eabi/newlib//libc.a(lib_a-writer.o)
 .debug_ranges  0x0000000000000428       0x30 /usr/lib/arm-none-eabi/newlib//libc.a(lib_a-wsetup.o)
 .debug_ranges  0x0000000000000458       0x10 /usr/lib/arm-none-eabi/newlib//libc.a(lib_a-closer.o)
 .debug_ranges  0x0000000000000468       0x50 /usr/lib/arm-none-eabi/newlib//libc.a(lib_a-fclose.o)
 .debug_ranges  0x00000000000004b8       0x58 /usr/lib/arm-none-eabi/newlib//libc.a(lib_a-fflush.o)
 .debug_ranges  0x0000000000000510       0x18 /usr/lib/arm-none-eabi/newlib//libc.a(lib_a-freer.o)
 .debug_ranges  0x0000000000000528       0x10 /usr/lib/arm-none-eabi/newlib//libc.a(lib_a-lseekr.o)
 .debug_ranges  0x0000000000000538       0x10 /usr/lib/arm-none-eabi/newlib//libc.a(lib_a-makebuf.o)
 .debug_ranges  0x0000000000000548       0x10 /usr/lib/arm-none-eabi/newlib//libc.a(lib_a-readr.o)
 .debug_ranges  0x0000000000000558       0x18 /usr/lib/arm-none-eabi/newlib//libc.a(lib_a-reent.o)
 .debug_ranges  0x0000000000000570       0x10 /usr/lib/arm-none-eabi/newlib//libc.a(lib_a-fstatr.o)
 .debug_ranges  0x0000000000000580       0x10 /usr/lib/arm-none-eabi/newlib//libc.a(lib_a-isattyr.o)

.debug_str      0x0000000000000000     0x1d9a
 .debug_str     0x0000000000000000      0x15b serial.o
                                        0x1ac (size before relaxing)
 .debug_str     0x000000000000015b       0x45 gpio.o
                                         0xe2 (size before relaxing)
 .debug_str     0x00000000000001a0      0x275 syscalls.o
                                        0x392 (size before relaxing)
 .debug_str     0x0000000000000415       0x74 led10.o
                                         0xed (size before relaxing)
 .debug_str     0x0000000000000489      0x33b mini_serialPi1.o
                                        0x3de (size before relaxing)
 .debug_str     0x00000000000007c4       0x21 buzzer.o
                                         0x9c (size before relaxing)
 .debug_str     0x00000000000007e5       0x76 buttonPi1.o
                                        0x10c (size before relaxing)
 .debug_str     0x000000000000085b      0x195 i2c1.o
                                        0x2db (size before relaxing)
 .debug_str     0x00000000000009f0       0xdf spi0.o
                                        0x23c (size before relaxing)
 .debug_str     0x0000000000000acf       0x40 raspGPIO1.o
                                        0x251 (size before relaxing)
 .debug_str     0x0000000000000b0f       0x3a ../cmn00/timer.o
                                         0xd9 (size before relaxing)
 .debug_str     0x0000000000000b49       0x64 ../cmn00/ADT7310.o
                                        0x18e (size before relaxing)
 .debug_str     0x0000000000000bad       0xdf ../cmn00/AQM0802p.o
                                        0x247 (size before relaxing)
 .debug_str     0x0000000000000c8c       0xb9 main000.o
                                        0x242 (size before relaxing)
 .debug_str     0x0000000000000d45       0x4f ../cmn00/atoix_itoa.o
                                         0xeb (size before relaxing)
 .debug_str     0x0000000000000d94      0x439 /usr/lib/arm-none-eabi/newlib//libc.a(lib_a-errno.o)
                                        0x53b (size before relaxing)
 .debug_str     0x00000000000011cd       0xa5 /usr/lib/arm-none-eabi/newlib//libc.a(lib_a-impure.o)
                                        0x553 (size before relaxing)
 .debug_str     0x0000000000001272       0xaf /usr/lib/arm-none-eabi/newlib//libc.a(lib_a-memcpy.o)
                                        0x1a9 (size before relaxing)
 .debug_str     0x0000000000001321       0xf4 /usr/lib/arm-none-eabi/newlib//libc.a(lib_a-puts.o)
                                        0x5ba (size before relaxing)
 .debug_str     0x0000000000001415       0x95 /usr/lib/arm-none-eabi/newlib//libc.a(lib_a-strlen.o)
                                        0x18f (size before relaxing)
 .debug_str     0x00000000000014aa      0x12b /usr/lib/arm-none-eabi/newlib//libc.a(lib_a-findfp.o)
                                        0x67a (size before relaxing)
 .debug_str     0x00000000000015d5       0x81 /usr/lib/arm-none-eabi/newlib//libc.a(lib_a-fvwrite.o)
                                        0x5e5 (size before relaxing)
 .debug_str     0x0000000000001656       0x38 /usr/lib/arm-none-eabi/newlib//libc.a(lib_a-fwalk.o)
                                        0x558 (size before relaxing)
 .debug_str     0x000000000000168e      0x281 /usr/lib/arm-none-eabi/newlib//libc.a(lib_a-mallocr.o)
                                        0x762 (size before relaxing)
 .debug_str     0x000000000000190f       0x40 /usr/lib/arm-none-eabi/newlib//libc.a(lib_a-memchr.o)
                                        0x19c (size before relaxing)
 .debug_str     0x000000000000194f       0x35 /usr/lib/arm-none-eabi/newlib//libc.a(lib_a-memmove.o)
                                        0x1b5 (size before relaxing)
 .debug_str     0x0000000000001984       0x3f /usr/lib/arm-none-eabi/newlib//libc.a(lib_a-memset.o)
                                        0x196 (size before relaxing)
 .debug_str     0x00000000000019c3       0x3f /usr/lib/arm-none-eabi/newlib//libc.a(lib_a-mlock.o)
                                        0x55c (size before relaxing)
 .debug_str     0x0000000000001a02       0x4e /usr/lib/arm-none-eabi/newlib//libc.a(lib_a-reallocr.o)
                                        0x634 (size before relaxing)
 .debug_str     0x0000000000001a50       0x29 /usr/lib/arm-none-eabi/newlib//libc.a(lib_a-sbrkr.o)
                                        0x54a (size before relaxing)
 .debug_str     0x0000000000001a79       0x89 /usr/lib/arm-none-eabi/newlib//libc.a(lib_a-stdio.o)
                                        0x5ae (size before relaxing)
 .debug_str     0x0000000000001b02       0x2a /usr/lib/arm-none-eabi/newlib//libc.a(lib_a-writer.o)
                                        0x547 (size before relaxing)
 .debug_str     0x0000000000001b2c       0x37 /usr/lib/arm-none-eabi/newlib//libc.a(lib_a-wsetup.o)
                                        0x572 (size before relaxing)
 .debug_str     0x0000000000001b63       0x2a /usr/lib/arm-none-eabi/newlib//libc.a(lib_a-closer.o)
                                        0x537 (size before relaxing)
 .debug_str     0x0000000000001b8d       0x4b /usr/lib/arm-none-eabi/newlib//libc.a(lib_a-fclose.o)
                                        0x5a0 (size before relaxing)
 .debug_str     0x0000000000001bd8       0x42 /usr/lib/arm-none-eabi/newlib//libc.a(lib_a-fflush.o)
                                        0x5b3 (size before relaxing)
 .debug_str     0x0000000000001c1a       0x34 /usr/lib/arm-none-eabi/newlib//libc.a(lib_a-freer.o)
                                        0x6ac (size before relaxing)
 .debug_str     0x0000000000001c4e       0x2a /usr/lib/arm-none-eabi/newlib//libc.a(lib_a-lseekr.o)
                                        0x545 (size before relaxing)
 .debug_str     0x0000000000001c78       0x49 /usr/lib/arm-none-eabi/newlib//libc.a(lib_a-makebuf.o)
                                        0x655 (size before relaxing)
 .debug_str     0x0000000000001cc1       0x29 /usr/lib/arm-none-eabi/newlib//libc.a(lib_a-readr.o)
                                        0x545 (size before relaxing)
 .debug_str     0x0000000000001cea       0x55 /usr/lib/arm-none-eabi/newlib//libc.a(lib_a-reent.o)
                                        0x572 (size before relaxing)
 .debug_str     0x0000000000001d3f       0x30 /usr/lib/arm-none-eabi/newlib//libc.a(lib_a-fstatr.o)
                                        0x62a (size before relaxing)
 .debug_str     0x0000000000001d6f       0x2b /usr/lib/arm-none-eabi/newlib//libc.a(lib_a-isattyr.o)
                                        0x541 (size before relaxing)

.debug_frame    0x0000000000000000     0x149c
 .debug_frame   0x0000000000000000      0x100 serial.o
 .debug_frame   0x0000000000000100       0x8c gpio.o
 .debug_frame   0x000000000000018c      0x190 syscalls.o
 .debug_frame   0x000000000000031c       0xe0 led10.o
 .debug_frame   0x00000000000003fc       0x9c mini_serialPi1.o
 .debug_frame   0x0000000000000498       0x48 buzzer.o
 .debug_frame   0x00000000000004e0       0x64 buttonPi1.o
 .debug_frame   0x0000000000000544      0x124 i2c1.o
 .debug_frame   0x0000000000000668       0x9c spi0.o
 .debug_frame   0x0000000000000704       0xe8 raspGPIO1.o
 .debug_frame   0x00000000000007ec       0x64 ../cmn00/timer.o
 .debug_frame   0x0000000000000850       0x54 ../cmn00/ADT7310.o
 .debug_frame   0x00000000000008a4      0x130 ../cmn00/AQM0802p.o
 .debug_frame   0x00000000000009d4       0x8c main000.o
 .debug_frame   0x0000000000000a60       0x90 ../cmn00/atoix_itoa.o
 .debug_frame   0x0000000000000af0       0x20 /usr/lib/arm-none-eabi/newlib//libc.a(lib_a-errno.o)
 .debug_frame   0x0000000000000b10       0x38 /usr/lib/arm-none-eabi/newlib//libc.a(lib_a-memcpy.o)
 .debug_frame   0x0000000000000b48       0x4c /usr/lib/arm-none-eabi/newlib//libc.a(lib_a-puts.o)
 .debug_frame   0x0000000000000b94       0x20 /usr/lib/arm-none-eabi/newlib//libc.a(lib_a-strlen.o)
 .debug_frame   0x0000000000000bb4      0x174 /usr/lib/arm-none-eabi/newlib//libc.a(lib_a-findfp.o)
 .debug_frame   0x0000000000000d28       0x80 /usr/lib/arm-none-eabi/newlib//libc.a(lib_a-fvwrite.o)
 .debug_frame   0x0000000000000da8       0x80 /usr/lib/arm-none-eabi/newlib//libc.a(lib_a-fwalk.o)
 .debug_frame   0x0000000000000e28       0x84 /usr/lib/arm-none-eabi/newlib//libc.a(lib_a-mallocr.o)
 .debug_frame   0x0000000000000eac       0x3c /usr/lib/arm-none-eabi/newlib//libc.a(lib_a-memchr.o)
 .debug_frame   0x0000000000000ee8       0x40 /usr/lib/arm-none-eabi/newlib//libc.a(lib_a-memmove.o)
 .debug_frame   0x0000000000000f28       0x30 /usr/lib/arm-none-eabi/newlib//libc.a(lib_a-memset.o)
 .debug_frame   0x0000000000000f58       0x30 /usr/lib/arm-none-eabi/newlib//libc.a(lib_a-mlock.o)
 .debug_frame   0x0000000000000f88       0x70 /usr/lib/arm-none-eabi/newlib//libc.a(lib_a-reallocr.o)
 .debug_frame   0x0000000000000ff8       0x3c /usr/lib/arm-none-eabi/newlib//libc.a(lib_a-sbrkr.o)
 .debug_frame   0x0000000000001034       0x9c /usr/lib/arm-none-eabi/newlib//libc.a(lib_a-stdio.o)
 .debug_frame   0x00000000000010d0       0x34 /usr/lib/arm-none-eabi/newlib//libc.a(lib_a-writer.o)
 .debug_frame   0x0000000000001104       0x40 /usr/lib/arm-none-eabi/newlib//libc.a(lib_a-wsetup.o)
 .debug_frame   0x0000000000001144       0x34 /usr/lib/arm-none-eabi/newlib//libc.a(lib_a-closer.o)
 .debug_frame   0x0000000000001178       0x58 /usr/lib/arm-none-eabi/newlib//libc.a(lib_a-fclose.o)
 .debug_frame   0x00000000000011d0       0xa8 /usr/lib/arm-none-eabi/newlib//libc.a(lib_a-fflush.o)
 .debug_frame   0x0000000000001278       0x78 /usr/lib/arm-none-eabi/newlib//libc.a(lib_a-freer.o)
 .debug_frame   0x00000000000012f0       0x34 /usr/lib/arm-none-eabi/newlib//libc.a(lib_a-lseekr.o)
 .debug_frame   0x0000000000001324       0x58 /usr/lib/arm-none-eabi/newlib//libc.a(lib_a-makebuf.o)
 .debug_frame   0x000000000000137c       0x34 /usr/lib/arm-none-eabi/newlib//libc.a(lib_a-readr.o)
 .debug_frame   0x00000000000013b0       0x64 /usr/lib/arm-none-eabi/newlib//libc.a(lib_a-reent.o)
 .debug_frame   0x0000000000001414       0x34 /usr/lib/arm-none-eabi/newlib//libc.a(lib_a-fstatr.o)
 .debug_frame   0x0000000000001448       0x34 /usr/lib/arm-none-eabi/newlib//libc.a(lib_a-isattyr.o)
 .debug_frame   0x000000000000147c       0x20 /usr/lib/gcc/arm-none-eabi/4.8.2//libgcc.a(_divsi3.o)
