Archive member included to satisfy reference by file (symbol)

/usr/lib/arm-none-eabi/newlib//libc.a(lib_a-errno.o)
                              syscalls.o (__errno)
/usr/lib/arm-none-eabi/newlib//libc.a(lib_a-impure.o)
                              /usr/lib/arm-none-eabi/newlib//libc.a(lib_a-errno.o) (_impure_ptr)
/usr/lib/arm-none-eabi/newlib//libc.a(lib_a-printf.o)
                              main82_0.o (printf)
/usr/lib/arm-none-eabi/newlib//libc.a(lib_a-puts.o)
                              main82_0.o (puts)
/usr/lib/arm-none-eabi/newlib//libc.a(lib_a-strlen.o)
                              /usr/lib/arm-none-eabi/newlib//libc.a(lib_a-puts.o) (strlen)
/usr/lib/arm-none-eabi/newlib//libc.a(lib_a-vfprintf.o)
                              /usr/lib/arm-none-eabi/newlib//libc.a(lib_a-printf.o) (_vfprintf_r)
/usr/lib/arm-none-eabi/newlib//libc.a(lib_a-wsetup.o)
                              /usr/lib/arm-none-eabi/newlib//libc.a(lib_a-vfprintf.o) (__swsetup_r)
/usr/lib/arm-none-eabi/newlib//libc.a(lib_a-dtoa.o)
                              /usr/lib/arm-none-eabi/newlib//libc.a(lib_a-vfprintf.o) (_dtoa_r)
/usr/lib/arm-none-eabi/newlib//libc.a(lib_a-fflush.o)
                              /usr/lib/arm-none-eabi/newlib//libc.a(lib_a-vfprintf.o) (_fflush_r)
/usr/lib/arm-none-eabi/newlib//libc.a(lib_a-findfp.o)
                              /usr/lib/arm-none-eabi/newlib//libc.a(lib_a-puts.o) (__sinit)
/usr/lib/arm-none-eabi/newlib//libc.a(lib_a-freer.o)
                              /usr/lib/arm-none-eabi/newlib//libc.a(lib_a-wsetup.o) (_free_r)
/usr/lib/arm-none-eabi/newlib//libc.a(lib_a-fvwrite.o)
                              /usr/lib/arm-none-eabi/newlib//libc.a(lib_a-puts.o) (__sfvwrite_r)
/usr/lib/arm-none-eabi/newlib//libc.a(lib_a-fwalk.o)
                              /usr/lib/arm-none-eabi/newlib//libc.a(lib_a-findfp.o) (_fwalk)
/usr/lib/arm-none-eabi/newlib//libc.a(lib_a-locale.o)
                              /usr/lib/arm-none-eabi/newlib//libc.a(lib_a-vfprintf.o) (_localeconv_r)
/usr/lib/arm-none-eabi/newlib//libc.a(lib_a-makebuf.o)
                              /usr/lib/arm-none-eabi/newlib//libc.a(lib_a-wsetup.o) (__smakebuf_r)
/usr/lib/arm-none-eabi/newlib//libc.a(lib_a-mallocr.o)
                              /usr/lib/arm-none-eabi/newlib//libc.a(lib_a-findfp.o) (_malloc_r)
/usr/lib/arm-none-eabi/newlib//libc.a(lib_a-memchr.o)
                              /usr/lib/arm-none-eabi/newlib//libc.a(lib_a-vfprintf.o) (memchr)
/usr/lib/arm-none-eabi/newlib//libc.a(lib_a-memcpy.o)
                              /usr/lib/arm-none-eabi/newlib//libc.a(lib_a-dtoa.o) (memcpy)
/usr/lib/arm-none-eabi/newlib//libc.a(lib_a-memmove.o)
                              /usr/lib/arm-none-eabi/newlib//libc.a(lib_a-fvwrite.o) (memmove)
/usr/lib/arm-none-eabi/newlib//libc.a(lib_a-memset.o)
                              /usr/lib/arm-none-eabi/newlib//libc.a(lib_a-findfp.o) (memset)
/usr/lib/arm-none-eabi/newlib//libc.a(lib_a-mlock.o)
                              /usr/lib/arm-none-eabi/newlib//libc.a(lib_a-freer.o) (__malloc_lock)
/usr/lib/arm-none-eabi/newlib//libc.a(lib_a-mprec.o)
                              /usr/lib/arm-none-eabi/newlib//libc.a(lib_a-dtoa.o) (_Balloc)
/usr/lib/arm-none-eabi/newlib//libc.a(lib_a-reallocr.o)
                              /usr/lib/arm-none-eabi/newlib//libc.a(lib_a-fvwrite.o) (_realloc_r)
/usr/lib/arm-none-eabi/newlib//libc.a(lib_a-s_fpclassify.o)
                              /usr/lib/arm-none-eabi/newlib//libc.a(lib_a-vfprintf.o) (__fpclassifyd)
/usr/lib/arm-none-eabi/newlib//libc.a(lib_a-sbrkr.o)
                              /usr/lib/arm-none-eabi/newlib//libc.a(lib_a-freer.o) (_sbrk_r)
/usr/lib/arm-none-eabi/newlib//libc.a(lib_a-stdio.o)
                              /usr/lib/arm-none-eabi/newlib//libc.a(lib_a-findfp.o) (__sread)
/usr/lib/arm-none-eabi/newlib//libc.a(lib_a-strcmp.o)
                              /usr/lib/arm-none-eabi/newlib//libc.a(lib_a-locale.o) (strcmp)
/usr/lib/arm-none-eabi/newlib//libc.a(lib_a-vfiprintf.o)
                              /usr/lib/arm-none-eabi/newlib//libc.a(lib_a-vfprintf.o) (__sprint_r)
/usr/lib/arm-none-eabi/newlib//libc.a(lib_a-writer.o)
                              /usr/lib/arm-none-eabi/newlib//libc.a(lib_a-stdio.o) (_write_r)
/usr/lib/arm-none-eabi/newlib//libc.a(lib_a-callocr.o)
                              /usr/lib/arm-none-eabi/newlib//libc.a(lib_a-mprec.o) (_calloc_r)
/usr/lib/arm-none-eabi/newlib//libc.a(lib_a-closer.o)
                              /usr/lib/arm-none-eabi/newlib//libc.a(lib_a-stdio.o) (_close_r)
/usr/lib/arm-none-eabi/newlib//libc.a(lib_a-fclose.o)
                              /usr/lib/arm-none-eabi/newlib//libc.a(lib_a-findfp.o) (_fclose_r)
/usr/lib/arm-none-eabi/newlib//libc.a(lib_a-fputwc.o)
                              /usr/lib/arm-none-eabi/newlib//libc.a(lib_a-vfiprintf.o) (_fputwc_r)
/usr/lib/arm-none-eabi/newlib//libc.a(lib_a-fstatr.o)
[...]
Memory Configuration

Name             Origin             Length             Attributes
ram              0x0000000000008000 0x0000000000078000 xrw
*default*        0x0000000000000000 0xffffffffffffffff

Linker script and memory map

                0x0000000000008000                . = 0x8000

.text           0x0000000000008000     0xb3c4
 *(.text*)
 .text          0x0000000000008000       0xb0 startup01.o
                0x0000000000008000                _start
                0x0000000000008024                _hangup
                0x0000000000008040                enable_IRQ
                0x0000000000008050                disable_IRQ
                0x0000000000008064                getmode
                0x000000000000806c                _initial_vector_start
                0x00000000000080ac                _initial_vector_end
 .text          0x00000000000080b0       0xc0 startupadd.o
                0x00000000000080b0                interruptDisable
                0x00000000000080c0                interruptEnable
                0x00000000000080d0                readVectorBaseRegister
                0x00000000000080d8                writeVectorBaseRegister
                0x00000000000080e0                writeVectorBaseRegister00
                0x00000000000080f0                setHighVector
                0x0000000000008104                setLowVector
                0x0000000000008118                readSCTLR
                0x0000000000008120                disableInstructionCache
                0x0000000000008138                disableDataCache
                0x0000000000008150                disableMMU
                0x0000000000008164                undefInst
 .text          0x0000000000008170      0x164 syscalls.o
                0x0000000000008170                initialise_monitor_handles
                0x0000000000008174                _read
                0x000000000000817c                _lseek
                0x0000000000008184                _write
                0x00000000000081b4                _open
                0x00000000000081c4                _close
                0x00000000000081cc                _exit
                0x00000000000081d0                _kill
                0x00000000000081d8                _getpid
                0x00000000000081e0                _sbrk
                0x0000000000008214                _fstat
                0x000000000000821c                _stat
                0x0000000000008224                _link
                0x000000000000822c                _unlink
                0x0000000000008234                _raise
                0x0000000000008238                _gettimeofday
                0x0000000000008260                _times
                0x0000000000008280                _isatty
                0x0000000000008288                _system
                0x00000000000082b8                _rename
 .text          0x00000000000082d4      0x16c led10.o
                0x0000000000008304                ledInit
                0x000000000000835c                ledTogglePi2
                0x000000000000838c                ledToggle
                0x00000000000083a8                ledTogglePin
                0x00000000000083b8                ledOn
                0x00000000000083fc                ledOff
 .text          0x0000000000008440      0x128 main82_0.o
                0x0000000000008440                m_serialPutStrI
                0x000000000000846c                delay
                0x00000000000084d8                initializeMemory
                0x0000000000008538                initializeARM
                0x0000000000008558                initializeHardware
 .text.startup  0x0000000000008568      0x1b0 main82_0.o
                0x0000000000008568                main
 .text          0x0000000000008718      0x1f0 interrupt10.o
                0x0000000000008718                set_vector_table
                0x000000000000875c                prt_vector_table
                0x00000000000087d4                interruptServiceRoutine
                0x00000000000088f4                irqPcnt
 .text          0x0000000000008908      0x2f4 timer9.o
                0x0000000000008908                timerIRQ_func
                0x0000000000008938                LEDblinkMsg
                0x0000000000008980                set_Timer_val
                0x00000000000089bc                init_syst
                0x00000000000089d4                get_systime
                0x0000000000008a14                enable_timer_interrupt
                0x0000000000008a38                disable_timer_interrupt
                0x0000000000008a5c                set_timer_clock
                0x0000000000008a9c                get_timer_rawIRQ
                0x0000000000008aac                get_timer_maskedIRQ
                0x0000000000008abc                clear_timer_flag
                0x0000000000008ad0                Timer_initialize
                0x0000000000008b04                timerInit
                0x0000000000008b4c                Timer_setPeriod
                0x0000000000008b60                Timer_start
                0x0000000000008b78                Timer_stop
                0x0000000000008b90                Timer_read
                0x0000000000008ba0                Timer_attachInterruptXX
                0x0000000000008bd8                Timer_dettachInterrupt
 .text          0x0000000000008bfc      0x15c mini_serialPi1.o
                0x0000000000008bfc                m_serialGetChar
                0x0000000000008c20                m_serialPutChar
                0x0000000000008c60                m_serialPutStr
                0x0000000000008c8c                m_serialInit
                0x0000000000008d4c                m_Serial_begin
                0x0000000000008d50                noOperation
 .text          0x0000000000008d58      0x4c8 mini_serialAdInt.o
                0x0000000000008d58                rcvSndIcnt
                0x0000000000008d6c                enable_m_serial_Int
                0x0000000000008d84                disable_m_serial_Int
                0x0000000000008d9c                m_serialInitIrcv
                0x0000000000008de8                m_serialInitIsndrcv
                0x0000000000008e44                enQueT
                0x0000000000008eb8                m_serialPutCharI
                0x0000000000008f44                deQueT
                0x0000000000008f90                datQueT
                0x0000000000008fdc                m_serialGetCharI
                0x0000000000009028                enQueR
                0x00000000000090a0                m_serialRcvInterrupt
                0x00000000000091d4                deQueR
 .text          0x0000000000009220      0x288 raspGPIO1.o
                0x0000000000009220                delay00
                0x000000000000928c                gpio_configure
                0x00000000000092f4                gpio_set
                0x0000000000009354                gpio_clear
                0x00000000000093b4                gpio_read
                0x0000000000009418                ledTogglePi0
                0x000000000000943c                gpio_configure_pull
 .text          0x00000000000094a8        0x0 /usr/lib/arm-none-eabi/newlib//libc.a(lib_a-errno.o)
 .text.__errno  0x00000000000094a8       0x10 /usr/lib/arm-none-eabi/newlib//libc.a(lib_a-errno.o)
                0x00000000000094a8                __errno
 .text          0x00000000000094b8        0x0 /usr/lib/arm-none-eabi/newlib//libc.a(lib_a-impure.o)
 .text          0x00000000000094b8        0x0 /usr/lib/arm-none-eabi/newlib//libc.a(lib_a-printf.o)
 .text._printf_r
                0x00000000000094b8       0x34 /usr/lib/arm-none-eabi/newlib//libc.a(lib_a-printf.o)
                0x00000000000094b8                _printf_r
 .text.printf   0x00000000000094ec       0x40 /usr/lib/arm-none-eabi/newlib//libc.a(lib_a-printf.o)
                0x00000000000094ec                printf
 .text          0x000000000000952c        0x0 /usr/lib/arm-none-eabi/newlib//libc.a(lib_a-puts.o)
 .text._puts_r  0x000000000000952c       0xac /usr/lib/arm-none-eabi/newlib//libc.a(lib_a-puts.o)
                0x000000000000952c                _puts_r
 .text.puts     0x00000000000095d8       0x14 /usr/lib/arm-none-eabi/newlib//libc.a(lib_a-puts.o)
                0x00000000000095d8                puts
 .text          0x00000000000095ec        0x0 /usr/lib/arm-none-eabi/newlib//libc.a(lib_a-strlen.o)
 .text.strlen   0x00000000000095ec       0x60 /usr/lib/arm-none-eabi/newlib//libc.a(lib_a-strlen.o)
                0x00000000000095ec                strlen
 .text          0x000000000000964c        0x0 /usr/lib/arm-none-eabi/newlib//libc.a(lib_a-vfprintf.o)
 .text._vfprintf_r
                0x000000000000964c     0x2088 /usr/lib/arm-none-eabi/newlib//libc.a(lib_a-vfprintf.o)
                0x000000000000964c                _vfprintf_r
 .text.vfprintf
                0x000000000000b6d4       0x28 /usr/lib/arm-none-eabi/newlib//libc.a(lib_a-vfprintf.o)
                0x000000000000b6d4                vfprintf
 .text.__sbprintf
                0x000000000000b6fc       0xac /usr/lib/arm-none-eabi/newlib//libc.a(lib_a-vfprintf.o)
 .text          0x000000000000b7a8        0x0 /usr/lib/arm-none-eabi/newlib//libc.a(lib_a-wsetup.o)
 .text.__swsetup_r
                0x000000000000b7a8      0x15c /usr/lib/arm-none-eabi/newlib//libc.a(lib_a-wsetup.o)
                0x000000000000b7a8                __swsetup_r
 .text          0x000000000000b904        0x0 /usr/lib/arm-none-eabi/newlib//libc.a(lib_a-dtoa.o)
 .text.quorem   0x000000000000b904      0x1d8 /usr/lib/arm-none-eabi/newlib//libc.a(lib_a-dtoa.o)
 *fill*         0x000000000000badc        0x4 
 .text._dtoa_r  0x000000000000bae0     0x16a0 /usr/lib/arm-none-eabi/newlib//libc.a(lib_a-dtoa.o)
                0x000000000000bae0                _dtoa_r
 .text          0x000000000000d180        0x0 /usr/lib/arm-none-eabi/newlib//libc.a(lib_a-fflush.o)
 .text.__sflush_r
                0x000000000000d180      0x240 /usr/lib/arm-none-eabi/newlib//libc.a(lib_a-fflush.o)
                0x000000000000d180                __sflush_r
 .text._fflush_r
                0x000000000000d3c0       0x54 /usr/lib/arm-none-eabi/newlib//libc.a(lib_a-fflush.o)
                0x000000000000d3c0                _fflush_r
 .text.fflush   0x000000000000d414       0x3c /usr/lib/arm-none-eabi/newlib//libc.a(lib_a-fflush.o)
                0x000000000000d414                fflush
 .text          0x000000000000d450        0x0 /usr/lib/arm-none-eabi/newlib//libc.a(lib_a-findfp.o)
 .text.__fp_lock
                0x000000000000d450        0x8 /usr/lib/arm-none-eabi/newlib//libc.a(lib_a-findfp.o)
 .text.__fp_unlock
                0x000000000000d458        0x8 /usr/lib/arm-none-eabi/newlib//libc.a(lib_a-findfp.o)
 .text._cleanup_r
                0x000000000000d460       0x18 /usr/lib/arm-none-eabi/newlib//libc.a(lib_a-findfp.o)
                0x000000000000d460                _cleanup_r
 .text.__sinit.part.1
                0x000000000000d478      0x160 /usr/lib/arm-none-eabi/newlib//libc.a(lib_a-findfp.o)
 .text.__sfmoreglue
                0x000000000000d5d8       0x50 /usr/lib/arm-none-eabi/newlib//libc.a(lib_a-findfp.o)
                0x000000000000d5d8                __sfmoreglue
 .text.__sfp    0x000000000000d628       0xec /usr/lib/arm-none-eabi/newlib//libc.a(lib_a-findfp.o)
                0x000000000000d628                __sfp
 .text._cleanup
                0x000000000000d714       0x24 /usr/lib/arm-none-eabi/newlib//libc.a(lib_a-findfp.o)
                0x000000000000d714                _cleanup
 .text.__sinit  0x000000000000d738       0x10 /usr/lib/arm-none-eabi/newlib//libc.a(lib_a-findfp.o)
                0x000000000000d738                __sinit
 .text.__sfp_lock_acquire
                0x000000000000d748        0x4 /usr/lib/arm-none-eabi/newlib//libc.a(lib_a-findfp.o)
                0x000000000000d748                __sfp_lock_acquire
 .text.__sfp_lock_release
                0x000000000000d74c        0x4 /usr/lib/arm-none-eabi/newlib//libc.a(lib_a-findfp.o)
                0x000000000000d74c                __sfp_lock_release
 .text.__sinit_lock_acquire
                0x000000000000d750        0x4 /usr/lib/arm-none-eabi/newlib//libc.a(lib_a-findfp.o)
                0x000000000000d750                __sinit_lock_acquire
 .text.__sinit_lock_release
                0x000000000000d754        0x4 /usr/lib/arm-none-eabi/newlib//libc.a(lib_a-findfp.o)
                0x000000000000d754                __sinit_lock_release
 .text.__fp_lock_all
                0x000000000000d758       0x24 /usr/lib/arm-none-eabi/newlib//libc.a(lib_a-findfp.o)
                0x000000000000d758                __fp_lock_all
 .text.__fp_unlock_all
                0x000000000000d77c       0x24 /usr/lib/arm-none-eabi/newlib//libc.a(lib_a-findfp.o)
                0x000000000000d77c                __fp_unlock_all
 .text          0x000000000000d7a0        0x0 /usr/lib/arm-none-eabi/newlib//libc.a(lib_a-freer.o)
 .text._malloc_trim_r
                0x000000000000d7a0      0x100 /usr/lib/arm-none-eabi/newlib//libc.a(lib_a-freer.o)
                0x000000000000d7a0                _malloc_trim_r
 .text._free_r  0x000000000000d8a0      0x2bc /usr/lib/arm-none-eabi/newlib//libc.a(lib_a-freer.o)
                0x000000000000d8a0                _free_r
 .text          0x000000000000db5c        0x0 /usr/lib/arm-none-eabi/newlib//libc.a(lib_a-fvwrite.o)
 .text.__sfvwrite_r
                0x000000000000db5c      0x4ec /usr/lib/arm-none-eabi/newlib//libc.a(lib_a-fvwrite.o)
                0x000000000000db5c                __sfvwrite_r
 .text          0x000000000000e048        0x0 /usr/lib/arm-none-eabi/newlib//libc.a(lib_a-fwalk.o)
 .text._fwalk   0x000000000000e048       0x84 /usr/lib/arm-none-eabi/newlib//libc.a(lib_a-fwalk.o)
                0x000000000000e048                _fwalk
 .text._fwalk_reent
                0x000000000000e0cc       0x8c /usr/lib/arm-none-eabi/newlib//libc.a(lib_a-fwalk.o)
                0x000000000000e0cc                _fwalk_reent
 .text          0x000000000000e158        0x0 /usr/lib/arm-none-eabi/newlib//libc.a(lib_a-locale.o)
 .text._setlocale_r
                0x000000000000e158       0x7c /usr/lib/arm-none-eabi/newlib//libc.a(lib_a-locale.o)
                0x000000000000e158                _setlocale_r
 .text.__locale_charset
                0x000000000000e1d4        0xc /usr/lib/arm-none-eabi/newlib//libc.a(lib_a-locale.o)
                0x000000000000e1d4                __locale_charset
 .text.__locale_mb_cur_max
                0x000000000000e1e0       0x10 /usr/lib/arm-none-eabi/newlib//libc.a(lib_a-locale.o)
                0x000000000000e1e0                __locale_mb_cur_max
 .text.__locale_msgcharset
                0x000000000000e1f0        0xc /usr/lib/arm-none-eabi/newlib//libc.a(lib_a-locale.o)
                0x000000000000e1f0                __locale_msgcharset
 .text.__locale_cjk_lang
                0x000000000000e1fc        0x8 /usr/lib/arm-none-eabi/newlib//libc.a(lib_a-locale.o)
                0x000000000000e1fc                __locale_cjk_lang
 .text._localeconv_r
                0x000000000000e204        0xc /usr/lib/arm-none-eabi/newlib//libc.a(lib_a-locale.o)
                0x000000000000e204                _localeconv_r
 .text.setlocale
                0x000000000000e210       0x18 /usr/lib/arm-none-eabi/newlib//libc.a(lib_a-locale.o)
                0x000000000000e210                setlocale
 .text.localeconv
                0x000000000000e228        0xc /usr/lib/arm-none-eabi/newlib//libc.a(lib_a-locale.o)
                0x000000000000e228                localeconv
 .text          0x000000000000e234        0x0 /usr/lib/arm-none-eabi/newlib//libc.a(lib_a-makebuf.o)
 .text.__smakebuf_r
                0x000000000000e234      0x168 /usr/lib/arm-none-eabi/newlib//libc.a(lib_a-makebuf.o)
                0x000000000000e234                __smakebuf_r
 .text          0x000000000000e39c        0x0 /usr/lib/arm-none-eabi/newlib//libc.a(lib_a-mallocr.o)
 .text._malloc_r
                0x000000000000e39c      0x750 /usr/lib/arm-none-eabi/newlib//libc.a(lib_a-mallocr.o)
                0x000000000000e39c                _malloc_r
 .text          0x000000000000eaec        0x0 /usr/lib/arm-none-eabi/newlib//libc.a(lib_a-memchr.o)
 .text.memchr   0x000000000000eaec      0x118 /usr/lib/arm-none-eabi/newlib//libc.a(lib_a-memchr.o)
                0x000000000000eaec                memchr
 .text          0x000000000000ec04        0x0 /usr/lib/arm-none-eabi/newlib//libc.a(lib_a-memcpy.o)
 .text.memcpy   0x000000000000ec04       0xf0 /usr/lib/arm-none-eabi/newlib//libc.a(lib_a-memcpy.o)
                0x000000000000ec04                memcpy
 .text          0x000000000000ecf4        0x0 /usr/lib/arm-none-eabi/newlib//libc.a(lib_a-memmove.o)
 .text.memmove  0x000000000000ecf4      0x12c /usr/lib/arm-none-eabi/newlib//libc.a(lib_a-memmove.o)
                0x000000000000ecf4                memmove
 .text          0x000000000000ee20        0x0 /usr/lib/arm-none-eabi/newlib//libc.a(lib_a-memset.o)
 .text.memset   0x000000000000ee20       0xf4 /usr/lib/arm-none-eabi/newlib//libc.a(lib_a-memset.o)
                0x000000000000ee20                memset
 .text          0x000000000000ef14        0x0 /usr/lib/arm-none-eabi/newlib//libc.a(lib_a-mlock.o)
 .text.__malloc_lock
                0x000000000000ef14        0x4 /usr/lib/arm-none-eabi/newlib//libc.a(lib_a-mlock.o)
                0x000000000000ef14                __malloc_lock
 .text.__malloc_unlock
                0x000000000000ef18        0x4 /usr/lib/arm-none-eabi/newlib//libc.a(lib_a-mlock.o)
                0x000000000000ef18                __malloc_unlock
 .text          0x000000000000ef1c        0x0 /usr/lib/arm-none-eabi/newlib//libc.a(lib_a-mprec.o)
 .text._Balloc  0x000000000000ef1c       0x90 /usr/lib/arm-none-eabi/newlib//libc.a(lib_a-mprec.o)
                0x000000000000ef1c                _Balloc
 .text._Bfree   0x000000000000efac       0x1c /usr/lib/arm-none-eabi/newlib//libc.a(lib_a-mprec.o)
                0x000000000000efac                _Bfree
 .text.__multadd
                0x000000000000efc8       0xdc /usr/lib/arm-none-eabi/newlib//libc.a(lib_a-mprec.o)
                0x000000000000efc8                __multadd
 .text.__s2b    0x000000000000f0a4       0xe8 /usr/lib/arm-none-eabi/newlib//libc.a(lib_a-mprec.o)
                0x000000000000f0a4                __s2b
 .text.__hi0bits
                0x000000000000f18c       0x5c /usr/lib/arm-none-eabi/newlib//libc.a(lib_a-mprec.o)
                0x000000000000f18c                __hi0bits
 .text.__lo0bits
                0x000000000000f1e8       0x94 /usr/lib/arm-none-eabi/newlib//libc.a(lib_a-mprec.o)
                0x000000000000f1e8                __lo0bits
 .text.__i2b    0x000000000000f27c       0x24 /usr/lib/arm-none-eabi/newlib//libc.a(lib_a-mprec.o)
                0x000000000000f27c                __i2b
 .text.__multiply
                0x000000000000f2a0      0x1f0 /usr/lib/arm-none-eabi/newlib//libc.a(lib_a-mprec.o)
                0x000000000000f2a0                __multiply
 .text.__pow5mult
                0x000000000000f490      0x104 /usr/lib/arm-none-eabi/newlib//libc.a(lib_a-mprec.o)
                0x000000000000f490                __pow5mult
 .text.__lshift
                0x000000000000f594       0xf8 /usr/lib/arm-none-eabi/newlib//libc.a(lib_a-mprec.o)
                0x000000000000f594                __lshift
 .text.__mcmp   0x000000000000f68c       0x64 /usr/lib/arm-none-eabi/newlib//libc.a(lib_a-mprec.o)
                0x000000000000f68c                __mcmp
 .text.__mdiff  0x000000000000f6f0      0x154 /usr/lib/arm-none-eabi/newlib//libc.a(lib_a-mprec.o)
                0x000000000000f6f0                __mdiff
 .text.__ulp    0x000000000000f844       0x64 /usr/lib/arm-none-eabi/newlib//libc.a(lib_a-mprec.o)
                0x000000000000f844                __ulp
 .text.__b2d    0x000000000000f8a8       0xfc /usr/lib/arm-none-eabi/newlib//libc.a(lib_a-mprec.o)
                0x000000000000f8a8                __b2d
 .text.__d2b    0x000000000000f9a4      0x10c /usr/lib/arm-none-eabi/newlib//libc.a(lib_a-mprec.o)
                0x000000000000f9a4                __d2b
 .text.__ratio  0x000000000000fab0       0x98 /usr/lib/arm-none-eabi/newlib//libc.a(lib_a-mprec.o)
                0x000000000000fab0                __ratio
 .text._mprec_log10
                0x000000000000fb48       0x54 /usr/lib/arm-none-eabi/newlib//libc.a(lib_a-mprec.o)
                0x000000000000fb48                _mprec_log10
 .text.__copybits
                0x000000000000fb9c       0x70 /usr/lib/arm-none-eabi/newlib//libc.a(lib_a-mprec.o)
                0x000000000000fb9c                __copybits
 .text.__any_on
                0x000000000000fc0c       0x80 /usr/lib/arm-none-eabi/newlib//libc.a(lib_a-mprec.o)
                0x000000000000fc0c                __any_on
 .text          0x000000000000fc8c        0x0 /usr/lib/arm-none-eabi/newlib//libc.a(lib_a-reallocr.o)
 .text._realloc_r
                0x000000000000fc8c      0x584 /usr/lib/arm-none-eabi/newlib//libc.a(lib_a-reallocr.o)
                0x000000000000fc8c                _realloc_r
 .text          0x0000000000010210        0x0 /usr/lib/arm-none-eabi/newlib//libc.a(lib_a-s_fpclassify.o)
 .text.__fpclassifyd
                0x0000000000010210       0x6c /usr/lib/arm-none-eabi/newlib//libc.a(lib_a-s_fpclassify.o)
                0x0000000000010210                __fpclassifyd
 .text          0x000000000001027c        0x0 /usr/lib/arm-none-eabi/newlib//libc.a(lib_a-sbrkr.o)
 .text._sbrk_r  0x000000000001027c       0x44 /usr/lib/arm-none-eabi/newlib//libc.a(lib_a-sbrkr.o)
                0x000000000001027c                _sbrk_r
 .text          0x00000000000102c0        0x0 /usr/lib/arm-none-eabi/newlib//libc.a(lib_a-stdio.o)
 .text.__sread  0x00000000000102c0       0x34 /usr/lib/arm-none-eabi/newlib//libc.a(lib_a-stdio.o)
                0x00000000000102c0                __sread
 .text.__seofread
                0x00000000000102f4        0x8 /usr/lib/arm-none-eabi/newlib//libc.a(lib_a-stdio.o)
                0x00000000000102f4                __seofread
 .text.__swrite
                0x00000000000102fc       0x58 /usr/lib/arm-none-eabi/newlib//libc.a(lib_a-stdio.o)
                0x00000000000102fc                __swrite
 .text.__sseek  0x0000000000010354       0x30 /usr/lib/arm-none-eabi/newlib//libc.a(lib_a-stdio.o)
                0x0000000000010354                __sseek
 .text.__sclose
                0x0000000000010384       0x14 /usr/lib/arm-none-eabi/newlib//libc.a(lib_a-stdio.o)
                0x0000000000010384                __sclose
 .text          0x0000000000010398      0x224 /usr/lib/arm-none-eabi/newlib//libc.a(lib_a-strcmp.o)
                0x0000000000010398                strcmp
 .text          0x00000000000105bc        0x0 /usr/lib/arm-none-eabi/newlib//libc.a(lib_a-vfiprintf.o)
 .text.__sprint_r.part.0
                0x00000000000105bc       0xac /usr/lib/arm-none-eabi/newlib//libc.a(lib_a-vfiprintf.o)
 .text.__sprint_r
                0x0000000000010668       0x18 /usr/lib/arm-none-eabi/newlib//libc.a(lib_a-vfiprintf.o)
                0x0000000000010668                __sprint_r
 .text._vfiprintf_r
                0x0000000000010680     0x1328 /usr/lib/arm-none-eabi/newlib//libc.a(lib_a-vfiprintf.o)
                0x0000000000010680                _vfiprintf_r
 .text.vfiprintf
                0x00000000000119a8       0x28 /usr/lib/arm-none-eabi/newlib//libc.a(lib_a-vfiprintf.o)
                0x00000000000119a8                vfiprintf
 .text.__sbprintf
                0x00000000000119d0       0xac /usr/lib/arm-none-eabi/newlib//libc.a(lib_a-vfiprintf.o)
 .text          0x0000000000011a7c        0x0 /usr/lib/arm-none-eabi/newlib//libc.a(lib_a-writer.o)
 .text._write_r
                0x0000000000011a7c       0x44 /usr/lib/arm-none-eabi/newlib//libc.a(lib_a-writer.o)
                0x0000000000011a7c                _write_r
 .text          0x0000000000011ac0        0x0 /usr/lib/arm-none-eabi/newlib//libc.a(lib_a-callocr.o)
 .text._calloc_r
                0x0000000000011ac0       0x9c /usr/lib/arm-none-eabi/newlib//libc.a(lib_a-callocr.o)
                0x0000000000011ac0                _calloc_r
 .text          0x0000000000011b5c        0x0 /usr/lib/arm-none-eabi/newlib//libc.a(lib_a-closer.o)
 .text._close_r
                0x0000000000011b5c       0x3c /usr/lib/arm-none-eabi/newlib//libc.a(lib_a-closer.o)
                0x0000000000011b5c                _close_r
 .text          0x0000000000011b98        0x0 /usr/lib/arm-none-eabi/newlib//libc.a(lib_a-fclose.o)
 .text._fclose_r
                0x0000000000011b98       0xfc /usr/lib/arm-none-eabi/newlib//libc.a(lib_a-fclose.o)
                0x0000000000011b98                _fclose_r
 .text.fclose   0x0000000000011c94       0x14 /usr/lib/arm-none-eabi/newlib//libc.a(lib_a-fclose.o)
                0x0000000000011c94                fclose
 .text          0x0000000000011ca8        0x0 /usr/lib/arm-none-eabi/newlib//libc.a(lib_a-fputwc.o)
 .text.__fputwc
                0x0000000000011ca8      0x12c /usr/lib/arm-none-eabi/newlib//libc.a(lib_a-fputwc.o)
                0x0000000000011ca8                __fputwc
 .text._fputwc_r
                0x0000000000011dd4       0x20 /usr/lib/arm-none-eabi/newlib//libc.a(lib_a-fputwc.o)
                0x0000000000011dd4                _fputwc_r
 .text.fputwc   0x0000000000011df4       0x44 /usr/lib/arm-none-eabi/newlib//libc.a(lib_a-fputwc.o)
                0x0000000000011df4                fputwc
 .text          0x0000000000011e38        0x0 /usr/lib/arm-none-eabi/newlib//libc.a(lib_a-fstatr.o)
 .text._fstat_r
                0x0000000000011e38       0x40 /usr/lib/arm-none-eabi/newlib//libc.a(lib_a-fstatr.o)
                0x0000000000011e38                _fstat_r
 .text          0x0000000000011e78        0x0 /usr/lib/arm-none-eabi/newlib//libc.a(lib_a-isattyr.o)
 .text._isatty_r
                0x0000000000011e78       0x3c /usr/lib/arm-none-eabi/newlib//libc.a(lib_a-isattyr.o)
                0x0000000000011e78                _isatty_r
 .text          0x0000000000011eb4        0x0 /usr/lib/arm-none-eabi/newlib//libc.a(lib_a-lseekr.o)
 .text._lseek_r
                0x0000000000011eb4       0x44 /usr/lib/arm-none-eabi/newlib//libc.a(lib_a-lseekr.o)
                0x0000000000011eb4                _lseek_r
 .text          0x0000000000011ef8        0x0 /usr/lib/arm-none-eabi/newlib//libc.a(lib_a-readr.o)
 .text._read_r  0x0000000000011ef8       0x44 /usr/lib/arm-none-eabi/newlib//libc.a(lib_a-readr.o)
                0x0000000000011ef8                _read_r
 .text          0x0000000000011f3c        0x0 /usr/lib/arm-none-eabi/newlib//libc.a(lib_a-reent.o)
 .text.cleanup_glue
                0x0000000000011f3c       0x2c /usr/lib/arm-none-eabi/newlib//libc.a(lib_a-reent.o)
                0x0000000000011f3c                cleanup_glue
 .text._reclaim_reent
                0x0000000000011f68       0xf4 /usr/lib/arm-none-eabi/newlib//libc.a(lib_a-reent.o)
                0x0000000000011f68                _reclaim_reent
 .text          0x000000000001205c        0x0 /usr/lib/arm-none-eabi/newlib//libc.a(lib_a-wbuf.o)
 .text.__swbuf_r
                0x000000000001205c      0x128 /usr/lib/arm-none-eabi/newlib//libc.a(lib_a-wbuf.o)
                0x000000000001205c                __swbuf_r
 .text.__swbuf  0x0000000000012184       0x18 /usr/lib/arm-none-eabi/newlib//libc.a(lib_a-wbuf.o)
                0x0000000000012184                __swbuf
 .text          0x000000000001219c        0x0 /usr/lib/arm-none-eabi/newlib//libc.a(lib_a-wcrtomb.o)
 .text._wcrtomb_r
                0x000000000001219c       0x94 /usr/lib/arm-none-eabi/newlib//libc.a(lib_a-wcrtomb.o)
                0x000000000001219c                _wcrtomb_r
 .text.wcrtomb  0x0000000000012230       0x9c /usr/lib/arm-none-eabi/newlib//libc.a(lib_a-wcrtomb.o)
                0x0000000000012230                wcrtomb
 .text          0x00000000000122cc        0x0 /usr/lib/arm-none-eabi/newlib//libc.a(lib_a-wctomb_r.o)
 .text.__ascii_wctomb
                0x00000000000122cc       0x28 /usr/lib/arm-none-eabi/newlib//libc.a(lib_a-wctomb_r.o)
                0x00000000000122cc                __ascii_wctomb
 .text._wctomb_r
                0x00000000000122f4       0x50 /usr/lib/arm-none-eabi/newlib//libc.a(lib_a-wctomb_r.o)
                0x00000000000122f4                _wctomb_r
 .text          0x0000000000012344      0x114 /usr/lib/gcc/arm-none-eabi/4.8.2//libgcc.a(_udivsi3.o)
                0x0000000000012344                __udivsi3
                0x0000000000012344                __aeabi_uidiv
                0x0000000000012438                __aeabi_uidivmod
 .text          0x0000000000012458      0x148 /usr/lib/gcc/arm-none-eabi/4.8.2//libgcc.a(_divsi3.o)
                0x0000000000012458                __aeabi_idiv
                0x0000000000012458                __divsi3
                0x0000000000012580                __aeabi_idivmod
 .text          0x00000000000125a0        0x4 /usr/lib/gcc/arm-none-eabi/4.8.2//libgcc.a(_dvmd_tls.o)
                0x00000000000125a0                __aeabi_ldiv0
                0x00000000000125a0                __aeabi_idiv0
 .text          0x00000000000125a4      0x41c /usr/lib/gcc/arm-none-eabi/4.8.2//libgcc.a(_arm_addsubdf3.o)
                0x00000000000125a4                __aeabi_drsub
                0x00000000000125ac                __aeabi_dsub
                0x00000000000125ac                __subdf3
                0x00000000000125b0                __adddf3
                0x00000000000125b0                __aeabi_dadd
                0x00000000000128c0                __aeabi_ui2d
                0x00000000000128c0                __floatunsidf
                0x00000000000128e4                __floatsidf
                0x00000000000128e4                __aeabi_i2d
                0x000000000001290c                __extendsfdf2
                0x000000000001290c                __aeabi_f2d
                0x000000000001294c                __aeabi_ul2d
                0x000000000001294c                __floatundidf
                0x0000000000012960                __floatdidf
                0x0000000000012960                __aeabi_l2d
 .text          0x00000000000129c0      0x49c /usr/lib/gcc/arm-none-eabi/4.8.2//libgcc.a(_arm_muldivdf3.o)
                0x00000000000129c0                __aeabi_dmul
                0x00000000000129c0                __muldf3
                0x0000000000012c50                __aeabi_ddiv
                0x0000000000012c50                __divdf3
 .text          0x0000000000012e5c      0x144 /usr/lib/gcc/arm-none-eabi/4.8.2//libgcc.a(_arm_cmpdf2.o)
                0x0000000000012e5c                __gtdf2
                0x0000000000012e5c                __gedf2
                0x0000000000012e64                __ltdf2
                0x0000000000012e64                __ledf2
                0x0000000000012e6c                __cmpdf2
                0x0000000000012e6c                __eqdf2
                0x0000000000012e6c                __nedf2
                0x0000000000012ef4                __aeabi_cdrcmple
                0x0000000000012f10                __aeabi_cdcmple
                0x0000000000012f10                __aeabi_cdcmpeq
                0x0000000000012f28                __aeabi_dcmpeq
                0x0000000000012f40                __aeabi_dcmplt
                0x0000000000012f58                __aeabi_dcmple
                0x0000000000012f70                __aeabi_dcmpge
                0x0000000000012f88                __aeabi_dcmpgt
 .text          0x0000000000012fa0       0x5c /usr/lib/gcc/arm-none-eabi/4.8.2//libgcc.a(_arm_fixdfsi.o)
                0x0000000000012fa0                __fixdfsi
                0x0000000000012fa0                __aeabi_d2iz
 .text          0x0000000000012ffc       0x3c /usr/lib/gcc/arm-none-eabi/4.8.2//libgcc.a(_aeabi_uldivmod.o)
                0x0000000000012ffc                __aeabi_uldivmod
 .text          0x0000000000013038       0x84 /usr/lib/gcc/arm-none-eabi/4.8.2//libgcc.a(bpabi.o)
                0x0000000000013038                __gnu_ldivmod_helper
                0x000000000001307c                __gnu_uldivmod_helper
 .text          0x00000000000130bc      0x178 /usr/lib/gcc/arm-none-eabi/4.8.2//libgcc.a(_divdi3.o)
                0x00000000000130bc                __divdi3
 .text          0x0000000000013234      0x120 /usr/lib/gcc/arm-none-eabi/4.8.2//libgcc.a(_udivdi3.o)
                0x0000000000013234                __udivdi3
 .text          0x0000000000013354       0x28 /usr/lib/gcc/arm-none-eabi/4.8.2//libgcc.a(_clzdi2.o)
                0x0000000000013354                __clzdi2
 .text          0x000000000001337c       0x48 /usr/lib/gcc/arm-none-eabi/4.8.2//libgcc.a(_clzsi2.o)
                0x000000000001337c                __clzsi2

.glue_7         0x00000000000133c4        0x0
 .glue_7        0x00000000000133c4        0x0 linker stubs

.glue_7t        0x00000000000133c4        0x0
 .glue_7t       0x00000000000133c4        0x0 linker stubs

.vfp11_veneer   0x00000000000133c4        0x0
 .vfp11_veneer  0x00000000000133c4        0x0 linker stubs

.v4_bx          0x00000000000133c4        0x0
 .v4_bx         0x00000000000133c4        0x0 linker stubs

.iplt           0x00000000000133c4        0x0
 .iplt          0x00000000000133c4        0x0 startup01.o

.rel.dyn        0x00000000000133c4        0x0
 .rel.iplt      0x00000000000133c4        0x0 startup01.o
                0x00000000000133c4                . = ALIGN (0x4)
                0x00000000000133c4                etext = .

.rodata         0x00000000000133c8      0x8d4
 *(.data*)
 .data          0x00000000000133c8        0x0 startup01.o
 .data          0x00000000000133c8        0x0 startupadd.o
 .data          0x00000000000133c8        0x4 syscalls.o
                0x00000000000133c8                heap_end
 .data          0x00000000000133cc        0x0 led10.o
 .data          0x00000000000133cc        0x0 main82_0.o
 .data          0x00000000000133cc        0x0 interrupt10.o
 .data          0x00000000000133cc        0x0 timer9.o
 .data          0x00000000000133cc        0x0 mini_serialPi1.o
 .data          0x00000000000133cc       0x10 mini_serialAdInt.o
                0x00000000000133cc                inpR
                0x00000000000133d0                outpR
                0x00000000000133d4                inpT
                0x00000000000133d8                outpT
 .data          0x00000000000133dc        0x0 raspGPIO1.o
 .data          0x00000000000133dc        0x0 /usr/lib/arm-none-eabi/newlib//libc.a(lib_a-errno.o)
 .data          0x00000000000133dc        0x0 /usr/lib/arm-none-eabi/newlib//libc.a(lib_a-impure.o)
 *fill*         0x00000000000133dc        0x4 
 .data.impure_data
                0x00000000000133e0      0x428 /usr/lib/arm-none-eabi/newlib//libc.a(lib_a-impure.o)
 .data._impure_ptr
                0x0000000000013808        0x4 /usr/lib/arm-none-eabi/newlib//libc.a(lib_a-impure.o)
                0x0000000000013808                _impure_ptr
 .data          0x000000000001380c        0x0 /usr/lib/arm-none-eabi/newlib//libc.a(lib_a-printf.o)
 .data          0x000000000001380c        0x0 /usr/lib/arm-none-eabi/newlib//libc.a(lib_a-puts.o)
 .data          0x000000000001380c        0x0 /usr/lib/arm-none-eabi/newlib//libc.a(lib_a-strlen.o)
 .data          0x000000000001380c        0x0 /usr/lib/arm-none-eabi/newlib//libc.a(lib_a-vfprintf.o)
 .data          0x000000000001380c        0x0 /usr/lib/arm-none-eabi/newlib//libc.a(lib_a-wsetup.o)
 .data          0x000000000001380c        0x0 /usr/lib/arm-none-eabi/newlib//libc.a(lib_a-dtoa.o)
 .data          0x000000000001380c        0x0 /usr/lib/arm-none-eabi/newlib//libc.a(lib_a-fflush.o)
 .data          0x000000000001380c        0x0 /usr/lib/arm-none-eabi/newlib//libc.a(lib_a-findfp.o)
 .data          0x000000000001380c        0x0 /usr/lib/arm-none-eabi/newlib//libc.a(lib_a-freer.o)
 .data          0x000000000001380c        0x0 /usr/lib/arm-none-eabi/newlib//libc.a(lib_a-fvwrite.o)
 .data          0x000000000001380c        0x0 /usr/lib/arm-none-eabi/newlib//libc.a(lib_a-fwalk.o)
 .data          0x000000000001380c        0x0 /usr/lib/arm-none-eabi/newlib//libc.a(lib_a-locale.o)
 .data.lc_message_charset
                0x000000000001380c       0x20 /usr/lib/arm-none-eabi/newlib//libc.a(lib_a-locale.o)
 .data.lconv    0x000000000001382c       0x38 /usr/lib/arm-none-eabi/newlib//libc.a(lib_a-locale.o)
 .data.lc_ctype_charset
                0x0000000000013864       0x20 /usr/lib/arm-none-eabi/newlib//libc.a(lib_a-locale.o)
 .data.__mb_cur_max
                0x0000000000013884        0x4 /usr/lib/arm-none-eabi/newlib//libc.a(lib_a-locale.o)
                0x0000000000013884                __mb_cur_max
 .data          0x0000000000013888        0x0 /usr/lib/arm-none-eabi/newlib//libc.a(lib_a-makebuf.o)
 .data          0x0000000000013888        0x0 /usr/lib/arm-none-eabi/newlib//libc.a(lib_a-mallocr.o)
 .data.__malloc_av_
                0x0000000000013888      0x408 /usr/lib/arm-none-eabi/newlib//libc.a(lib_a-mallocr.o)
                0x0000000000013888                __malloc_av_
 .data.__malloc_trim_threshold
                0x0000000000013c90        0x4 /usr/lib/arm-none-eabi/newlib//libc.a(lib_a-mallocr.o)
                0x0000000000013c90                __malloc_trim_threshold
 .data.__malloc_sbrk_base
                0x0000000000013c94        0x4 /usr/lib/arm-none-eabi/newlib//libc.a(lib_a-mallocr.o)
                0x0000000000013c94                __malloc_sbrk_base
 .data          0x0000000000013c98        0x0 /usr/lib/arm-none-eabi/newlib//libc.a(lib_a-memchr.o)
 .data          0x0000000000013c98        0x0 /usr/lib/arm-none-eabi/newlib//libc.a(lib_a-memcpy.o)
 .data          0x0000000000013c98        0x0 /usr/lib/arm-none-eabi/newlib//libc.a(lib_a-memmove.o)
 .data          0x0000000000013c98        0x0 /usr/lib/arm-none-eabi/newlib//libc.a(lib_a-memset.o)
 .data          0x0000000000013c98        0x0 /usr/lib/arm-none-eabi/newlib//libc.a(lib_a-mlock.o)
 .data          0x0000000000013c98        0x0 /usr/lib/arm-none-eabi/newlib//libc.a(lib_a-mprec.o)
 .data          0x0000000000013c98        0x0 /usr/lib/arm-none-eabi/newlib//libc.a(lib_a-reallocr.o)
 .data          0x0000000000013c98        0x0 /usr/lib/arm-none-eabi/newlib//libc.a(lib_a-s_fpclassify.o)
 .data          0x0000000000013c98        0x0 /usr/lib/arm-none-eabi/newlib//libc.a(lib_a-sbrkr.o)
 .data          0x0000000000013c98        0x0 /usr/lib/arm-none-eabi/newlib//libc.a(lib_a-stdio.o)
 .data          0x0000000000013c98        0x0 /usr/lib/arm-none-eabi/newlib//libc.a(lib_a-strcmp.o)
 .data          0x0000000000013c98        0x0 /usr/lib/arm-none-eabi/newlib//libc.a(lib_a-vfiprintf.o)
 .data          0x0000000000013c98        0x0 /usr/lib/arm-none-eabi/newlib//libc.a(lib_a-writer.o)
 .data          0x0000000000013c98        0x0 /usr/lib/arm-none-eabi/newlib//libc.a(lib_a-callocr.o)
 .data          0x0000000000013c98        0x0 /usr/lib/arm-none-eabi/newlib//libc.a(lib_a-closer.o)
 .data          0x0000000000013c98        0x0 /usr/lib/arm-none-eabi/newlib//libc.a(lib_a-fclose.o)
 .data          0x0000000000013c98        0x0 /usr/lib/arm-none-eabi/newlib//libc.a(lib_a-fputwc.o)
 .data          0x0000000000013c98        0x0 /usr/lib/arm-none-eabi/newlib//libc.a(lib_a-fstatr.o)
 .data          0x0000000000013c98        0x0 /usr/lib/arm-none-eabi/newlib//libc.a(lib_a-isattyr.o)
 .data          0x0000000000013c98        0x0 /usr/lib/arm-none-eabi/newlib//libc.a(lib_a-lseekr.o)
 .data          0x0000000000013c98        0x0 /usr/lib/arm-none-eabi/newlib//libc.a(lib_a-readr.o)
 .data          0x0000000000013c98        0x0 /usr/lib/arm-none-eabi/newlib//libc.a(lib_a-reent.o)
 .data          0x0000000000013c98        0x0 /usr/lib/arm-none-eabi/newlib//libc.a(lib_a-wbuf.o)
 .data          0x0000000000013c98        0x0 /usr/lib/arm-none-eabi/newlib//libc.a(lib_a-wcrtomb.o)
 .data          0x0000000000013c98        0x0 /usr/lib/arm-none-eabi/newlib//libc.a(lib_a-wctomb_r.o)
 .data.__wctomb
                0x0000000000013c98        0x4 /usr/lib/arm-none-eabi/newlib//libc.a(lib_a-wctomb_r.o)
                0x0000000000013c98                __wctomb
 .data          0x0000000000013c9c        0x0 /usr/lib/gcc/arm-none-eabi/4.8.2//libgcc.a(_udivsi3.o)
 .data          0x0000000000013c9c        0x0 /usr/lib/gcc/arm-none-eabi/4.8.2//libgcc.a(_divsi3.o)
 .data          0x0000000000013c9c        0x0 /usr/lib/gcc/arm-none-eabi/4.8.2//libgcc.a(_dvmd_tls.o)
 .data          0x0000000000013c9c        0x0 /usr/lib/gcc/arm-none-eabi/4.8.2//libgcc.a(_arm_addsubdf3.o)
 .data          0x0000000000013c9c        0x0 /usr/lib/gcc/arm-none-eabi/4.8.2//libgcc.a(_arm_muldivdf3.o)
 .data          0x0000000000013c9c        0x0 /usr/lib/gcc/arm-none-eabi/4.8.2//libgcc.a(_arm_cmpdf2.o)
 .data          0x0000000000013c9c        0x0 /usr/lib/gcc/arm-none-eabi/4.8.2//libgcc.a(_arm_fixdfsi.o)
 .data          0x0000000000013c9c        0x0 /usr/lib/gcc/arm-none-eabi/4.8.2//libgcc.a(_aeabi_uldivmod.o)
 .data          0x0000000000013c9c        0x0 /usr/lib/gcc/arm-none-eabi/4.8.2//libgcc.a(bpabi.o)
 .data          0x0000000000013c9c        0x0 /usr/lib/gcc/arm-none-eabi/4.8.2//libgcc.a(_divdi3.o)
 .data          0x0000000000013c9c        0x0 /usr/lib/gcc/arm-none-eabi/4.8.2//libgcc.a(_udivdi3.o)
 .data          0x0000000000013c9c        0x0 /usr/lib/gcc/arm-none-eabi/4.8.2//libgcc.a(_clzdi2.o)
 .data          0x0000000000013c9c        0x0 /usr/lib/gcc/arm-none-eabi/4.8.2//libgcc.a(_clzsi2.o)

.rodata.str1.4  0x0000000000013c9c      0x538
 .rodata.str1.4
                0x0000000000013c9c      0x2e6 main82_0.o
 *fill*         0x0000000000013f82        0x2 
 .rodata.str1.4
                0x0000000000013f84       0xa1 interrupt10.o
 *fill*         0x0000000000014025        0x3 
 .rodata.str1.4
                0x0000000000014028       0x1a timer9.o
 *fill*         0x0000000000014042        0x2 
 .rodata.str1.4
                0x0000000000014044       0x3e mini_serialAdInt.o
 *fill*         0x0000000000014082        0x2 
 .rodata.str1.4
                0x0000000000014084       0xe9 raspGPIO1.o
 *fill*         0x000000000001416d        0x3 
 .rodata.str1.4
                0x0000000000014170        0x2 /usr/lib/arm-none-eabi/newlib//libc.a(lib_a-impure.o)
                                          0x4 (size before relaxing)
 .rodata.str1.4
                0x0000000000014172        0x2 /usr/lib/arm-none-eabi/newlib//libc.a(lib_a-puts.o)
                                          0x4 (size before relaxing)
 *fill*         0x0000000000014172        0x2 
 .rodata.str1.4
                0x0000000000014174       0x42 /usr/lib/arm-none-eabi/newlib//libc.a(lib_a-vfprintf.o)
                                         0x44 (size before relaxing)
 *fill*         0x00000000000141b6        0x2 
 .rodata.str1.4
                0x00000000000141b8       0x10 /usr/lib/arm-none-eabi/newlib//libc.a(lib_a-dtoa.o)
                                         0x14 (size before relaxing)
 .rodata.str1.4
                0x00000000000141c8        0xc /usr/lib/arm-none-eabi/newlib//libc.a(lib_a-locale.o)
                                         0x14 (size before relaxing)
 .rodata.str1.4
                0x00000000000141d4       0x30 /usr/lib/arm-none-eabi/newlib//libc.a(lib_a-vfiprintf.o)

.rodata._global_impure_ptr
                0x00000000000141d4        0x4
 .rodata._global_impure_ptr
                0x00000000000141d4        0x4 /usr/lib/arm-none-eabi/newlib//libc.a(lib_a-impure.o)
                0x00000000000141d4                _global_impure_ptr

.rodata.zeroes.6926
                0x00000000000141d8       0x10
 .rodata.zeroes.6926
                0x00000000000141d8       0x10 /usr/lib/arm-none-eabi/newlib//libc.a(lib_a-vfprintf.o)

.rodata.blanks.6925
                0x00000000000141e8       0x10
 .rodata.blanks.6925
                0x00000000000141e8       0x10 /usr/lib/arm-none-eabi/newlib//libc.a(lib_a-vfprintf.o)

.rodata.__mprec_tens
                0x00000000000141f8       0xc8
 .rodata.__mprec_tens
                0x00000000000141f8       0xc8 /usr/lib/arm-none-eabi/newlib//libc.a(lib_a-mprec.o)
                0x00000000000141f8                __mprec_tens

.rodata.p05.5302
                0x00000000000142c0        0xc
 .rodata.p05.5302
                0x00000000000142c0        0xc /usr/lib/arm-none-eabi/newlib//libc.a(lib_a-mprec.o)

.rodata.__mprec_bigtens
                0x00000000000142d0       0x28
 .rodata.__mprec_bigtens
                0x00000000000142d0       0x28 /usr/lib/arm-none-eabi/newlib//libc.a(lib_a-mprec.o)
                0x00000000000142d0                __mprec_bigtens

.rodata.__mprec_tinytens
                0x00000000000142f8       0x28
 .rodata.__mprec_tinytens
                0x00000000000142f8       0x28 /usr/lib/arm-none-eabi/newlib//libc.a(lib_a-mprec.o)
                0x00000000000142f8                __mprec_tinytens

.eh_frame       0x0000000000014320       0x44
 .eh_frame      0x0000000000014320       0x44 /usr/lib/arm-none-eabi/newlib//libc.a(lib_a-strcmp.o)

.rodata.zeroes.6869
                0x0000000000014364       0x10
 .rodata.zeroes.6869
                0x0000000000014364       0x10 /usr/lib/arm-none-eabi/newlib//libc.a(lib_a-vfiprintf.o)

.rodata.blanks.6868
                0x0000000000014374       0x10
 .rodata.blanks.6868
                0x0000000000014374       0x10 /usr/lib/arm-none-eabi/newlib//libc.a(lib_a-vfiprintf.o)

.ARM.extab      0x0000000000014384        0x0
 .ARM.extab     0x0000000000014384        0x0 /usr/lib/gcc/arm-none-eabi/4.8.2//libgcc.a(_divdi3.o)
 .ARM.extab     0x0000000000014384        0x0 /usr/lib/gcc/arm-none-eabi/4.8.2//libgcc.a(_udivdi3.o)

.ARM.exidx      0x0000000000014384        0x8
 .ARM.exidx     0x0000000000014384        0x8 /usr/lib/gcc/arm-none-eabi/4.8.2//libgcc.a(_divdi3.o)
 .ARM.exidx     0x000000000001438c        0x0 /usr/lib/gcc/arm-none-eabi/4.8.2//libgcc.a(_udivdi3.o)
                                          0x8 (size before relaxing)
                0x000000000001438c                . = ALIGN (0x4)
                0x000000000001438c                sdata = .
                0x000000000001438c                _DataStart = .

.data
 *(.data*)
                0x000000000001438c                _DataEnd = .

.igot.plt       0x000000000001438c        0x0
 .igot.plt      0x000000000001438c        0x0 startup01.o
                0x000000000001438c                . = ALIGN (0x4)
                0x000000000001438c                edata = .
                0x000000000001438c                sbss = .
                0x000000000001438c                _BssStart = .

.bss            0x000000000001438c      0x4f0
 *(.bss*)
 .bss           0x000000000001438c        0x0 startup01.o
 .bss           0x000000000001438c        0x0 startupadd.o
 .bss           0x000000000001438c        0x0 syscalls.o
 .bss           0x000000000001438c        0x0 led10.o
 .bss           0x000000000001438c        0x0 main82_0.o
 .bss           0x000000000001438c       0x14 interrupt10.o
 .bss           0x00000000000143a0        0x4 timer9.o
 .bss           0x00000000000143a4        0x0 mini_serialPi1.o
 .bss           0x00000000000143a4        0xc mini_serialAdInt.o
 .bss           0x00000000000143b0        0x0 raspGPIO1.o
 .bss           0x00000000000143b0        0x0 /usr/lib/arm-none-eabi/newlib//libc.a(lib_a-errno.o)
 .bss           0x00000000000143b0        0x0 /usr/lib/arm-none-eabi/newlib//libc.a(lib_a-impure.o)
 .bss           0x00000000000143b0        0x0 /usr/lib/arm-none-eabi/newlib//libc.a(lib_a-printf.o)
 .bss           0x00000000000143b0        0x0 /usr/lib/arm-none-eabi/newlib//libc.a(lib_a-puts.o)
 .bss           0x00000000000143b0        0x0 /usr/lib/arm-none-eabi/newlib//libc.a(lib_a-strlen.o)
 .bss           0x00000000000143b0        0x0 /usr/lib/arm-none-eabi/newlib//libc.a(lib_a-vfprintf.o)
 .bss           0x00000000000143b0        0x0 /usr/lib/arm-none-eabi/newlib//libc.a(lib_a-wsetup.o)
 .bss           0x00000000000143b0        0x0 /usr/lib/arm-none-eabi/newlib//libc.a(lib_a-dtoa.o)
 .bss           0x00000000000143b0        0x0 /usr/lib/arm-none-eabi/newlib//libc.a(lib_a-fflush.o)
 .bss           0x00000000000143b0        0x0 /usr/lib/arm-none-eabi/newlib//libc.a(lib_a-findfp.o)
 .bss           0x00000000000143b0        0x0 /usr/lib/arm-none-eabi/newlib//libc.a(lib_a-freer.o)
 .bss           0x00000000000143b0        0x0 /usr/lib/arm-none-eabi/newlib//libc.a(lib_a-fvwrite.o)
 .bss           0x00000000000143b0        0x0 /usr/lib/arm-none-eabi/newlib//libc.a(lib_a-fwalk.o)
 .bss           0x00000000000143b0        0x0 /usr/lib/arm-none-eabi/newlib//libc.a(lib_a-locale.o)
 .bss._PathLocale
                0x00000000000143b0        0x4 /usr/lib/arm-none-eabi/newlib//libc.a(lib_a-locale.o)
                0x00000000000143b0                _PathLocale
 .bss.__nlocale_changed
                0x00000000000143b4        0x4 /usr/lib/arm-none-eabi/newlib//libc.a(lib_a-locale.o)
                0x00000000000143b4                __nlocale_changed
 .bss.__mlocale_changed
                0x00000000000143b8        0x4 /usr/lib/arm-none-eabi/newlib//libc.a(lib_a-locale.o)
                0x00000000000143b8                __mlocale_changed
 .bss           0x00000000000143bc        0x0 /usr/lib/arm-none-eabi/newlib//libc.a(lib_a-makebuf.o)
 .bss           0x00000000000143bc        0x0 /usr/lib/arm-none-eabi/newlib//libc.a(lib_a-mallocr.o)
 .bss.__malloc_max_total_mem
                0x00000000000143bc        0x4 /usr/lib/arm-none-eabi/newlib//libc.a(lib_a-mallocr.o)
                0x00000000000143bc                __malloc_max_total_mem
 .bss.__malloc_max_sbrked_mem
                0x00000000000143c0        0x4 /usr/lib/arm-none-eabi/newlib//libc.a(lib_a-mallocr.o)
                0x00000000000143c0                __malloc_max_sbrked_mem
 .bss.__malloc_top_pad
                0x00000000000143c4        0x4 /usr/lib/arm-none-eabi/newlib//libc.a(lib_a-mallocr.o)
                0x00000000000143c4                __malloc_top_pad
 .bss.__malloc_current_mallinfo
                0x00000000000143c8       0x28 /usr/lib/arm-none-eabi/newlib//libc.a(lib_a-mallocr.o)
                0x00000000000143c8                __malloc_current_mallinfo
 .bss           0x00000000000143f0        0x0 /usr/lib/arm-none-eabi/newlib//libc.a(lib_a-memchr.o)
 .bss           0x00000000000143f0        0x0 /usr/lib/arm-none-eabi/newlib//libc.a(lib_a-memcpy.o)
 .bss           0x00000000000143f0        0x0 /usr/lib/arm-none-eabi/newlib//libc.a(lib_a-memmove.o)
 .bss           0x00000000000143f0        0x0 /usr/lib/arm-none-eabi/newlib//libc.a(lib_a-memset.o)
 .bss           0x00000000000143f0        0x0 /usr/lib/arm-none-eabi/newlib//libc.a(lib_a-mlock.o)
 .bss           0x00000000000143f0        0x0 /usr/lib/arm-none-eabi/newlib//libc.a(lib_a-mprec.o)
 .bss           0x00000000000143f0        0x0 /usr/lib/arm-none-eabi/newlib//libc.a(lib_a-reallocr.o)
 .bss           0x00000000000143f0        0x0 /usr/lib/arm-none-eabi/newlib//libc.a(lib_a-s_fpclassify.o)
 .bss           0x00000000000143f0        0x0 /usr/lib/arm-none-eabi/newlib//libc.a(lib_a-sbrkr.o)
 .bss           0x00000000000143f0        0x0 /usr/lib/arm-none-eabi/newlib//libc.a(lib_a-stdio.o)
 .bss           0x00000000000143f0        0x0 /usr/lib/arm-none-eabi/newlib//libc.a(lib_a-strcmp.o)
 .bss           0x00000000000143f0        0x0 /usr/lib/arm-none-eabi/newlib//libc.a(lib_a-vfiprintf.o)
 .bss           0x00000000000143f0        0x0 /usr/lib/arm-none-eabi/newlib//libc.a(lib_a-writer.o)
 .bss           0x00000000000143f0        0x0 /usr/lib/arm-none-eabi/newlib//libc.a(lib_a-callocr.o)
 .bss           0x00000000000143f0        0x0 /usr/lib/arm-none-eabi/newlib//libc.a(lib_a-closer.o)
 .bss           0x00000000000143f0        0x0 /usr/lib/arm-none-eabi/newlib//libc.a(lib_a-fclose.o)
 .bss           0x00000000000143f0        0x0 /usr/lib/arm-none-eabi/newlib//libc.a(lib_a-fputwc.o)
 .bss           0x00000000000143f0        0x0 /usr/lib/arm-none-eabi/newlib//libc.a(lib_a-fstatr.o)
 .bss           0x00000000000143f0        0x0 /usr/lib/arm-none-eabi/newlib//libc.a(lib_a-isattyr.o)
 .bss           0x00000000000143f0        0x0 /usr/lib/arm-none-eabi/newlib//libc.a(lib_a-lseekr.o)
 .bss           0x00000000000143f0        0x0 /usr/lib/arm-none-eabi/newlib//libc.a(lib_a-readr.o)
 .bss           0x00000000000143f0        0x0 /usr/lib/arm-none-eabi/newlib//libc.a(lib_a-reent.o)
 .bss           0x00000000000143f0        0x0 /usr/lib/arm-none-eabi/newlib//libc.a(lib_a-wbuf.o)
 .bss           0x00000000000143f0        0x0 /usr/lib/arm-none-eabi/newlib//libc.a(lib_a-wcrtomb.o)
 .bss           0x00000000000143f0        0x0 /usr/lib/arm-none-eabi/newlib//libc.a(lib_a-wctomb_r.o)
 .bss           0x00000000000143f0        0x0 /usr/lib/gcc/arm-none-eabi/4.8.2//libgcc.a(_udivsi3.o)
 .bss           0x00000000000143f0        0x0 /usr/lib/gcc/arm-none-eabi/4.8.2//libgcc.a(_divsi3.o)
 .bss           0x00000000000143f0        0x0 /usr/lib/gcc/arm-none-eabi/4.8.2//libgcc.a(_dvmd_tls.o)
 .bss           0x00000000000143f0        0x0 /usr/lib/gcc/arm-none-eabi/4.8.2//libgcc.a(_arm_addsubdf3.o)
 .bss           0x00000000000143f0        0x0 /usr/lib/gcc/arm-none-eabi/4.8.2//libgcc.a(_arm_muldivdf3.o)
 .bss           0x00000000000143f0        0x0 /usr/lib/gcc/arm-none-eabi/4.8.2//libgcc.a(_arm_cmpdf2.o)
 .bss           0x00000000000143f0        0x0 /usr/lib/gcc/arm-none-eabi/4.8.2//libgcc.a(_arm_fixdfsi.o)
 .bss           0x00000000000143f0        0x0 /usr/lib/gcc/arm-none-eabi/4.8.2//libgcc.a(_aeabi_uldivmod.o)
 .bss           0x00000000000143f0        0x0 /usr/lib/gcc/arm-none-eabi/4.8.2//libgcc.a(bpabi.o)
 .bss           0x00000000000143f0        0x0 /usr/lib/gcc/arm-none-eabi/4.8.2//libgcc.a(_divdi3.o)
 .bss           0x00000000000143f0        0x0 /usr/lib/gcc/arm-none-eabi/4.8.2//libgcc.a(_udivdi3.o)
 .bss           0x00000000000143f0        0x0 /usr/lib/gcc/arm-none-eabi/4.8.2//libgcc.a(_clzdi2.o)
 .bss           0x00000000000143f0        0x0 /usr/lib/gcc/arm-none-eabi/4.8.2//libgcc.a(_clzsi2.o)
 COMMON         0x00000000000143f0        0x4 syscalls.o
                0x00000000000143f0                prev_heap_end
 COMMON         0x00000000000143f4        0x4 main82_0.o
                0x00000000000143f4                timer0
 COMMON         0x00000000000143f8      0x480 mini_serialAdInt.o
                0x00000000000143f8                rvbuf
                0x0000000000014478                txbuf
 COMMON         0x0000000000014878        0x4 /usr/lib/arm-none-eabi/newlib//libc.a(lib_a-reent.o)
                0x0000000000014878                errno
                0x000000000001487c                _BssEnd = .
                0x000000000001487c                . = ALIGN (0x4)
                0x000000000001487c                __bss_end = .
                0x000000000001487c                ebss = .
                0x0000000000015000                . = ALIGN (0x1000)
                0x0000000000015000                __free_start = .
LOAD startup01.o
LOAD startupadd.o
LOAD syscalls.o
LOAD led10.o
LOAD main82_0.o
LOAD interrupt10.o
LOAD timer9.o
LOAD mini_serialPi1.o
LOAD mini_serialAdInt.o
LOAD raspGPIO1.o
LOAD /usr/lib/arm-none-eabi/newlib//libc.a
LOAD /usr/lib/gcc/arm-none-eabi/4.8.2//libgcc.a
LOAD /usr/lib/arm-none-eabi/newlib//libc.a
OUTPUT(Pi1_08_2_v100.elf elf32-littlearm)

.ARM.attributes
                0x0000000000000000       0x2b
 .ARM.attributes
                0x0000000000000000       0x16 startup01.o
 .ARM.attributes
                0x0000000000000016       0x16 startupadd.o
 .ARM.attributes
                0x000000000000002c       0x30 syscalls.o
 .ARM.attributes
                0x000000000000005c       0x30 led10.o
 .ARM.attributes
                0x000000000000008c       0x30 main82_0.o
 .ARM.attributes
                0x00000000000000bc       0x30 interrupt10.o
 .ARM.attributes
                0x00000000000000ec       0x30 timer9.o
 .ARM.attributes
                0x000000000000011c       0x30 mini_serialPi1.o
 .ARM.attributes
                0x000000000000014c       0x30 mini_serialAdInt.o
 .ARM.attributes
                0x000000000000017c       0x30 raspGPIO1.o
 .ARM.attributes
                0x00000000000001ac       0x30 /usr/lib/arm-none-eabi/newlib//libc.a(lib_a-errno.o)
 .ARM.attributes
                0x00000000000001dc       0x30 /usr/lib/arm-none-eabi/newlib//libc.a(lib_a-impure.o)
 .ARM.attributes
                0x000000000000020c       0x30 /usr/lib/arm-none-eabi/newlib//libc.a(lib_a-printf.o)
 .ARM.attributes
                0x000000000000023c       0x30 /usr/lib/arm-none-eabi/newlib//libc.a(lib_a-puts.o)
 .ARM.attributes
                0x000000000000026c       0x30 /usr/lib/arm-none-eabi/newlib//libc.a(lib_a-strlen.o)
 .ARM.attributes
                0x000000000000029c       0x30 /usr/lib/arm-none-eabi/newlib//libc.a(lib_a-vfprintf.o)
 .ARM.attributes
                0x00000000000002cc       0x30 /usr/lib/arm-none-eabi/newlib//libc.a(lib_a-wsetup.o)
 .ARM.attributes
                0x00000000000002fc       0x30 /usr/lib/arm-none-eabi/newlib//libc.a(lib_a-dtoa.o)
 .ARM.attributes
                0x000000000000032c       0x30 /usr/lib/arm-none-eabi/newlib//libc.a(lib_a-fflush.o)
 .ARM.attributes
                0x000000000000035c       0x30 /usr/lib/arm-none-eabi/newlib//libc.a(lib_a-findfp.o)
 .ARM.attributes
                0x000000000000038c       0x30 /usr/lib/arm-none-eabi/newlib//libc.a(lib_a-freer.o)
 .ARM.attributes
                0x00000000000003bc       0x30 /usr/lib/arm-none-eabi/newlib//libc.a(lib_a-fvwrite.o)
 .ARM.attributes
                0x00000000000003ec       0x30 /usr/lib/arm-none-eabi/newlib//libc.a(lib_a-fwalk.o)
 .ARM.attributes
                0x000000000000041c       0x30 /usr/lib/arm-none-eabi/newlib//libc.a(lib_a-locale.o)
 .ARM.attributes
                0x000000000000044c       0x30 /usr/lib/arm-none-eabi/newlib//libc.a(lib_a-makebuf.o)
 .ARM.attributes
                0x000000000000047c       0x30 /usr/lib/arm-none-eabi/newlib//libc.a(lib_a-mallocr.o)
 .ARM.attributes
                0x00000000000004ac       0x30 /usr/lib/arm-none-eabi/newlib//libc.a(lib_a-memchr.o)
 .ARM.attributes
                0x00000000000004dc       0x30 /usr/lib/arm-none-eabi/newlib//libc.a(lib_a-memcpy.o)
 .ARM.attributes
                0x000000000000050c       0x30 /usr/lib/arm-none-eabi/newlib//libc.a(lib_a-memmove.o)
 .ARM.attributes
                0x000000000000053c       0x30 /usr/lib/arm-none-eabi/newlib//libc.a(lib_a-memset.o)
 .ARM.attributes
                0x000000000000056c       0x30 /usr/lib/arm-none-eabi/newlib//libc.a(lib_a-mlock.o)
 .ARM.attributes
                0x000000000000059c       0x30 /usr/lib/arm-none-eabi/newlib//libc.a(lib_a-mprec.o)
 .ARM.attributes
                0x00000000000005cc       0x30 /usr/lib/arm-none-eabi/newlib//libc.a(lib_a-reallocr.o)
 .ARM.attributes
                0x00000000000005fc       0x30 /usr/lib/arm-none-eabi/newlib//libc.a(lib_a-s_fpclassify.o)
 .ARM.attributes
                0x000000000000062c       0x30 /usr/lib/arm-none-eabi/newlib//libc.a(lib_a-sbrkr.o)
 .ARM.attributes
                0x000000000000065c       0x30 /usr/lib/arm-none-eabi/newlib//libc.a(lib_a-stdio.o)
 .ARM.attributes
                0x000000000000068c       0x16 /usr/lib/arm-none-eabi/newlib//libc.a(lib_a-strcmp.o)
 .ARM.attributes
                0x00000000000006a2       0x30 /usr/lib/arm-none-eabi/newlib//libc.a(lib_a-vfiprintf.o)
 .ARM.attributes
                0x00000000000006d2       0x30 /usr/lib/arm-none-eabi/newlib//libc.a(lib_a-writer.o)
 .ARM.attributes
                0x0000000000000702       0x30 /usr/lib/arm-none-eabi/newlib//libc.a(lib_a-callocr.o)
 .ARM.attributes
                0x0000000000000732       0x30 /usr/lib/arm-none-eabi/newlib//libc.a(lib_a-closer.o)
 .ARM.attributes
                0x0000000000000762       0x30 /usr/lib/arm-none-eabi/newlib//libc.a(lib_a-fclose.o)
 .ARM.attributes
                0x0000000000000792       0x30 /usr/lib/arm-none-eabi/newlib//libc.a(lib_a-fputwc.o)
 .ARM.attributes
                0x00000000000007c2       0x30 /usr/lib/arm-none-eabi/newlib//libc.a(lib_a-fstatr.o)
 .ARM.attributes
                0x00000000000007f2       0x30 /usr/lib/arm-none-eabi/newlib//libc.a(lib_a-isattyr.o)
 .ARM.attributes
                0x0000000000000822       0x30 /usr/lib/arm-none-eabi/newlib//libc.a(lib_a-lseekr.o)
 .ARM.attributes
                0x0000000000000852       0x30 /usr/lib/arm-none-eabi/newlib//libc.a(lib_a-readr.o)
 .ARM.attributes
                0x0000000000000882       0x30 /usr/lib/arm-none-eabi/newlib//libc.a(lib_a-reent.o)
 .ARM.attributes
                0x00000000000008b2       0x30 /usr/lib/arm-none-eabi/newlib//libc.a(lib_a-wbuf.o)
 .ARM.attributes
                0x00000000000008e2       0x30 /usr/lib/arm-none-eabi/newlib//libc.a(lib_a-wcrtomb.o)
 .ARM.attributes
                0x0000000000000912       0x30 /usr/lib/arm-none-eabi/newlib//libc.a(lib_a-wctomb_r.o)
 .ARM.attributes
                0x0000000000000942       0x18 /usr/lib/gcc/arm-none-eabi/4.8.2//libgcc.a(_udivsi3.o)
 .ARM.attributes
                0x000000000000095a       0x18 /usr/lib/gcc/arm-none-eabi/4.8.2//libgcc.a(_divsi3.o)
 .ARM.attributes
                0x0000000000000972       0x18 /usr/lib/gcc/arm-none-eabi/4.8.2//libgcc.a(_dvmd_tls.o)
 .ARM.attributes
                0x000000000000098a       0x18 /usr/lib/gcc/arm-none-eabi/4.8.2//libgcc.a(_arm_addsubdf3.o)
 .ARM.attributes
                0x00000000000009a2       0x18 /usr/lib/gcc/arm-none-eabi/4.8.2//libgcc.a(_arm_muldivdf3.o)
 .ARM.attributes
                0x00000000000009ba       0x18 /usr/lib/gcc/arm-none-eabi/4.8.2//libgcc.a(_arm_cmpdf2.o)
 .ARM.attributes
                0x00000000000009d2       0x18 /usr/lib/gcc/arm-none-eabi/4.8.2//libgcc.a(_arm_fixdfsi.o)
 .ARM.attributes
                0x00000000000009ea       0x18 /usr/lib/gcc/arm-none-eabi/4.8.2//libgcc.a(_aeabi_uldivmod.o)
 .ARM.attributes
                0x0000000000000a02       0x30 /usr/lib/gcc/arm-none-eabi/4.8.2//libgcc.a(bpabi.o)
 .ARM.attributes
                0x0000000000000a32       0x30 /usr/lib/gcc/arm-none-eabi/4.8.2//libgcc.a(_divdi3.o)
 .ARM.attributes
                0x0000000000000a62       0x30 /usr/lib/gcc/arm-none-eabi/4.8.2//libgcc.a(_udivdi3.o)
 .ARM.attributes
                0x0000000000000a92       0x18 /usr/lib/gcc/arm-none-eabi/4.8.2//libgcc.a(_clzdi2.o)
 .ARM.attributes
                0x0000000000000aaa       0x18 /usr/lib/gcc/arm-none-eabi/4.8.2//libgcc.a(_clzsi2.o)

.comment        0x0000000000000000       0x70
 .comment       0x0000000000000000       0x38 syscalls.o
                                         0x39 (size before relaxing)
 .comment       0x0000000000000038       0x39 led10.o
 .comment       0x0000000000000038       0x39 main82_0.o
 .comment       0x0000000000000038       0x39 interrupt10.o
 .comment       0x0000000000000038       0x39 timer9.o
 .comment       0x0000000000000038       0x39 mini_serialPi1.o
 .comment       0x0000000000000038       0x39 mini_serialAdInt.o
 .comment       0x0000000000000038       0x39 raspGPIO1.o
 .comment       0x0000000000000038       0x38 /usr/lib/arm-none-eabi/newlib//libc.a(lib_a-errno.o)
                                         0x39 (size before relaxing)
 .comment       0x0000000000000070       0x39 /usr/lib/arm-none-eabi/newlib//libc.a(lib_a-impure.o)
 .comment       0x0000000000000070       0x39 /usr/lib/arm-none-eabi/newlib//libc.a(lib_a-printf.o)
 .comment       0x0000000000000070       0x39 /usr/lib/arm-none-eabi/newlib//libc.a(lib_a-puts.o)
 .comment       0x0000000000000070       0x39 /usr/lib/arm-none-eabi/newlib//libc.a(lib_a-strlen.o)
 .comment       0x0000000000000070       0x39 /usr/lib/arm-none-eabi/newlib//libc.a(lib_a-vfprintf.o)
 .comment       0x0000000000000070       0x39 /usr/lib/arm-none-eabi/newlib//libc.a(lib_a-wsetup.o)
 .comment       0x0000000000000070       0x39 /usr/lib/arm-none-eabi/newlib//libc.a(lib_a-dtoa.o)
 .comment       0x0000000000000070       0x39 /usr/lib/arm-none-eabi/newlib//libc.a(lib_a-fflush.o)
 .comment       0x0000000000000070       0x39 /usr/lib/arm-none-eabi/newlib//libc.a(lib_a-findfp.o)
 .comment       0x0000000000000070       0x39 /usr/lib/arm-none-eabi/newlib//libc.a(lib_a-freer.o)
 .comment       0x0000000000000070       0x39 /usr/lib/arm-none-eabi/newlib//libc.a(lib_a-fvwrite.o)
 .comment       0x0000000000000070       0x39 /usr/lib/arm-none-eabi/newlib//libc.a(lib_a-fwalk.o)
 .comment       0x0000000000000070       0x39 /usr/lib/arm-none-eabi/newlib//libc.a(lib_a-locale.o)
 .comment       0x0000000000000070       0x39 /usr/lib/arm-none-eabi/newlib//libc.a(lib_a-makebuf.o)
 .comment       0x0000000000000070       0x39 /usr/lib/arm-none-eabi/newlib//libc.a(lib_a-mallocr.o)
 .comment       0x0000000000000070       0x39 /usr/lib/arm-none-eabi/newlib//libc.a(lib_a-memchr.o)
 .comment       0x0000000000000070       0x39 /usr/lib/arm-none-eabi/newlib//libc.a(lib_a-memcpy.o)
 .comment       0x0000000000000070       0x39 /usr/lib/arm-none-eabi/newlib//libc.a(lib_a-memmove.o)
 .comment       0x0000000000000070       0x39 /usr/lib/arm-none-eabi/newlib//libc.a(lib_a-memset.o)
 .comment       0x0000000000000070       0x39 /usr/lib/arm-none-eabi/newlib//libc.a(lib_a-mlock.o)
 .comment       0x0000000000000070       0x39 /usr/lib/arm-none-eabi/newlib//libc.a(lib_a-mprec.o)
 .comment       0x0000000000000070       0x39 /usr/lib/arm-none-eabi/newlib//libc.a(lib_a-reallocr.o)
 .comment       0x0000000000000070       0x39 /usr/lib/arm-none-eabi/newlib//libc.a(lib_a-s_fpclassify.o)
 .comment       0x0000000000000070       0x39 /usr/lib/arm-none-eabi/newlib//libc.a(lib_a-sbrkr.o)
 .comment       0x0000000000000070       0x39 /usr/lib/arm-none-eabi/newlib//libc.a(lib_a-stdio.o)
 .comment       0x0000000000000070       0x39 /usr/lib/arm-none-eabi/newlib//libc.a(lib_a-vfiprintf.o)
 .comment       0x0000000000000070       0x39 /usr/lib/arm-none-eabi/newlib//libc.a(lib_a-writer.o)
 .comment       0x0000000000000070       0x39 /usr/lib/arm-none-eabi/newlib//libc.a(lib_a-callocr.o)
 .comment       0x0000000000000070       0x39 /usr/lib/arm-none-eabi/newlib//libc.a(lib_a-closer.o)
 .comment       0x0000000000000070       0x39 /usr/lib/arm-none-eabi/newlib//libc.a(lib_a-fclose.o)
 .comment       0x0000000000000070       0x39 /usr/lib/arm-none-eabi/newlib//libc.a(lib_a-fputwc.o)
 .comment       0x0000000000000070       0x39 /usr/lib/arm-none-eabi/newlib//libc.a(lib_a-fstatr.o)
 .comment       0x0000000000000070       0x39 /usr/lib/arm-none-eabi/newlib//libc.a(lib_a-isattyr.o)
 .comment       0x0000000000000070       0x39 /usr/lib/arm-none-eabi/newlib//libc.a(lib_a-lseekr.o)
 .comment       0x0000000000000070       0x39 /usr/lib/arm-none-eabi/newlib//libc.a(lib_a-readr.o)
 .comment       0x0000000000000070       0x39 /usr/lib/arm-none-eabi/newlib//libc.a(lib_a-reent.o)
 .comment       0x0000000000000070       0x39 /usr/lib/arm-none-eabi/newlib//libc.a(lib_a-wbuf.o)
 .comment       0x0000000000000070       0x39 /usr/lib/arm-none-eabi/newlib//libc.a(lib_a-wcrtomb.o)
 .comment       0x0000000000000070       0x39 /usr/lib/arm-none-eabi/newlib//libc.a(lib_a-wctomb_r.o)
 .comment       0x0000000000000070       0x39 /usr/lib/gcc/arm-none-eabi/4.8.2//libgcc.a(bpabi.o)
 .comment       0x0000000000000070       0x39 /usr/lib/gcc/arm-none-eabi/4.8.2//libgcc.a(_divdi3.o)
 .comment       0x0000000000000070       0x39 /usr/lib/gcc/arm-none-eabi/4.8.2//libgcc.a(_udivdi3.o)

.debug_line     0x0000000000000000     0x6a75
 .debug_line    0x0000000000000000       0x5f startup01.o
 .debug_line    0x000000000000005f       0x69 startupadd.o
 .debug_line    0x00000000000000c8      0x12b syscalls.o
 .debug_line    0x00000000000001f3       0x94 led10.o
 .debug_line    0x0000000000000287      0x108 main82_0.o
 .debug_line    0x000000000000038f       0xd4 interrupt10.o
 .debug_line    0x0000000000000463       0xd6 timer9.o
 .debug_line    0x0000000000000539       0xa6 mini_serialPi1.o
 .debug_line    0x00000000000005df      0x135 mini_serialAdInt.o
 .debug_line    0x0000000000000714       0x9f raspGPIO1.o
 .debug_line    0x00000000000007b3      0x109 /usr/lib/arm-none-eabi/newlib//libc.a(lib_a-errno.o)
 .debug_line    0x00000000000008bc       0xee /usr/lib/arm-none-eabi/newlib//libc.a(lib_a-impure.o)
 .debug_line    0x00000000000009aa      0x188 /usr/lib/arm-none-eabi/newlib//libc.a(lib_a-printf.o)
 .debug_line    0x0000000000000b32      0x1ab /usr/lib/arm-none-eabi/newlib//libc.a(lib_a-puts.o)
 .debug_line    0x0000000000000cdd       0xef /usr/lib/arm-none-eabi/newlib//libc.a(lib_a-strlen.o)
 .debug_line    0x0000000000000dcc      0x9d6 /usr/lib/arm-none-eabi/newlib//libc.a(lib_a-vfprintf.o)
 .debug_line    0x00000000000017a2      0x1d6 /usr/lib/arm-none-eabi/newlib//libc.a(lib_a-wsetup.o)
 .debug_line    0x0000000000001978      0x689 /usr/lib/arm-none-eabi/newlib//libc.a(lib_a-dtoa.o)
 .debug_line    0x0000000000002001      0x25e /usr/lib/arm-none-eabi/newlib//libc.a(lib_a-fflush.o)
 .debug_line    0x000000000000225f      0x320 /usr/lib/arm-none-eabi/newlib//libc.a(lib_a-findfp.o)
 .debug_line    0x000000000000257f      0x261 /usr/lib/arm-none-eabi/newlib//libc.a(lib_a-freer.o)
 .debug_line    0x00000000000027e0      0x2a8 /usr/lib/arm-none-eabi/newlib//libc.a(lib_a-fvwrite.o)
 .debug_line    0x0000000000002a88      0x1a0 /usr/lib/arm-none-eabi/newlib//libc.a(lib_a-fwalk.o)
 .debug_line    0x0000000000002c28      0x207 /usr/lib/arm-none-eabi/newlib//libc.a(lib_a-locale.o)
 .debug_line    0x0000000000002e2f      0x1df /usr/lib/arm-none-eabi/newlib//libc.a(lib_a-makebuf.o)
 .debug_line    0x000000000000300e      0x34d /usr/lib/arm-none-eabi/newlib//libc.a(lib_a-mallocr.o)
 .debug_line    0x000000000000335b      0x11c /usr/lib/arm-none-eabi/newlib//libc.a(lib_a-memchr.o)
 .debug_line    0x0000000000003477      0x119 /usr/lib/arm-none-eabi/newlib//libc.a(lib_a-memcpy.o)
 .debug_line    0x0000000000003590      0x127 /usr/lib/arm-none-eabi/newlib//libc.a(lib_a-memmove.o)
 .debug_line    0x00000000000036b7      0x11a /usr/lib/arm-none-eabi/newlib//libc.a(lib_a-memset.o)
 .debug_line    0x00000000000037d1      0x10c /usr/lib/arm-none-eabi/newlib//libc.a(lib_a-mlock.o)
 .debug_line    0x00000000000038dd      0x6d9 /usr/lib/arm-none-eabi/newlib//libc.a(lib_a-mprec.o)
 .debug_line    0x0000000000003fb6      0x258 /usr/lib/arm-none-eabi/newlib//libc.a(lib_a-reallocr.o)
 .debug_line    0x000000000000420e      0x12a /usr/lib/arm-none-eabi/newlib//libc.a(lib_a-s_fpclassify.o)
 .debug_line    0x0000000000004338      0x166 /usr/lib/arm-none-eabi/newlib//libc.a(lib_a-sbrkr.o)
 .debug_line    0x000000000000449e      0x1cb /usr/lib/arm-none-eabi/newlib//libc.a(lib_a-stdio.o)
 .debug_line    0x0000000000004669       0xf9 /usr/lib/arm-none-eabi/newlib//libc.a(lib_a-strcmp.o)
 .debug_line    0x0000000000004762      0x74c /usr/lib/arm-none-eabi/newlib//libc.a(lib_a-vfiprintf.o)
 .debug_line    0x0000000000004eae      0x166 /usr/lib/arm-none-eabi/newlib//libc.a(lib_a-writer.o)
 .debug_line    0x0000000000005014      0x12d /usr/lib/arm-none-eabi/newlib//libc.a(lib_a-callocr.o)
 .debug_line    0x0000000000005141      0x164 /usr/lib/arm-none-eabi/newlib//libc.a(lib_a-closer.o)
 .debug_line    0x00000000000052a5      0x1b6 /usr/lib/arm-none-eabi/newlib//libc.a(lib_a-fclose.o)
 .debug_line    0x000000000000545b      0x1e9 /usr/lib/arm-none-eabi/newlib//libc.a(lib_a-fputwc.o)
 .debug_line    0x0000000000005644      0x179 /usr/lib/arm-none-eabi/newlib//libc.a(lib_a-fstatr.o)
 .debug_line    0x00000000000057bd      0x165 /usr/lib/arm-none-eabi/newlib//libc.a(lib_a-isattyr.o)
 .debug_line    0x0000000000005922      0x166 /usr/lib/arm-none-eabi/newlib//libc.a(lib_a-lseekr.o)
 .debug_line    0x0000000000005a88      0x165 /usr/lib/arm-none-eabi/newlib//libc.a(lib_a-readr.o)
 .debug_line    0x0000000000005bed      0x19b /usr/lib/arm-none-eabi/newlib//libc.a(lib_a-reent.o)
 .debug_line    0x0000000000005d88      0x1cd /usr/lib/arm-none-eabi/newlib//libc.a(lib_a-wbuf.o)
 .debug_line    0x0000000000005f55      0x19a /usr/lib/arm-none-eabi/newlib//libc.a(lib_a-wcrtomb.o)
 .debug_line    0x00000000000060ef      0x189 /usr/lib/arm-none-eabi/newlib//libc.a(lib_a-wctomb_r.o)
 .debug_line    0x0000000000006278       0x78 /usr/lib/gcc/arm-none-eabi/4.8.2//libgcc.a(_udivsi3.o)
 .debug_line    0x00000000000062f0       0x84 /usr/lib/gcc/arm-none-eabi/4.8.2//libgcc.a(_divsi3.o)
 .debug_line    0x0000000000006374       0x5b /usr/lib/gcc/arm-none-eabi/4.8.2//libgcc.a(_dvmd_tls.o)
 .debug_line    0x00000000000063cf      0x15e /usr/lib/gcc/arm-none-eabi/4.8.2//libgcc.a(_arm_addsubdf3.o)
 .debug_line    0x000000000000652d      0x17a /usr/lib/gcc/arm-none-eabi/4.8.2//libgcc.a(_arm_muldivdf3.o)
 .debug_line    0x00000000000066a7       0xa8 /usr/lib/gcc/arm-none-eabi/4.8.2//libgcc.a(_arm_cmpdf2.o)
 .debug_line    0x000000000000674f       0x72 /usr/lib/gcc/arm-none-eabi/4.8.2//libgcc.a(_arm_fixdfsi.o)
 .debug_line    0x00000000000067c1       0x5e /usr/lib/gcc/arm-none-eabi/4.8.2//libgcc.a(_aeabi_uldivmod.o)
 .debug_line    0x000000000000681f       0x5f /usr/lib/gcc/arm-none-eabi/4.8.2//libgcc.a(bpabi.o)
 .debug_line    0x000000000000687e       0x98 /usr/lib/gcc/arm-none-eabi/4.8.2//libgcc.a(_divdi3.o)
 .debug_line    0x0000000000006916       0x92 /usr/lib/gcc/arm-none-eabi/4.8.2//libgcc.a(_udivdi3.o)
 .debug_line    0x00000000000069a8       0x65 /usr/lib/gcc/arm-none-eabi/4.8.2//libgcc.a(_clzdi2.o)
 .debug_line    0x0000000000006a0d       0x68 /usr/lib/gcc/arm-none-eabi/4.8.2//libgcc.a(_clzsi2.o)

.debug_info     0x0000000000000000    0x1cde1
 .debug_info    0x0000000000000000       0x66 startup01.o
 .debug_info    0x0000000000000066       0x67 startupadd.o
 .debug_info    0x00000000000000cd      0x6c1 syscalls.o
 .debug_info    0x000000000000078e      0x42b led10.o
 .debug_info    0x0000000000000bb9      0x5ec main82_0.o
 .debug_info    0x00000000000011a5      0x43d interrupt10.o
 .debug_info    0x00000000000015e2      0x40c timer9.o
 .debug_info    0x00000000000019ee      0x593 mini_serialPi1.o
 .debug_info    0x0000000000001f81      0x877 mini_serialAdInt.o
 .debug_info    0x00000000000027f8      0x526 raspGPIO1.o
 .debug_info    0x0000000000002d1e      0x889 /usr/lib/arm-none-eabi/newlib//libc.a(lib_a-errno.o)
 .debug_info    0x00000000000035a7      0x894 /usr/lib/arm-none-eabi/newlib//libc.a(lib_a-impure.o)
 .debug_info    0x0000000000003e3b      0x9ab /usr/lib/arm-none-eabi/newlib//libc.a(lib_a-printf.o)
 .debug_info    0x00000000000047e6      0xa52 /usr/lib/arm-none-eabi/newlib//libc.a(lib_a-puts.o)
 .debug_info    0x0000000000005238       0xb5 /usr/lib/arm-none-eabi/newlib//libc.a(lib_a-strlen.o)
 .debug_info    0x00000000000052ed     0x18db /usr/lib/arm-none-eabi/newlib//libc.a(lib_a-vfprintf.o)
 .debug_info    0x0000000000006bc8      0x93b /usr/lib/arm-none-eabi/newlib//libc.a(lib_a-wsetup.o)
 .debug_info    0x0000000000007503     0x1360 /usr/lib/arm-none-eabi/newlib//libc.a(lib_a-dtoa.o)
 .debug_info    0x0000000000008863      0xaba /usr/lib/arm-none-eabi/newlib//libc.a(lib_a-fflush.o)
 .debug_info    0x000000000000931d      0xdc8 /usr/lib/arm-none-eabi/newlib//libc.a(lib_a-findfp.o)
 .debug_info    0x000000000000a0e5      0xc1a /usr/lib/arm-none-eabi/newlib//libc.a(lib_a-freer.o)
 .debug_info    0x000000000000acff      0xc3f /usr/lib/arm-none-eabi/newlib//libc.a(lib_a-fvwrite.o)
 .debug_info    0x000000000000b93e      0x99e /usr/lib/arm-none-eabi/newlib//libc.a(lib_a-fwalk.o)
 .debug_info    0x000000000000c2dc      0xc24 /usr/lib/arm-none-eabi/newlib//libc.a(lib_a-locale.o)
 .debug_info    0x000000000000cf00      0xae6 /usr/lib/arm-none-eabi/newlib//libc.a(lib_a-makebuf.o)
 .debug_info    0x000000000000d9e6      0xd72 /usr/lib/arm-none-eabi/newlib//libc.a(lib_a-mallocr.o)
 .debug_info    0x000000000000e758      0x129 /usr/lib/arm-none-eabi/newlib//libc.a(lib_a-memchr.o)
 .debug_info    0x000000000000e881      0x131 /usr/lib/arm-none-eabi/newlib//libc.a(lib_a-memcpy.o)
 .debug_info    0x000000000000e9b2      0x131 /usr/lib/arm-none-eabi/newlib//libc.a(lib_a-memmove.o)
 .debug_info    0x000000000000eae3      0x117 /usr/lib/arm-none-eabi/newlib//libc.a(lib_a-memset.o)
 .debug_info    0x000000000000ebfa      0x8b4 /usr/lib/arm-none-eabi/newlib//libc.a(lib_a-mlock.o)
 .debug_info    0x000000000000f4ae     0x168c /usr/lib/arm-none-eabi/newlib//libc.a(lib_a-mprec.o)
 .debug_info    0x0000000000010b3a      0xcce /usr/lib/arm-none-eabi/newlib//libc.a(lib_a-reallocr.o)
 .debug_info    0x0000000000011808       0xd3 /usr/lib/arm-none-eabi/newlib//libc.a(lib_a-s_fpclassify.o)
 .debug_info    0x00000000000118db      0x8f4 /usr/lib/arm-none-eabi/newlib//libc.a(lib_a-sbrkr.o)
 .debug_info    0x00000000000121cf      0xb89 /usr/lib/arm-none-eabi/newlib//libc.a(lib_a-stdio.o)
 .debug_info    0x0000000000012d58       0xc1 /usr/lib/arm-none-eabi/newlib//libc.a(lib_a-strcmp.o)
 .debug_info    0x0000000000012e19     0x153d /usr/lib/arm-none-eabi/newlib//libc.a(lib_a-vfiprintf.o)
 .debug_info    0x0000000000014356      0x929 /usr/lib/arm-none-eabi/newlib//libc.a(lib_a-writer.o)
 .debug_info    0x0000000000014c7f      0x9e0 /usr/lib/arm-none-eabi/newlib//libc.a(lib_a-callocr.o)
 .debug_info    0x000000000001565f      0x8e0 /usr/lib/arm-none-eabi/newlib//libc.a(lib_a-closer.o)
 .debug_info    0x0000000000015f3f      0xa28 /usr/lib/arm-none-eabi/newlib//libc.a(lib_a-fclose.o)
 .debug_info    0x0000000000016967      0xabb /usr/lib/arm-none-eabi/newlib//libc.a(lib_a-fputwc.o)
 .debug_info    0x0000000000017422      0xa5e /usr/lib/arm-none-eabi/newlib//libc.a(lib_a-fstatr.o)
 .debug_info    0x0000000000017e80      0x8e0 /usr/lib/arm-none-eabi/newlib//libc.a(lib_a-isattyr.o)
 .debug_info    0x0000000000018760      0x90c /usr/lib/arm-none-eabi/newlib//libc.a(lib_a-lseekr.o)
 .debug_info    0x000000000001906c      0x922 /usr/lib/arm-none-eabi/newlib//libc.a(lib_a-readr.o)
 .debug_info    0x000000000001998e      0x9f9 /usr/lib/arm-none-eabi/newlib//libc.a(lib_a-reent.o)
 .debug_info    0x000000000001a387      0x9cc /usr/lib/arm-none-eabi/newlib//libc.a(lib_a-wbuf.o)
 .debug_info    0x000000000001ad53      0xa77 /usr/lib/arm-none-eabi/newlib//libc.a(lib_a-wcrtomb.o)
 .debug_info    0x000000000001b7ca      0x9b7 /usr/lib/arm-none-eabi/newlib//libc.a(lib_a-wctomb_r.o)
 .debug_info    0x000000000001c181       0xae /usr/lib/gcc/arm-none-eabi/4.8.2//libgcc.a(_udivsi3.o)
 .debug_info    0x000000000001c22f       0xae /usr/lib/gcc/arm-none-eabi/4.8.2//libgcc.a(_divsi3.o)
 .debug_info    0x000000000001c2dd       0xae /usr/lib/gcc/arm-none-eabi/4.8.2//libgcc.a(_dvmd_tls.o)
 .debug_info    0x000000000001c38b       0xaf /usr/lib/gcc/arm-none-eabi/4.8.2//libgcc.a(_arm_addsubdf3.o)
 .debug_info    0x000000000001c43a       0xaf /usr/lib/gcc/arm-none-eabi/4.8.2//libgcc.a(_arm_muldivdf3.o)
 .debug_info    0x000000000001c4e9       0xaf /usr/lib/gcc/arm-none-eabi/4.8.2//libgcc.a(_arm_cmpdf2.o)
 .debug_info    0x000000000001c598       0xaf /usr/lib/gcc/arm-none-eabi/4.8.2//libgcc.a(_arm_fixdfsi.o)
 .debug_info    0x000000000001c647       0xaa /usr/lib/gcc/arm-none-eabi/4.8.2//libgcc.a(_aeabi_uldivmod.o)
 .debug_info    0x000000000001c6f1      0x164 /usr/lib/gcc/arm-none-eabi/4.8.2//libgcc.a(bpabi.o)
 .debug_info    0x000000000001c855      0x269 /usr/lib/gcc/arm-none-eabi/4.8.2//libgcc.a(_divdi3.o)
 .debug_info    0x000000000001cabe      0x1c7 /usr/lib/gcc/arm-none-eabi/4.8.2//libgcc.a(_udivdi3.o)
 .debug_info    0x000000000001cc85       0xae /usr/lib/gcc/arm-none-eabi/4.8.2//libgcc.a(_clzdi2.o)
 .debug_info    0x000000000001cd33       0xae /usr/lib/gcc/arm-none-eabi/4.8.2//libgcc.a(_clzsi2.o)

.debug_abbrev   0x0000000000000000     0x65b9
 .debug_abbrev  0x0000000000000000       0x14 startup01.o
 .debug_abbrev  0x0000000000000014       0x14 startupadd.o
 .debug_abbrev  0x0000000000000028      0x1bb syscalls.o
 .debug_abbrev  0x00000000000001e3      0x160 led10.o
 .debug_abbrev  0x0000000000000343      0x231 main82_0.o
 .debug_abbrev  0x0000000000000574      0x17e interrupt10.o
 .debug_abbrev  0x00000000000006f2      0x278 timer9.o
 .debug_abbrev  0x000000000000096a      0x161 mini_serialPi1.o
 .debug_abbrev  0x0000000000000acb      0x29c mini_serialAdInt.o
 .debug_abbrev  0x0000000000000d67      0x1a9 raspGPIO1.o
 .debug_abbrev  0x0000000000000f10      0x18f /usr/lib/arm-none-eabi/newlib//libc.a(lib_a-errno.o)
 .debug_abbrev  0x000000000000109f      0x180 /usr/lib/arm-none-eabi/newlib//libc.a(lib_a-impure.o)
 .debug_abbrev  0x000000000000121f      0x227 /usr/lib/arm-none-eabi/newlib//libc.a(lib_a-printf.o)
 .debug_abbrev  0x0000000000001446      0x25e /usr/lib/arm-none-eabi/newlib//libc.a(lib_a-puts.o)
 .debug_abbrev  0x00000000000016a4       0x70 /usr/lib/arm-none-eabi/newlib//libc.a(lib_a-strlen.o)
 .debug_abbrev  0x0000000000001714      0x3e0 /usr/lib/arm-none-eabi/newlib//libc.a(lib_a-vfprintf.o)
 .debug_abbrev  0x0000000000001af4      0x20b /usr/lib/arm-none-eabi/newlib//libc.a(lib_a-wsetup.o)
 .debug_abbrev  0x0000000000001cff      0x2da /usr/lib/arm-none-eabi/newlib//libc.a(lib_a-dtoa.o)
 .debug_abbrev  0x0000000000001fd9      0x2ab /usr/lib/arm-none-eabi/newlib//libc.a(lib_a-fflush.o)
 .debug_abbrev  0x0000000000002284      0x36a /usr/lib/arm-none-eabi/newlib//libc.a(lib_a-findfp.o)
 .debug_abbrev  0x00000000000025ee      0x26b /usr/lib/arm-none-eabi/newlib//libc.a(lib_a-freer.o)
 .debug_abbrev  0x0000000000002859      0x247 /usr/lib/arm-none-eabi/newlib//libc.a(lib_a-fvwrite.o)
 .debug_abbrev  0x0000000000002aa0      0x1c2 /usr/lib/arm-none-eabi/newlib//libc.a(lib_a-fwalk.o)
 .debug_abbrev  0x0000000000002c62      0x2ac /usr/lib/arm-none-eabi/newlib//libc.a(lib_a-locale.o)
 .debug_abbrev  0x0000000000002f0e      0x206 /usr/lib/arm-none-eabi/newlib//libc.a(lib_a-makebuf.o)
 .debug_abbrev  0x0000000000003114      0x2b4 /usr/lib/arm-none-eabi/newlib//libc.a(lib_a-mallocr.o)
 .debug_abbrev  0x00000000000033c8       0xba /usr/lib/arm-none-eabi/newlib//libc.a(lib_a-memchr.o)
 .debug_abbrev  0x0000000000003482       0xab /usr/lib/arm-none-eabi/newlib//libc.a(lib_a-memcpy.o)
 .debug_abbrev  0x000000000000352d       0xab /usr/lib/arm-none-eabi/newlib//libc.a(lib_a-memmove.o)
 .debug_abbrev  0x00000000000035d8       0x9f /usr/lib/arm-none-eabi/newlib//libc.a(lib_a-memset.o)
 .debug_abbrev  0x0000000000003677      0x19a /usr/lib/arm-none-eabi/newlib//libc.a(lib_a-mlock.o)
 .debug_abbrev  0x0000000000003811      0x3bd /usr/lib/arm-none-eabi/newlib//libc.a(lib_a-mprec.o)
 .debug_abbrev  0x0000000000003bce      0x25b /usr/lib/arm-none-eabi/newlib//libc.a(lib_a-reallocr.o)
 .debug_abbrev  0x0000000000003e29       0x6d /usr/lib/arm-none-eabi/newlib//libc.a(lib_a-s_fpclassify.o)
 .debug_abbrev  0x0000000000003e96      0x1fd /usr/lib/arm-none-eabi/newlib//libc.a(lib_a-sbrkr.o)
 .debug_abbrev  0x0000000000004093      0x22b /usr/lib/arm-none-eabi/newlib//libc.a(lib_a-stdio.o)
 .debug_abbrev  0x00000000000042be       0x14 /usr/lib/arm-none-eabi/newlib//libc.a(lib_a-strcmp.o)
 .debug_abbrev  0x00000000000042d2      0x3c9 /usr/lib/arm-none-eabi/newlib//libc.a(lib_a-vfiprintf.o)
 .debug_abbrev  0x000000000000469b      0x1f4 /usr/lib/arm-none-eabi/newlib//libc.a(lib_a-writer.o)
 .debug_abbrev  0x000000000000488f      0x213 /usr/lib/arm-none-eabi/newlib//libc.a(lib_a-callocr.o)
 .debug_abbrev  0x0000000000004aa2      0x1ef /usr/lib/arm-none-eabi/newlib//libc.a(lib_a-closer.o)
 .debug_abbrev  0x0000000000004c91      0x2aa /usr/lib/arm-none-eabi/newlib//libc.a(lib_a-fclose.o)
 .debug_abbrev  0x0000000000004f3b      0x26e /usr/lib/arm-none-eabi/newlib//libc.a(lib_a-fputwc.o)
 .debug_abbrev  0x00000000000051a9      0x1fe /usr/lib/arm-none-eabi/newlib//libc.a(lib_a-fstatr.o)
 .debug_abbrev  0x00000000000053a7      0x1ef /usr/lib/arm-none-eabi/newlib//libc.a(lib_a-isattyr.o)
 .debug_abbrev  0x0000000000005596      0x1fe /usr/lib/arm-none-eabi/newlib//libc.a(lib_a-lseekr.o)
 .debug_abbrev  0x0000000000005794      0x1ef /usr/lib/arm-none-eabi/newlib//libc.a(lib_a-readr.o)
 .debug_abbrev  0x0000000000005983      0x25c /usr/lib/arm-none-eabi/newlib//libc.a(lib_a-reent.o)
 .debug_abbrev  0x0000000000005bdf      0x25b /usr/lib/arm-none-eabi/newlib//libc.a(lib_a-wbuf.o)
 .debug_abbrev  0x0000000000005e3a      0x213 /usr/lib/arm-none-eabi/newlib//libc.a(lib_a-wcrtomb.o)
 .debug_abbrev  0x000000000000604d      0x203 /usr/lib/arm-none-eabi/newlib//libc.a(lib_a-wctomb_r.o)
 .debug_abbrev  0x0000000000006250       0x14 /usr/lib/gcc/arm-none-eabi/4.8.2//libgcc.a(_udivsi3.o)
 .debug_abbrev  0x0000000000006264       0x14 /usr/lib/gcc/arm-none-eabi/4.8.2//libgcc.a(_divsi3.o)
 .debug_abbrev  0x0000000000006278       0x14 /usr/lib/gcc/arm-none-eabi/4.8.2//libgcc.a(_dvmd_tls.o)
 .debug_abbrev  0x000000000000628c       0x14 /usr/lib/gcc/arm-none-eabi/4.8.2//libgcc.a(_arm_addsubdf3.o)
 .debug_abbrev  0x00000000000062a0       0x14 /usr/lib/gcc/arm-none-eabi/4.8.2//libgcc.a(_arm_muldivdf3.o)
 .debug_abbrev  0x00000000000062b4       0x14 /usr/lib/gcc/arm-none-eabi/4.8.2//libgcc.a(_arm_cmpdf2.o)
 .debug_abbrev  0x00000000000062c8       0x14 /usr/lib/gcc/arm-none-eabi/4.8.2//libgcc.a(_arm_fixdfsi.o)
 .debug_abbrev  0x00000000000062dc       0x14 /usr/lib/gcc/arm-none-eabi/4.8.2//libgcc.a(_aeabi_uldivmod.o)
 .debug_abbrev  0x00000000000062f0       0xb7 /usr/lib/gcc/arm-none-eabi/4.8.2//libgcc.a(bpabi.o)
 .debug_abbrev  0x00000000000063a7      0x123 /usr/lib/gcc/arm-none-eabi/4.8.2//libgcc.a(_divdi3.o)
 .debug_abbrev  0x00000000000064ca       0xc7 /usr/lib/gcc/arm-none-eabi/4.8.2//libgcc.a(_udivdi3.o)
 .debug_abbrev  0x0000000000006591       0x14 /usr/lib/gcc/arm-none-eabi/4.8.2//libgcc.a(_clzdi2.o)
 .debug_abbrev  0x00000000000065a5       0x14 /usr/lib/gcc/arm-none-eabi/4.8.2//libgcc.a(_clzsi2.o)

.debug_aranges  0x0000000000000000      0x9f8
 .debug_aranges
                0x0000000000000000       0x20 startup01.o
 .debug_aranges
                0x0000000000000020       0x20 startupadd.o
 .debug_aranges
                0x0000000000000040       0x20 syscalls.o
 .debug_aranges
                0x0000000000000060       0x20 led10.o
 .debug_aranges
                0x0000000000000080       0x28 main82_0.o
 .debug_aranges
                0x00000000000000a8       0x20 interrupt10.o
 .debug_aranges
                0x00000000000000c8       0x20 timer9.o
 .debug_aranges
                0x00000000000000e8       0x20 mini_serialPi1.o
 .debug_aranges
                0x0000000000000108       0x20 mini_serialAdInt.o
 .debug_aranges
                0x0000000000000128       0x20 raspGPIO1.o
 .debug_aranges
                0x0000000000000148       0x20 /usr/lib/arm-none-eabi/newlib//libc.a(lib_a-errno.o)
 .debug_aranges
                0x0000000000000168       0x18 /usr/lib/arm-none-eabi/newlib//libc.a(lib_a-impure.o)
 .debug_aranges
                0x0000000000000180       0x28 /usr/lib/arm-none-eabi/newlib//libc.a(lib_a-printf.o)
 .debug_aranges
                0x00000000000001a8       0x28 /usr/lib/arm-none-eabi/newlib//libc.a(lib_a-puts.o)
 .debug_aranges
                0x00000000000001d0       0x20 /usr/lib/arm-none-eabi/newlib//libc.a(lib_a-strlen.o)
 .debug_aranges
                0x00000000000001f0       0x30 /usr/lib/arm-none-eabi/newlib//libc.a(lib_a-vfprintf.o)
 .debug_aranges
                0x0000000000000220       0x20 /usr/lib/arm-none-eabi/newlib//libc.a(lib_a-wsetup.o)
 .debug_aranges
                0x0000000000000240       0x28 /usr/lib/arm-none-eabi/newlib//libc.a(lib_a-dtoa.o)
 .debug_aranges
                0x0000000000000268       0x30 /usr/lib/arm-none-eabi/newlib//libc.a(lib_a-fflush.o)
 .debug_aranges
                0x0000000000000298       0x88 /usr/lib/arm-none-eabi/newlib//libc.a(lib_a-findfp.o)
 .debug_aranges
                0x0000000000000320       0x28 /usr/lib/arm-none-eabi/newlib//libc.a(lib_a-freer.o)
 .debug_aranges
                0x0000000000000348       0x20 /usr/lib/arm-none-eabi/newlib//libc.a(lib_a-fvwrite.o)
 .debug_aranges
                0x0000000000000368       0x28 /usr/lib/arm-none-eabi/newlib//libc.a(lib_a-fwalk.o)
 .debug_aranges
                0x0000000000000390       0x58 /usr/lib/arm-none-eabi/newlib//libc.a(lib_a-locale.o)
 .debug_aranges
                0x00000000000003e8       0x20 /usr/lib/arm-none-eabi/newlib//libc.a(lib_a-makebuf.o)
 .debug_aranges
                0x0000000000000408       0x20 /usr/lib/arm-none-eabi/newlib//libc.a(lib_a-mallocr.o)
 .debug_aranges
                0x0000000000000428       0x20 /usr/lib/arm-none-eabi/newlib//libc.a(lib_a-memchr.o)
 .debug_aranges
                0x0000000000000448       0x20 /usr/lib/arm-none-eabi/newlib//libc.a(lib_a-memcpy.o)
 .debug_aranges
                0x0000000000000468       0x20 /usr/lib/arm-none-eabi/newlib//libc.a(lib_a-memmove.o)
 .debug_aranges
                0x0000000000000488       0x20 /usr/lib/arm-none-eabi/newlib//libc.a(lib_a-memset.o)
 .debug_aranges
                0x00000000000004a8       0x28 /usr/lib/arm-none-eabi/newlib//libc.a(lib_a-mlock.o)
 .debug_aranges
                0x00000000000004d0       0xb0 /usr/lib/arm-none-eabi/newlib//libc.a(lib_a-mprec.o)
 .debug_aranges
                0x0000000000000580       0x20 /usr/lib/arm-none-eabi/newlib//libc.a(lib_a-reallocr.o)
 .debug_aranges
                0x00000000000005a0       0x20 /usr/lib/arm-none-eabi/newlib//libc.a(lib_a-s_fpclassify.o)
 .debug_aranges
                0x00000000000005c0       0x20 /usr/lib/arm-none-eabi/newlib//libc.a(lib_a-sbrkr.o)
 .debug_aranges
                0x00000000000005e0       0x40 /usr/lib/arm-none-eabi/newlib//libc.a(lib_a-stdio.o)
 .debug_aranges
                0x0000000000000620       0x20 /usr/lib/arm-none-eabi/newlib//libc.a(lib_a-strcmp.o)
 .debug_aranges
                0x0000000000000640       0x40 /usr/lib/arm-none-eabi/newlib//libc.a(lib_a-vfiprintf.o)
 .debug_aranges
                0x0000000000000680       0x20 /usr/lib/arm-none-eabi/newlib//libc.a(lib_a-writer.o)
 .debug_aranges
                0x00000000000006a0       0x20 /usr/lib/arm-none-eabi/newlib//libc.a(lib_a-callocr.o)
 .debug_aranges
                0x00000000000006c0       0x20 /usr/lib/arm-none-eabi/newlib//libc.a(lib_a-closer.o)
 .debug_aranges
                0x00000000000006e0       0x28 /usr/lib/arm-none-eabi/newlib//libc.a(lib_a-fclose.o)
 .debug_aranges
                0x0000000000000708       0x30 /usr/lib/arm-none-eabi/newlib//libc.a(lib_a-fputwc.o)
 .debug_aranges
                0x0000000000000738       0x20 /usr/lib/arm-none-eabi/newlib//libc.a(lib_a-fstatr.o)
 .debug_aranges
                0x0000000000000758       0x20 /usr/lib/arm-none-eabi/newlib//libc.a(lib_a-isattyr.o)
 .debug_aranges
                0x0000000000000778       0x20 /usr/lib/arm-none-eabi/newlib//libc.a(lib_a-lseekr.o)
 .debug_aranges
                0x0000000000000798       0x20 /usr/lib/arm-none-eabi/newlib//libc.a(lib_a-readr.o)
 .debug_aranges
                0x00000000000007b8       0x28 /usr/lib/arm-none-eabi/newlib//libc.a(lib_a-reent.o)
 .debug_aranges
                0x00000000000007e0       0x28 /usr/lib/arm-none-eabi/newlib//libc.a(lib_a-wbuf.o)
 .debug_aranges
                0x0000000000000808       0x28 /usr/lib/arm-none-eabi/newlib//libc.a(lib_a-wcrtomb.o)
 .debug_aranges
                0x0000000000000830       0x28 /usr/lib/arm-none-eabi/newlib//libc.a(lib_a-wctomb_r.o)
 .debug_aranges
                0x0000000000000858       0x20 /usr/lib/gcc/arm-none-eabi/4.8.2//libgcc.a(_udivsi3.o)
 .debug_aranges
                0x0000000000000878       0x20 /usr/lib/gcc/arm-none-eabi/4.8.2//libgcc.a(_divsi3.o)
 .debug_aranges
                0x0000000000000898       0x20 /usr/lib/gcc/arm-none-eabi/4.8.2//libgcc.a(_dvmd_tls.o)
 .debug_aranges
                0x00000000000008b8       0x20 /usr/lib/gcc/arm-none-eabi/4.8.2//libgcc.a(_arm_addsubdf3.o)
 .debug_aranges
                0x00000000000008d8       0x20 /usr/lib/gcc/arm-none-eabi/4.8.2//libgcc.a(_arm_muldivdf3.o)
 .debug_aranges
                0x00000000000008f8       0x20 /usr/lib/gcc/arm-none-eabi/4.8.2//libgcc.a(_arm_cmpdf2.o)
 .debug_aranges
                0x0000000000000918       0x20 /usr/lib/gcc/arm-none-eabi/4.8.2//libgcc.a(_arm_fixdfsi.o)
 .debug_aranges
                0x0000000000000938       0x20 /usr/lib/gcc/arm-none-eabi/4.8.2//libgcc.a(_aeabi_uldivmod.o)
 .debug_aranges
                0x0000000000000958       0x20 /usr/lib/gcc/arm-none-eabi/4.8.2//libgcc.a(bpabi.o)
 .debug_aranges
                0x0000000000000978       0x20 /usr/lib/gcc/arm-none-eabi/4.8.2//libgcc.a(_divdi3.o)
 .debug_aranges
                0x0000000000000998       0x20 /usr/lib/gcc/arm-none-eabi/4.8.2//libgcc.a(_udivdi3.o)
 .debug_aranges
                0x00000000000009b8       0x20 /usr/lib/gcc/arm-none-eabi/4.8.2//libgcc.a(_clzdi2.o)
 .debug_aranges
                0x00000000000009d8       0x20 /usr/lib/gcc/arm-none-eabi/4.8.2//libgcc.a(_clzsi2.o)

.debug_loc      0x0000000000000000     0xeee2
 .debug_loc     0x0000000000000000      0x2bb syscalls.o
 .debug_loc     0x00000000000002bb      0x10b led10.o
 .debug_loc     0x00000000000003c6       0xfc main82_0.o
 .debug_loc     0x00000000000004c2       0x80 interrupt10.o
 .debug_loc     0x0000000000000542       0xad timer9.o
 .debug_loc     0x00000000000005ef      0x121 mini_serialPi1.o
 .debug_loc     0x0000000000000710      0x203 mini_serialAdInt.o
 .debug_loc     0x0000000000000913      0x1ba raspGPIO1.o
 .debug_loc     0x0000000000000acd       0x34 /usr/lib/arm-none-eabi/newlib//libc.a(lib_a-printf.o)
 .debug_loc     0x0000000000000b01      0x129 /usr/lib/arm-none-eabi/newlib//libc.a(lib_a-puts.o)
 .debug_loc     0x0000000000000c2a       0x21 /usr/lib/arm-none-eabi/newlib//libc.a(lib_a-strlen.o)
 .debug_loc     0x0000000000000c4b     0x255b /usr/lib/arm-none-eabi/newlib//libc.a(lib_a-vfprintf.o)
 .debug_loc     0x00000000000031a6       0xd4 /usr/lib/arm-none-eabi/newlib//libc.a(lib_a-wsetup.o)
 .debug_loc     0x000000000000327a     0x2caa /usr/lib/arm-none-eabi/newlib//libc.a(lib_a-dtoa.o)
 .debug_loc     0x0000000000005f24      0x31b /usr/lib/arm-none-eabi/newlib//libc.a(lib_a-fflush.o)
 .debug_loc     0x000000000000623f      0x234 /usr/lib/arm-none-eabi/newlib//libc.a(lib_a-findfp.o)
 .debug_loc     0x0000000000006473      0x4c4 /usr/lib/arm-none-eabi/newlib//libc.a(lib_a-freer.o)
 .debug_loc     0x0000000000006937      0x640 /usr/lib/arm-none-eabi/newlib//libc.a(lib_a-fvwrite.o)